<html>
<body>
<pre>
<h1>µVision Build Log</h1>
<h2>Tool Versions:</h2>
IDE-Version: ¦ÌVision V5.39.0.0
Copyright (C) 2023 ARM Ltd and ARM Germany GmbH. All rights reserved.
License Information: 1 1785178113@qq.com, 1, LIC=76F5U-S69RC-56NQ2-9YXT3-71GVC-3FPJ6
 
Tool Versions:
Toolchain:       MDK-ARM Plus  Version: 5.39.0.0
Toolchain Path:  D:\keil5\down\ARM\ARMCC\Bin
C Compiler:      Armcc.exe V5.06 update 4 (build 422)
Assembler:       Armasm.exe V5.06 update 4 (build 422)
Linker/Locator:  ArmLink.exe V5.06 update 4 (build 422)
Library Manager: ArmAr.exe V5.06 update 4 (build 422)
Hex Converter:   FromElf.exe V5.06 update 4 (build 422)
CPU DLL:         SARMCM3.DLL V5.39.0.0
Dialog DLL:      DCM.DLL V1.17.5.0
Target DLL:      Segger\JL2CM3.dll V2.99.43.0
Dialog DLL:      TCM.DLL V1.56.4.0
 
<h2>Project:</h2>
E:\¹¤Ñµ±ÈÈü\Control_code\MDK-ARM\control.uvprojx
Project File Date:  10/13/2024

<h2>Output:</h2>
*** Using Compiler 'V5.06 update 4 (build 422)', folder: 'D:\keil5\down\ARM\ARMCC\Bin'
Build target 'control'
compiling main.c...
../BSP/bsp_servo.h(10): warning:  #1-D: last line of file ends without a newline
  #endif /* _BSP_SERVO_H */
../Application/Clamp_task.h(14): warning:  #1295-D: Deprecated declaration Clamp_Init - give arg types
  void Clamp_Init();
../Application/Clamp_task.h(15): warning:  #1-D: last line of file ends without a newline
  #endif /* _CLAMP_TASK_H */
../Core/Src/main.c: 3 warnings, 0 errors
linking...
Program Size: Code=69512 RO-data=980 RW-data=1500 ZI-data=55780  
FromELF: creating hex file...
"control\control.axf" - 0 Error(s), 3 Warning(s).

<h2>Software Packages used:</h2>

Package Vendor: ARM
                http://www.keil.com/pack/ARM.CMSIS.5.9.0.pack
                ARM::CMSIS@5.9.0
                CMSIS (Common Microcontroller Software Interface Standard)
   * Component: CORE Version: 5.6.0

Package Vendor: Keil
                https://www.keil.com/pack/Keil.STM32F4xx_DFP.2.17.1.pack
                Keil::STM32F4xx_DFP@2.17.1
                STMicroelectronics STM32F4 Series Device Support, Drivers and Examples

<h2>Collection of Component include folders:</h2>
  ./RTE/_control
  D:/keil5/pack/ARM/CMSIS/5.9.0/CMSIS/Core/Include
  D:/keil5/pack/Keil/STM32F4xx_DFP/2.17.1/Drivers/CMSIS/Device/ST/STM32F4xx/Include

<h2>Collection of Component Files used:</h2>

   * Component: ARM::CMSIS:CORE@5.6.0
      Include file:  CMSIS/Core/Include/tz_context.h
Build Time Elapsed:  00:00:03
</pre>
</body>
</html>
