Component: ARM Compiler 5.06 update 4 (build 422) Tool: armlink [4d35d2]

==============================================================================

Section Cross References

    startup_stm32f407xx.o(RESET) refers to startup_stm32f407xx.o(STACK) for __initial_sp
    startup_stm32f407xx.o(RESET) refers to startup_stm32f407xx.o(.text) for Reset_Handler
    startup_stm32f407xx.o(RESET) refers to stm32f4xx_it.o(i.NMI_Handler) for NMI_Handler
    startup_stm32f407xx.o(RESET) refers to stm32f4xx_it.o(i.HardFault_Handler) for HardFault_Handler
    startup_stm32f407xx.o(RESET) refers to stm32f4xx_it.o(i.MemManage_Handler) for MemManage_Handler
    startup_stm32f407xx.o(RESET) refers to stm32f4xx_it.o(i.BusFault_Handler) for BusFault_Handler
    startup_stm32f407xx.o(RESET) refers to stm32f4xx_it.o(i.UsageFault_Handler) for UsageFault_Handler
    startup_stm32f407xx.o(RESET) refers to port.o(.emb_text) for SVC_Handler
    startup_stm32f407xx.o(RESET) refers to stm32f4xx_it.o(i.DebugMon_Handler) for DebugMon_Handler
    startup_stm32f407xx.o(RESET) refers to stm32f4xx_it.o(i.SysTick_Handler) for SysTick_Handler
    startup_stm32f407xx.o(RESET) refers to stm32f4xx_it.o(i.EXTI0_IRQHandler) for EXTI0_IRQHandler
    startup_stm32f407xx.o(RESET) refers to stm32f4xx_it.o(i.EXTI3_IRQHandler) for EXTI3_IRQHandler
    startup_stm32f407xx.o(RESET) refers to stm32f4xx_it.o(i.EXTI4_IRQHandler) for EXTI4_IRQHandler
    startup_stm32f407xx.o(RESET) refers to stm32f4xx_it.o(i.CAN1_TX_IRQHandler) for CAN1_TX_IRQHandler
    startup_stm32f407xx.o(RESET) refers to stm32f4xx_it.o(i.CAN1_RX0_IRQHandler) for CAN1_RX0_IRQHandler
    startup_stm32f407xx.o(RESET) refers to stm32f4xx_it.o(i.EXTI9_5_IRQHandler) for EXTI9_5_IRQHandler
    startup_stm32f407xx.o(RESET) refers to stm32f4xx_it.o(i.TIM4_IRQHandler) for TIM4_IRQHandler
    startup_stm32f407xx.o(RESET) refers to stm32f4xx_it.o(i.USART1_IRQHandler) for USART1_IRQHandler
    startup_stm32f407xx.o(RESET) refers to stm32f4xx_it.o(i.DMA2_Stream3_IRQHandler) for DMA2_Stream3_IRQHandler
    startup_stm32f407xx.o(RESET) refers to stm32f4xx_it.o(i.OTG_FS_IRQHandler) for OTG_FS_IRQHandler
    startup_stm32f407xx.o(.text) refers to system_stm32f4xx.o(i.SystemInit) for SystemInit
    startup_stm32f407xx.o(.text) refers to entry.o(.ARM.Collect$$$$00000000) for __main
    main.o(i.SystemClock_Config) refers to memseta.o(.text) for __aeabi_memclr4
    main.o(i.SystemClock_Config) refers to stm32f4xx_hal_rcc.o(i.HAL_RCC_OscConfig) for HAL_RCC_OscConfig
    main.o(i.SystemClock_Config) refers to main.o(i.Error_Handler) for Error_Handler
    main.o(i.SystemClock_Config) refers to stm32f4xx_hal_rcc.o(i.HAL_RCC_ClockConfig) for HAL_RCC_ClockConfig
    main.o(i.main) refers to stm32f4xx_hal.o(i.HAL_Init) for HAL_Init
    main.o(i.main) refers to main.o(i.SystemClock_Config) for SystemClock_Config
    main.o(i.main) refers to gpio.o(i.MX_GPIO_Init) for MX_GPIO_Init
    main.o(i.main) refers to dma.o(i.MX_DMA_Init) for MX_DMA_Init
    main.o(i.main) refers to can.o(i.MX_CAN1_Init) for MX_CAN1_Init
    main.o(i.main) refers to tim.o(i.MX_TIM6_Init) for MX_TIM6_Init
    main.o(i.main) refers to spi.o(i.MX_SPI1_Init) for MX_SPI1_Init
    main.o(i.main) refers to tim.o(i.MX_TIM10_Init) for MX_TIM10_Init
    main.o(i.main) refers to tim.o(i.MX_TIM4_Init) for MX_TIM4_Init
    main.o(i.main) refers to tim.o(i.MX_TIM8_Init) for MX_TIM8_Init
    main.o(i.main) refers to tim.o(i.MX_TIM1_Init) for MX_TIM1_Init
    main.o(i.main) refers to usart.o(i.MX_USART1_UART_Init) for MX_USART1_UART_Init
    main.o(i.main) refers to stm32f4xx_hal_tim.o(i.HAL_TIM_Base_Start) for HAL_TIM_Base_Start
    main.o(i.main) refers to stm32f4xx_hal_tim.o(i.HAL_TIM_PWM_Start) for HAL_TIM_PWM_Start
    main.o(i.main) refers to clamp_task.o(i.Clamp_Init) for Clamp_Init
    main.o(i.main) refers to bsp_can.o(i.bsp_can_init) for bsp_can_init
    main.o(i.main) refers to bsp_dwt.o(i.DWT_Init) for DWT_Init
    main.o(i.main) refers to bmi088driver.o(i.BMI088_init) for BMI088_init
    main.o(i.main) refers to stm32f4xx_hal_uart.o(i.HAL_UART_Receive_IT) for HAL_UART_Receive_IT
    main.o(i.main) refers to freertos.o(i.MX_FREERTOS_Init) for MX_FREERTOS_Init
    main.o(i.main) refers to cmsis_os.o(i.osKernelStart) for osKernelStart
    main.o(i.main) refers to tim.o(.bss) for htim1
    main.o(i.main) refers to spi.o(.bss) for hspi1
    main.o(i.main) refers to xbox_rx_task.o(.bss) for rx_data
    main.o(i.main) refers to usart.o(.bss) for huart1
    gpio.o(i.MX_GPIO_Init) refers to memseta.o(.text) for __aeabi_memclr4
    gpio.o(i.MX_GPIO_Init) refers to stm32f4xx_hal_gpio.o(i.HAL_GPIO_WritePin) for HAL_GPIO_WritePin
    gpio.o(i.MX_GPIO_Init) refers to stm32f4xx_hal_gpio.o(i.HAL_GPIO_Init) for HAL_GPIO_Init
    gpio.o(i.MX_GPIO_Init) refers to stm32f4xx_hal_cortex.o(i.HAL_NVIC_SetPriority) for HAL_NVIC_SetPriority
    gpio.o(i.MX_GPIO_Init) refers to stm32f4xx_hal_cortex.o(i.HAL_NVIC_EnableIRQ) for HAL_NVIC_EnableIRQ
[...]
    TIM4_IRQHandler                          0x08009675   Thumb Code    10  stm32f4xx_it.o(i.TIM4_IRQHandler)
    TIM_Base_SetConfig                       0x08009685   Thumb Code   170  stm32f4xx_hal_tim.o(i.TIM_Base_SetConfig)
    TIM_CCxChannelCmd                        0x0800975d   Thumb Code    34  stm32f4xx_hal_tim.o(i.TIM_CCxChannelCmd)
    TIM_ETR_SetConfig                        0x0800977f   Thumb Code    22  stm32f4xx_hal_tim.o(i.TIM_ETR_SetConfig)
    TIM_OC2_SetConfig                        0x08009819   Thumb Code   114  stm32f4xx_hal_tim.o(i.TIM_OC2_SetConfig)
    TIM_Set_PWM                              0x08009961   Thumb Code    58  bsp_pwm.o(i.TIM_Set_PWM)
    UART_Start_Receive_IT                    0x08009dad   Thumb Code    74  stm32f4xx_hal_uart.o(i.UART_Start_Receive_IT)
    USART1_IRQHandler                        0x08009e59   Thumb Code    10  stm32f4xx_it.o(i.USART1_IRQHandler)
    USBD_CDC_GetDeviceQualifierDescriptor    0x0800a099   Thumb Code    10  usbd_cdc.o(i.USBD_CDC_GetDeviceQualifierDescriptor)
    USBD_CDC_SetTxBuffer                     0x0800a319   Thumb Code    36  usbd_cdc.o(i.USBD_CDC_SetTxBuffer)
    USBD_CDC_TransmitPacket                  0x0800a47d   Thumb Code    94  usbd_cdc.o(i.USBD_CDC_TransmitPacket)
    USBD_ClrClassConfig                      0x0800a4e1   Thumb Code    28  usbd_core.o(i.USBD_ClrClassConfig)
    USBD_CoreFindEP                          0x0800a53b   Thumb Code     6  usbd_core.o(i.USBD_CoreFindEP)
    USBD_CoreFindIF                          0x0800a541   Thumb Code     6  usbd_core.o(i.USBD_CoreFindIF)
    USBD_CtlContinueRx                       0x0800a547   Thumb Code    24  usbd_ioreq.o(i.USBD_CtlContinueRx)
    USBD_CtlContinueSendData                 0x0800a55f   Thumb Code    24  usbd_ioreq.o(i.USBD_CtlContinueSendData)
    USBD_CtlError                            0x0800a577   Thumb Code    24  usbd_ctlreq.o(i.USBD_CtlError)
    USBD_CtlPrepareRx                        0x0800a58f   Thumb Code    40  usbd_ioreq.o(i.USBD_CtlPrepareRx)
    USBD_CtlReceiveStatus                    0x0800a5b7   Thumb Code    26  usbd_ioreq.o(i.USBD_CtlReceiveStatus)
    USBD_CtlSendData                         0x0800a5d1   Thumb Code    34  usbd_ioreq.o(i.USBD_CtlSendData)
    USBD_CtlSendStatus                       0x0800a5f3   Thumb Code    26  usbd_ioreq.o(i.USBD_CtlSendStatus)
    USBD_GetEpDesc                           0x0800a85f   Thumb Code    80  usbd_core.o(i.USBD_GetEpDesc)
    USBD_GetNextDesc                         0x0800a8af   Thumb Code    20  usbd_core.o(i.USBD_GetNextDesc)
    USBD_Get_USB_Status                      0x0800a91d   Thumb Code    44  usbd_conf.o(i.USBD_Get_USB_Status)
    USBD_LL_ClearStallEP                     0x0800a949   Thumb Code    38  usbd_conf.o(i.USBD_LL_ClearStallEP)
    USBD_LL_CloseEP                          0x0800a96f   Thumb Code    38  usbd_conf.o(i.USBD_LL_CloseEP)
    USBD_LL_DataInStage                      0x0800a995   Thumb Code   264  usbd_core.o(i.USBD_LL_DataInStage)
    USBD_LL_DataOutStage                     0x0800aa9d   Thumb Code   258  usbd_core.o(i.USBD_LL_DataOutStage)
    USBD_LL_DevConnected                     0x0800ab9f   Thumb Code     6  usbd_core.o(i.USBD_LL_DevConnected)
    USBD_LL_DevDisconnected                  0x0800aba5   Thumb Code    38  usbd_core.o(i.USBD_LL_DevDisconnected)
    USBD_LL_GetRxDataSize                    0x0800abcb   Thumb Code    18  usbd_conf.o(i.USBD_LL_GetRxDataSize)
    USBD_LL_IsStallEP                        0x0800abdd   Thumb Code    56  usbd_conf.o(i.USBD_LL_IsStallEP)
    USBD_LL_IsoINIncomplete                  0x0800ac15   Thumb Code    72  usbd_core.o(i.USBD_LL_IsoINIncomplete)
    USBD_LL_IsoOUTIncomplete                 0x0800ac5d   Thumb Code    72  usbd_core.o(i.USBD_LL_IsoOUTIncomplete)
    USBD_LL_OpenEP                           0x0800aca5   Thumb Code    48  usbd_conf.o(i.USBD_LL_OpenEP)
    USBD_LL_PrepareReceive                   0x0800acd5   Thumb Code    48  usbd_conf.o(i.USBD_LL_PrepareReceive)
    USBD_LL_Reset                            0x0800ad05   Thumb Code   108  usbd_core.o(i.USBD_LL_Reset)
    USBD_LL_Resume                           0x0800ad71   Thumb Code    22  usbd_core.o(i.USBD_LL_Resume)
    USBD_LL_SOF                              0x0800ad87   Thumb Code    40  usbd_core.o(i.USBD_LL_SOF)
    USBD_LL_SetSpeed                         0x0800adaf   Thumb Code     8  usbd_core.o(i.USBD_LL_SetSpeed)
    USBD_LL_SetUSBAddress                    0x0800adb7   Thumb Code    38  usbd_conf.o(i.USBD_LL_SetUSBAddress)
    USBD_LL_SetupStage                       0x0800addd   Thumb Code   118  usbd_core.o(i.USBD_LL_SetupStage)
    USBD_LL_StallEP                          0x0800ae53   Thumb Code    38  usbd_conf.o(i.USBD_LL_StallEP)
    USBD_LL_Suspend                          0x0800ae79   Thumb Code    20  usbd_core.o(i.USBD_LL_Suspend)
    USBD_LL_Transmit                         0x0800ae8d   Thumb Code    48  usbd_conf.o(i.USBD_LL_Transmit)
    USBD_ParseSetupRequest                   0x0800aebd   Thumb Code    54  usbd_ctlreq.o(i.USBD_ParseSetupRequest)
    USBD_RunTestMode                         0x0800aef3   Thumb Code     6  usbd_core.o(i.USBD_RunTestMode)
    USBD_SetClassConfig                      0x0800af53   Thumb Code    32  usbd_core.o(i.USBD_SetClassConfig)
    USBD_StdDevReq                           0x0800b0b1   Thumb Code   174  usbd_ctlreq.o(i.USBD_StdDevReq)
    USBD_StdEPReq                            0x0800b15f   Thumb Code   640  usbd_ctlreq.o(i.USBD_StdEPReq)
    USBD_StdItfReq                           0x0800b3df   Thumb Code   174  usbd_ctlreq.o(i.USBD_StdItfReq)
    USBD_static_free                         0x0800b48d   Thumb Code     2  usbd_conf.o(i.USBD_static_free)
    USBD_static_malloc                       0x0800b491   Thumb Code     6  usbd_conf.o(i.USBD_static_malloc)
    USB_ActivateEndpoint                     0x0800b49d   Thumb Code   202  stm32f4xx_ll_usb.o(i.USB_ActivateEndpoint)
    USB_ActivateSetup                        0x0800b56d   Thumb Code    40  stm32f4xx_ll_usb.o(i.USB_ActivateSetup)
    USB_DeactivateEndpoint                   0x0800b595   Thumb Code   318  stm32f4xx_ll_usb.o(i.USB_DeactivateEndpoint)
    USB_EP0StartXfer                         0x0800b6e1   Thumb Code   472  stm32f4xx_ll_usb.o(i.USB_EP0StartXfer)
    USB_EP0_OutStart                         0x0800b8bd   Thumb Code   106  stm32f4xx_ll_usb.o(i.USB_EP0_OutStart)
    USB_EPClearStall                         0x0800b92d   Thumb Code   142  stm32f4xx_ll_usb.o(i.USB_EPClearStall)
    USB_EPSetStall                           0x0800b9bb   Thumb Code   154  stm32f4xx_ll_usb.o(i.USB_EPSetStall)
    USB_EPStartXfer                          0x0800ba55   Thumb Code   836  stm32f4xx_ll_usb.o(i.USB_EPStartXfer)
    USB_EPStopXfer                           0x0800bd9d   Thumb Code   236  stm32f4xx_ll_usb.o(i.USB_EPStopXfer)
    USB_FlushTxFifo                          0x0800be89   Thumb Code    84  stm32f4xx_ll_usb.o(i.USB_FlushTxFifo)
    USB_GetDevSpeed                          0x0800bee1   Thumb Code    38  stm32f4xx_ll_usb.o(i.USB_GetDevSpeed)
    USB_GetMode                              0x0800bf07   Thumb Code    10  stm32f4xx_ll_usb.o(i.USB_GetMode)
    USB_ReadDevAllInEpInterrupt              0x0800bf11   Thumb Code    20  stm32f4xx_ll_usb.o(i.USB_ReadDevAllInEpInterrupt)
    USB_ReadDevAllOutEpInterrupt             0x0800bf25   Thumb Code    20  stm32f4xx_ll_usb.o(i.USB_ReadDevAllOutEpInterrupt)
    USB_ReadDevInEPInterrupt                 0x0800bf39   Thumb Code    50  stm32f4xx_ll_usb.o(i.USB_ReadDevInEPInterrupt)
    USB_ReadDevOutEPInterrupt                0x0800bf6b   Thumb Code    26  stm32f4xx_ll_usb.o(i.USB_ReadDevOutEPInterrupt)
    USB_ReadInterrupts                       0x0800bf85   Thumb Code    10  stm32f4xx_ll_usb.o(i.USB_ReadInterrupts)
    USB_ReadPacket                           0x0800bf8f   Thumb Code    96  stm32f4xx_ll_usb.o(i.USB_ReadPacket)
    USB_SetDevAddress                        0x0800bfef   Thumb Code    42  stm32f4xx_ll_usb.o(i.USB_SetDevAddress)
    USB_SetTurnaroundTime                    0x0800c019   Thumb Code   192  stm32f4xx_ll_usb.o(i.USB_SetTurnaroundTime)
    USB_TX                                   0x0800c101   Thumb Code    54  usb_commucation.o(i.USB_TX)
    USB_WritePacket                          0x0800c145   Thumb Code    68  stm32f4xx_ll_usb.o(i.USB_WritePacket)
    UsageFault_Handler                       0x0800c189   Thumb Code     4  stm32f4xx_it.o(i.UsageFault_Handler)
    __ARM_fpclassify                         0x0800c18d   Thumb Code    48  fpclassify.o(i.__ARM_fpclassify)
    __ARM_fpclassifyf                        0x0800c1bd   Thumb Code    38  fpclassifyf.o(i.__ARM_fpclassifyf)
    __hardfp_acosf                           0x0800c21d   Thumb Code   234  acosf.o(i.__hardfp_acosf)
    __hardfp_asinf                           0x0800c335   Thumb Code   258  asinf.o(i.__hardfp_asinf)
    __hardfp_atan2f                          0x0800c461   Thumb Code   502  atan2f.o(i.__hardfp_atan2f)
    __hardfp_cos                             0x0800c6b1   Thumb Code   180  cos.o(i.__hardfp_cos)
    __hardfp_fabs                            0x0800c779   Thumb Code    20  fabs.o(i.__hardfp_fabs)
    __hardfp_sin                             0x0800c791   Thumb Code   180  sin.o(i.__hardfp_sin)
    __hardfp_sqrtf                           0x0800c859   Thumb Code    58  sqrtf.o(i.__hardfp_sqrtf)
    __ieee754_rem_pio2                       0x0800c899   Thumb Code   938  rred.o(i.__ieee754_rem_pio2)
    __kernel_cos                             0x0800ccd1   Thumb Code   322  cos_i.o(i.__kernel_cos)
    __kernel_poly                            0x0800ce41   Thumb Code   248  poly.o(i.__kernel_poly)
    __kernel_sin                             0x0800cf39   Thumb Code   280  sin_i.o(i.__kernel_sin)
    __mathlib_dbl_infnan                     0x0800d069   Thumb Code    20  dunder.o(i.__mathlib_dbl_infnan)
    __mathlib_dbl_invalid                    0x0800d081   Thumb Code    24  dunder.o(i.__mathlib_dbl_invalid)
    __mathlib_dbl_underflow                  0x0800d0a1   Thumb Code    24  dunder.o(i.__mathlib_dbl_underflow)
    __mathlib_flt_infnan                     0x0800d0c1   Thumb Code     6  funder.o(i.__mathlib_flt_infnan)
    __mathlib_flt_infnan2                    0x0800d0c7   Thumb Code     6  funder.o(i.__mathlib_flt_infnan2)
    __mathlib_flt_invalid                    0x0800d0cd   Thumb Code    10  funder.o(i.__mathlib_flt_invalid)
    __mathlib_flt_underflow                  0x0800d0dd   Thumb Code    10  funder.o(i.__mathlib_flt_underflow)
    __scatterload_copy                       0x0800d0ed   Thumb Code    14  handlers.o(i.__scatterload_copy)
    __scatterload_null                       0x0800d0fb   Thumb Code     2  handlers.o(i.__scatterload_null)
    __scatterload_zeroinit                   0x0800d0fd   Thumb Code    14  handlers.o(i.__scatterload_zeroinit)
    __set_errno                              0x0800d10d   Thumb Code     6  errno.o(i.__set_errno)
    bmi088_accel_init                        0x0800d119   Thumb Code   348  bmi088driver.o(i.bmi088_accel_init)
    bmi088_gyro_init                         0x0800d285   Thumb Code   284  bmi088driver.o(i.bmi088_gyro_init)
    bsp_can_init                             0x0800d3b5   Thumb Code    70  bsp_can.o(i.bsp_can_init)
    current_task                             0x0800d545   Thumb Code    56  chassis_task.o(i.current_task)
    fabs                                     0x0800dac3   Thumb Code    24  fabs.o(i.fabs)
    find_max                                 0x0800dadd   Thumb Code   148  chassis_task.o(i.find_max)
    float_constrain                          0x0800db75   Thumb Code    42  user_lib.o(i.float_constrain)
    float_rounding                           0x0800dba1   Thumb Code    62  user_lib.o(i.float_rounding)
    ins_Task                                 0x0800dbe9   Thumb Code    18  ins_task.o(i.ins_Task)
    main                                     0x0800dc39   Thumb Code   112  main.o(i.main)
    malloc                                   0x0800dcb9   Thumb Code    92  malloc.o(i.malloc)
    osKernelStart                            0x0800dd25   Thumb Code    10  cmsis_os.o(i.osKernelStart)
    platform_trans                           0x0800dd31   Thumb Code    64  bsp_can.o(i.platform_trans)
    pvPortMalloc                             0x0800e7bd   Thumb Code   306  heap_4.o(i.pvPortMalloc)
    pxPortInitialiseStack                    0x0800e909   Thumb Code    38  port.o(i.pxPortInitialiseStack)
    sqrtf                                    0x0800e935   Thumb Code    62  sqrtf.o(i.sqrtf)
    uxListRemove                             0x0800e973   Thumb Code    40  list.o(i.uxListRemove)
    vApplicationGetIdleTaskMemory            0x0800e99d   Thumb Code    14  freertos.o(i.vApplicationGetIdleTaskMemory)
    vApplicationGetTimerTaskMemory           0x0800e9b5   Thumb Code    16  freertos.o(i.vApplicationGetTimerTaskMemory)
    vListInitialise                          0x0800e9cd   Thumb Code    26  list.o(i.vListInitialise)
    vListInitialiseItem                      0x0800e9e7   Thumb Code     6  list.o(i.vListInitialiseItem)
    vListInsert                              0x0800e9ed   Thumb Code    52  list.o(i.vListInsert)
    vListInsertEnd                           0x0800ea21   Thumb Code    24  list.o(i.vListInsertEnd)
    vPortEnterCritical                       0x0800ea39   Thumb Code    76  port.o(i.vPortEnterCritical)
    vPortExitCritical                        0x0800ea8d   Thumb Code    56  port.o(i.vPortExitCritical)
    vPortFree                                0x0800eac9   Thumb Code   150  heap_4.o(i.vPortFree)
    vPortSetupTimerInterrupt                 0x0800eb6d   Thumb Code    36  port.o(i.vPortSetupTimerInterrupt)
    vPortValidateInterruptPriority           0x0800eb95   Thumb Code   106  port.o(i.vPortValidateInterruptPriority)
    vQueueAddToRegistry                      0x0800ec0d   Thumb Code    38  queue.o(i.vQueueAddToRegistry)
    vQueueWaitForMessageRestricted           0x0800ec39   Thumb Code    74  queue.o(i.vQueueWaitForMessageRestricted)
    vTaskDelay                               0x0800ec85   Thumb Code    82  tasks.o(i.vTaskDelay)
    vTaskInternalSetTimeOutState             0x0800ece1   Thumb Code    14  tasks.o(i.vTaskInternalSetTimeOutState)
    vTaskMissedYield                         0x0800ecf9   Thumb Code     8  tasks.o(i.vTaskMissedYield)
    vTaskPlaceOnEventList                    0x0800ed05   Thumb Code    52  tasks.o(i.vTaskPlaceOnEventList)
    vTaskPlaceOnEventListRestricted          0x0800ed3d   Thumb Code    60  tasks.o(i.vTaskPlaceOnEventListRestricted)
    vTaskStartScheduler                      0x0800ed7d   Thumb Code   156  tasks.o(i.vTaskStartScheduler)
    vTaskSuspendAll                          0x0800ee35   Thumb Code    12  tasks.o(i.vTaskSuspendAll)
    vTaskSwitchContext                       0x0800ee45   Thumb Code   118  tasks.o(i.vTaskSwitchContext)
    xPortStartScheduler                      0x0800eed1   Thumb Code   330  port.o(i.xPortStartScheduler)
    xPortSysTickHandler                      0x0800f039   Thumb Code    46  port.o(i.xPortSysTickHandler)
    xQueueGenericCreateStatic                0x0800f06d   Thumb Code   224  queue.o(i.xQueueGenericCreateStatic)
    xQueueGenericReset                       0x0800f14d   Thumb Code   146  queue.o(i.xQueueGenericReset)
    xQueueGenericSend                        0x0800f1e5   Thumb Code   420  queue.o(i.xQueueGenericSend)
    xQueueGenericSendFromISR                 0x0800f38d   Thumb Code   252  queue.o(i.xQueueGenericSendFromISR)
    xQueueReceive                            0x0800f489   Thumb Code   356  queue.o(i.xQueueReceive)
    xTaskCheckForTimeOut                     0x0800f5f1   Thumb Code   156  tasks.o(i.xTaskCheckForTimeOut)
    xTaskCreate                              0x0800f699   Thumb Code   100  tasks.o(i.xTaskCreate)
    xTaskCreateStatic                        0x0800f6fd   Thumb Code   186  tasks.o(i.xTaskCreateStatic)
    xTaskGetSchedulerState                   0x0800f7b9   Thumb Code    24  tasks.o(i.xTaskGetSchedulerState)
    xTaskGetTickCount                        0x0800f7d9   Thumb Code     6  tasks.o(i.xTaskGetTickCount)
    xTaskIncrementTick                       0x0800f7e5   Thumb Code   282  tasks.o(i.xTaskIncrementTick)
    xTaskPriorityDisinherit                  0x0800f92d   Thumb Code   188  tasks.o(i.xTaskPriorityDisinherit)
    xTaskRemoveFromEventList                 0x0800f9f5   Thumb Code   128  tasks.o(i.xTaskRemoveFromEventList)
    xTaskResumeAll                           0x0800fa8d   Thumb Code   224  tasks.o(i.xTaskResumeAll)
    xTimerCreateTimerTask                    0x0800fb91   Thumb Code   100  timers.o(i.xTimerCreateTimerTask)
    xTimerGenericCommand                     0x0800fc09   Thumb Code   128  timers.o(i.xTimerGenericCommand)
    AHBPrescTable                            0x0800fc94   Data          16  system_stm32f4xx.o(.constdata)
    APBPrescTable                            0x0800fca4   Data           8  system_stm32f4xx.o(.constdata)
    xb                                       0x0800feac   Data          12  ins_task.o(.constdata)
    yb                                       0x0800feb8   Data          12  ins_task.o(.constdata)
    zb                                       0x0800fec4   Data          12  ins_task.o(.constdata)
    IMU_QuaternionEKF_F                      0x0800fedc   Data         144  quaternionekf.o(.constdata)
    Region$$Table$$Base                      0x08010090   Number         0  anon$$obj.o(Region$$Table)
    Region$$Table$$Limit                     0x080100b0   Number         0  anon$$obj.o(Region$$Table)
    Chassis_TaskHandle                       0x20000000   Data           4  freertos.o(.data)
    Clamp_TaskHandle                         0x20000004   Data           4  freertos.o(.data)
    Get_Base_Velocities_TaskHandle           0x20000008   Data           4  freertos.o(.data)
    ins_TaskHandle                           0x2000000c   Data           4  freertos.o(.data)
    defaultTaskHandle                        0x20000010   Data           4  freertos.o(.data)
    uwTick                                   0x20000014   Data           4  stm32f4xx_hal.o(.data)
    uwTickPrio                               0x20000018   Data           4  stm32f4xx_hal.o(.data)
    uwTickFreq                               0x2000001c   Data           1  stm32f4xx_hal.o(.data)
    SystemCoreClock                          0x20000020   Data           4  system_stm32f4xx.o(.data)
    pxCurrentTCB                             0x20000024   Data           4  tasks.o(.data)
    pack                                     0x200000a0   Data           7  usb_commucation.o(.data)
    INS_DWT_Count                            0x200000a8   Data           4  ins_task.o(.data)
    ins_debug_mode                           0x200000b4   Data           1  ins_task.o(.data)
    RefTemp                                  0x200000b8   Data           4  ins_task.o(.data)
    last_vx                                  0x200000f0   Data           4  chassis_task.o(.data)
    last_vy                                  0x200000f4   Data           4  chassis_task.o(.data)
    Clamp_Task_1                             0x200000fc   Data           8  clamp_task.o(.data)
    SysTime                                  0x20000108   Data           8  bsp_dwt.o(.data)
    CYCCNT64                                 0x20000128   Data           8  bsp_dwt.o(.data)
    sizeof_float                             0x20000148   Data           2  kalman_filter.o(.data)
    sizeof_double                            0x2000014a   Data           2  kalman_filter.o(.data)
    GlobalDebugMode                          0x2000014c   Data           1  user_lib.o(.data)
    IMU_QuaternionEKF_P                      0x20000164   Data         144  quaternionekf.o(.data)
    BMI088_ACCEL_SEN                         0x200004a8   Data           4  bmi088driver.o(.data)
    BMI088_GYRO_SEN                          0x200004ac   Data           4  bmi088driver.o(.data)
    gNormDiff                                0x200004b4   Data           4  bmi088driver.o(.data)
    caliOffset                               0x200004b8   Data           1  bmi088driver.o(.data)
    caliCount                                0x200004ba   Data           2  bmi088driver.o(.data)
    BMI088_SPI                               0x200004f0   Data           4  bmi088middleware.o(.data)
    USBD_CDC                                 0x20000504   Data          56  usbd_cdc.o(.data)
    __microlib_freelist                      0x20000584   Data           4  mvars.o(.data)
    __microlib_freelist_initialised          0x20000588   Data           4  mvars.o(.data)
    hcan1                                    0x20000c38   Data          40  can.o(.bss)
    hspi1                                    0x20000c60   Data          88  spi.o(.bss)
    hdma_spi1_rx                             0x20000cb8   Data          96  spi.o(.bss)
    hdma_spi1_tx                             0x20000d18   Data          96  spi.o(.bss)
    htim1                                    0x20000d78   Data          72  tim.o(.bss)
    htim4                                    0x20000dc0   Data          72  tim.o(.bss)
    htim6                                    0x20000e08   Data          72  tim.o(.bss)
    htim8                                    0x20000e50   Data          72  tim.o(.bss)
    htim10                                   0x20000e98   Data          72  tim.o(.bss)
    huart1                                   0x20000ee0   Data          68  usart.o(.bss)
    xQueueRegistry                           0x20000f24   Data          64  queue.o(.bss)
    pack_rx                                  0x20007164   Data          12  usb_commucation.o(.bss)
    INS                                      0x20007170   Data         128  ins_task.o(.bss)
    IMU_Param                                0x200071f0   Data          28  ins_task.o(.bss)
    TempCtrl                                 0x2000720c   Data         170  ins_task.o(.bss)
    chassis                                  0x200072b8   Data         604  chassis_task.o(.bss)
    Kinematics                               0x20007514   Data          72  chassis_task.o(.bss)
    xbox_data                                0x2000755c   Data          16  xbox_rx_task.o(.bss)
    last_xbox_data                           0x2000756c   Data          16  xbox_rx_task.o(.bss)
    rx_data                                  0x2000757c   Data          32  xbox_rx_task.o(.bss)
    receive_data_xbox                        0x2000759c   Data          16  xbox_rx_task.o(.bss)
    Motor_2                                  0x200075ac   Data         193  motor_bsp.o(.bss)
    Motor_3                                  0x2000766d   Data         193  motor_bsp.o(.bss)
    Motor_1                                  0x2000772e   Data         193  motor_bsp.o(.bss)
    QEKF_INS                                 0x200077f0   Data         480  quaternionekf.o(.bss)
    IMU_QuaternionEKF_K                      0x200079d0   Data          72  quaternionekf.o(.bss)
    IMU_QuaternionEKF_H                      0x20007a18   Data          72  quaternionekf.o(.bss)
    IMU_F                                    0x20007a60   Data         144  quaternionekf.o(.bss)
    IMU_H                                    0x20007af0   Data          72  quaternionekf.o(.bss)
    IMU_xhat                                 0x20007b38   Data          24  quaternionekf.o(.bss)
    gyroDiff                                 0x20007b50   Data          12  bmi088driver.o(.bss)
    BMI088                                   0x20007b5c   Data          52  bmi088driver.o(.bss)
    imu_text                                 0x20007b90   Data          24  bmi088driver.o(.bss)
    hUsbDeviceFS                             0x20007ba8   Data         732  usb_device.o(.bss)
    UserRxBufferFS                           0x20007e84   Data        2048  usbd_cdc_if.o(.bss)
    UserTxBufferFS                           0x20008684   Data        2048  usbd_cdc_if.o(.bss)
    Buffer                                   0x20008e84   Data          34  usbd_cdc_if.o(.bss)
    receive_data                             0x20008ea6   Data          36  usbd_cdc_if.o(.bss)
    hpcd_USB_OTG_FS                          0x20008ecc   Data        1292  usbd_conf.o(.bss)
    __heap_base                              0x200095f8   Data           0  startup_stm32f407xx.o(HEAP)
    __heap_limit                             0x2000b5f8   Data           0  startup_stm32f407xx.o(HEAP)
    __initial_sp                             0x2000d5f8   Data           0  startup_stm32f407xx.o(STACK)



==============================================================================

Memory Map of the image

  Image Entry point : 0x08000189

  Load Region LR_IROM1 (Base: 0x08000000, Size: 0x00010640, Max: 0x00100000, ABSOLUTE, COMPRESSED[0x000101dc])

    Execution Region ER_IROM1 (Exec base: 0x08000000, Load base: 0x08000000, Size: 0x000100b0, Max: 0x00100000, ABSOLUTE)

    Exec Addr    Load Addr    Size         Type   Attr      Idx    E Section Name        Object

    0x08000000   0x08000000   0x00000188   Data   RO            3    RESET               startup_stm32f407xx.o
    0x08000188   0x08000188   0x00000000   Code   RO         8708  * .ARM.Collect$$$$00000000  mc_w.l(entry.o)
    0x08000188   0x08000188   0x00000004   Code   RO         8843    .ARM.Collect$$$$00000001  mc_w.l(entry2.o)
    0x0800018c   0x0800018c   0x00000004   Code   RO         8846    .ARM.Collect$$$$00000004  mc_w.l(entry5.o)
    0x08000190   0x08000190   0x00000000   Code   RO         8848    .ARM.Collect$$$$00000008  mc_w.l(entry7b.o)
    0x08000190   0x08000190   0x00000000   Code   RO         8850    .ARM.Collect$$$$0000000A  mc_w.l(entry8b.o)
    0x08000190   0x08000190   0x00000008   Code   RO         8851    .ARM.Collect$$$$0000000B  mc_w.l(entry9a.o)
    0x08000198   0x08000198   0x00000000   Code   RO         8853    .ARM.Collect$$$$0000000D  mc_w.l(entry10a.o)
    0x08000198   0x08000198   0x00000000   Code   RO         8855    .ARM.Collect$$$$0000000F  mc_w.l(entry11a.o)
    0x08000198   0x08000198   0x00000004   Code   RO         8844    .ARM.Collect$$$$00002712  mc_w.l(entry2.o)
    0x0800019c   0x0800019c   0x000000be   Code   RO         6116    .emb_text           port.o
    0x0800025a   0x0800025a   0x00000002   PAD
    0x0800025c   0x0800025c   0x00000024   Code   RO            4    .text               startup_stm32f407xx.o
    0x08000280   0x08000280   0x00000062   Code   RO         8711    .text               mc_w.l(uldiv.o)
    0x080002e2   0x080002e2   0x00000024   Code   RO         8716    .text               mc_w.l(memcpya.o)
    0x08000306   0x08000306   0x00000024   Code   RO         8720    .text               mc_w.l(memseta.o)
    0x0800032a   0x0800032a   0x000000b0   Code   RO         8754    .text               mf_w.l(fadd.o)
    0x080003da   0x080003da   0x00000064   Code   RO         8756    .text               mf_w.l(fmul.o)
    0x0800043e   0x0800043e   0x0000007c   Code   RO         8758    .text               mf_w.l(fdiv.o)
    0x080004ba   0x080004ba   0x0000014e   Code   RO         8760    .text               mf_w.l(dadd.o)
    0x08000608   0x08000608   0x000000e4   Code   RO         8762    .text               mf_w.l(dmul.o)
    0x080006ec   0x080006ec   0x000000de   Code   RO         8764    .text               mf_w.l(ddiv.o)
    0x080007ca   0x080007ca   0x0000001c   Code   RO         8768    .text               mf_w.l(fcmple.o)
    0x080007e6   0x080007e6   0x0000001c   Code   RO         8770    .text               mf_w.l(fcmplt.o)
    0x08000802   0x08000802   0x0000001c   Code   RO         8772    .text               mf_w.l(fcmpgt.o)
    0x0800081e   0x0800081e   0x0000001c   Code   RO         8774    .text               mf_w.l(fcmpeq.o)
    0x0800083a   0x0800083a   0x00000022   Code   RO         8780    .text               mf_w.l(dflti.o)
    0x0800085c   0x0800085c   0x0000001a   Code   RO         8782    .text               mf_w.l(dfltui.o)
    0x08000876   0x08000876   0x0000003e   Code   RO         8788    .text               mf_w.l(dfixi.o)
    0x080008b4   0x080008b4   0x00000026   Code   RO         8790    .text               mf_w.l(f2d.o)
    0x080008da   0x080008da   0x00000002   PAD
    0x080008dc   0x080008dc   0x00000030   Code   RO         8792    .text               mf_w.l(cdcmple.o)
    0x0800090c   0x0800090c   0x00000038   Code   RO         8794    .text               mf_w.l(d2f.o)
    0x08000944   0x08000944   0x0000001e   Code   RO         8857    .text               mc_w.l(llshl.o)
    0x08000962   0x08000962   0x00000020   Code   RO         8859    .text               mc_w.l(llushr.o)
    0x08000982   0x08000982   0x00000024   Code   RO         8861    .text               mc_w.l(llsshr.o)
    0x080009a6   0x080009a6   0x00000000   Code   RO         8872    .text               mc_w.l(iusefp.o)
    0x080009a6   0x080009a6   0x0000006e   Code   RO         8873    .text               mf_w.l(fepilogue.o)
    0x08000a14   0x08000a14   0x000000ba   Code   RO         8875    .text               mf_w.l(depilogue.o)
    0x08000ace   0x08000ace   0x00000002   PAD
    0x08000ad0   0x08000ad0   0x00000024   Code   RO         8881    .text               mc_w.l(init.o)
    0x08000af4   0x08000af4   0x00000056   Code   RO         8891    .text               mc_w.l(__dczerorl2.o)
    0x08000b4a   0x08000b4a   0x00000002   PAD
    0x08000b4c   0x08000b4c   0x00000094   Code   RO         8451    .text.arm_mat_add_f32  arm_cortexM4l_math.lib(arm_mat_add_f32.o)
    0x08000be0   0x08000be0   0x00000008   Code   RO         8461    .text.arm_mat_init_f32  arm_cortexM4l_math.lib(arm_mat_init_f32.o)
    0x08000be8   0x08000be8   0x000002dc   Code   RO         8470    .text.arm_mat_inverse_f32  arm_cortexM4l_math.lib(arm_mat_inverse_f32.o)
    0x08000ec4   0x08000ec4   0x00000178   Code   RO         8480    .text.arm_mat_mult_f32  arm_cortexM4l_math.lib(arm_mat_mult_f32.o)
    0x0800103c   0x0800103c   0x00000094   Code   RO         8490    .text.arm_mat_sub_f32  arm_cortexM4l_math.lib(arm_mat_sub_f32.o)
    0x080010d0   0x080010d0   0x000000b2   Code   RO         8500    .text.arm_mat_trans_f32  arm_cortexM4l_math.lib(arm_mat_trans_f32.o)
    0x08001182   0x08001182   0x0000002c   Code   RO         6196    i.Append_CRC16_Check_Sum  usb_commucation.o
    0x080011ae   0x080011ae   0x00000002   PAD
    0x080011b0   0x080011b0   0x00000014   Code   RO         7532    i.BMI088_ACCEL_NS_H  bmi088middleware.o
    0x080011c4   0x080011c4   0x00000014   Code   RO         7533    i.BMI088_ACCEL_NS_L  bmi088middleware.o
    0x080011d8   0x080011d8   0x00000014   Code   RO         7534    i.BMI088_GYRO_NS_H  bmi088middleware.o
    0x080011ec   0x080011ec   0x00000014   Code   RO         7535    i.BMI088_GYRO_NS_L  bmi088middleware.o
    0x08001200   0x08001200   0x000002f4   Code   RO         7451    i.BMI088_Read       bmi088driver.o
    0x080014f4   0x080014f4   0x00000098   Code   RO         7452    i.BMI088_init       bmi088driver.o
    0x0800158c   0x0800158c   0x00000026   Code   RO         7453    i.BMI088_read_muli_reg  bmi088driver.o
    0x080015b2   0x080015b2   0x00000018   Code   RO         7454    i.BMI088_read_single_reg  bmi088driver.o
    0x080015ca   0x080015ca   0x00000002   PAD
    0x080015cc   0x080015cc   0x00000024   Code   RO         7536    i.BMI088_read_write_byte  bmi088middleware.o
    0x080015f0   0x080015f0   0x00000014   Code   RO         7455    i.BMI088_write_single_reg  bmi088driver.o
    0x08001604   0x08001604   0x00000208   Code   RO         6481    i.BaseVel_To_WheelVel  chassis_task.o
    0x0800180c   0x0800180c   0x0000015a   Code   RO         6368    i.BodyFrameToEarthFrame  ins_task.o
    0x08001966   0x08001966   0x00000004   Code   RO          782    i.BusFault_Handler  stm32f4xx_it.o
    0x0800196a   0x0800196a   0x00000002   PAD
    0x0800196c   0x0800196c   0x00000010   Code   RO          783    i.CAN1_RX0_IRQHandler  stm32f4xx_it.o
    0x0800197c   0x0800197c   0x00000010   Code   RO          784    i.CAN1_TX_IRQHandler  stm32f4xx_it.o
    0x0800198c   0x0800198c   0x00000038   Code   RO         7739    i.CDC_Transmit_FS   usbd_cdc_if.o
    0x080019c4   0x080019c4   0x00000540   Code   RO         7456    i.Calibrate_MPU_Offset  bmi088driver.o
    0x08001f04   0x08001f04   0x000000c4   Code   RO         6482    i.Chassis_PID       chassis_task.o
    0x08001fc8   0x08001fc8   0x00000054   Code   RO         6483    i.Chassis_Task      chassis_task.o
    0x0800201c   0x0800201c   0x00000028   Code   RO         6668    i.Clamp_Init        clamp_task.o
    0x08002044   0x08002044   0x00000024   Code   RO         6669    i.Clamp_angle_task  clamp_task.o
    0x08002068   0x08002068   0x0000005c   Code   RO         6670    i.Clamp_task        clamp_task.o
    0x080020c4   0x080020c4   0x00000010   Code   RO          785    i.DMA2_Stream3_IRQHandler  stm32f4xx_it.o
    0x080020d4   0x080020d4   0x00000034   Code   RO         2030    i.DMA_CalcBaseAndBitshift  stm32f4xx_hal_dma.o
    0x08002108   0x08002108   0x000000aa   Code   RO         2031    i.DMA_CheckFifoParam  stm32f4xx_hal_dma.o
    0x080021b2   0x080021b2   0x00000002   PAD
    0x080021b4   0x080021b4   0x00000030   Code   RO         6854    i.DWT_CNT_Update    bsp_dwt.o
    0x080021e4   0x080021e4   0x0000003c   Code   RO         6855    i.DWT_Delay         bsp_dwt.o
    0x08002220   0x08002220   0x0000004c   Code   RO         6856    i.DWT_GetDeltaT     bsp_dwt.o
    0x0800226c   0x0800226c   0x00000054   Code   RO         6859    i.DWT_GetTimeline_s  bsp_dwt.o
    0x080022c0   0x080022c0   0x00000068   Code   RO         6861    i.DWT_Init          bsp_dwt.o
    0x08002328   0x08002328   0x000000d0   Code   RO         6862    i.DWT_SysTimeUpdate  bsp_dwt.o
    0x080023f8   0x080023f8   0x00000002   Code   RO          786    i.DebugMon_Handler  stm32f4xx_it.o
    0x080023fa   0x080023fa   0x0000000a   Code   RO          787    i.EXTI0_IRQHandler  stm32f4xx_it.o
    0x08002404   0x08002404   0x0000000a   Code   RO          788    i.EXTI3_IRQHandler  stm32f4xx_it.o
    0x0800240e   0x0800240e   0x0000000a   Code   RO          789    i.EXTI4_IRQHandler  stm32f4xx_it.o
    0x08002418   0x08002418   0x0000000a   Code   RO          790    i.EXTI9_5_IRQHandler  stm32f4xx_it.o
    0x08002422   0x08002422   0x0000015a   Code   RO         6369    i.EarthFrameToBodyFrame  ins_task.o
    0x0800257c   0x0800257c   0x00000006   Code   RO           13    i.Error_Handler     main.o
    0x08002582   0x08002582   0x00000002   PAD
    0x08002584   0x08002584   0x00000230   Code   RO         6484    i.Get_Base_Velocities  chassis_task.o
    0x080027b4   0x080027b4   0x00000034   Code   RO         6197    i.Get_CRC16_Check_Sum  usb_commucation.o
    0x080027e8   0x080027e8   0x0000002a   Code   RO         2709    i.HAL_CAN_ActivateNotification  stm32f4xx_hal_can.o
    0x08002812   0x08002812   0x00000156   Code   RO         2710    i.HAL_CAN_AddTxMessage  stm32f4xx_hal_can.o
    0x08002968   0x08002968   0x00000124   Code   RO         2711    i.HAL_CAN_ConfigFilter  stm32f4xx_hal_can.o
    0x08002a8c   0x08002a8c   0x00000002   Code   RO         2714    i.HAL_CAN_ErrorCallback  stm32f4xx_hal_can.o
    0x08002a8e   0x08002a8e   0x0000017a   Code   RO         2717    i.HAL_CAN_GetRxMessage  stm32f4xx_hal_can.o
    0x08002c08   0x08002c08   0x0000024e   Code   RO         2721    i.HAL_CAN_IRQHandler  stm32f4xx_hal_can.o
    0x08002e56   0x08002e56   0x00000174   Code   RO         2722    i.HAL_CAN_Init      stm32f4xx_hal_can.o
    0x08002fca   0x08002fca   0x00000002   PAD
    0x08002fcc   0x08002fcc   0x000000a8   Code   RO          561    i.HAL_CAN_MspInit   can.o
    0x08003074   0x08003074   0x00000002   Code   RO         2729    i.HAL_CAN_RxFifo0FullCallback  stm32f4xx_hal_can.o
    0x08003076   0x08003076   0x00000002   PAD
    0x08003078   0x08003078   0x00000030   Code   RO         6812    i.HAL_CAN_RxFifo0MsgPendingCallback  bsp_can.o
    0x080030a8   0x080030a8   0x00000002   Code   RO         2731    i.HAL_CAN_RxFifo1FullCallback  stm32f4xx_hal_can.o
    0x080030aa   0x080030aa   0x00000002   Code   RO         2732    i.HAL_CAN_RxFifo1MsgPendingCallback  stm32f4xx_hal_can.o
    0x080030ac   0x080030ac   0x00000002   Code   RO         2733    i.HAL_CAN_SleepCallback  stm32f4xx_hal_can.o
    0x080030ae   0x080030ae   0x0000005e   Code   RO         2734    i.HAL_CAN_Start     stm32f4xx_hal_can.o
    0x0800310c   0x0800310c   0x00000002   Code   RO         2736    i.HAL_CAN_TxMailbox0AbortCallback  stm32f4xx_hal_can.o
    0x0800310e   0x0800310e   0x00000002   Code   RO         2737    i.HAL_CAN_TxMailbox0CompleteCallback  stm32f4xx_hal_can.o
    0x08003110   0x08003110   0x00000002   Code   RO         2738    i.HAL_CAN_TxMailbox1AbortCallback  stm32f4xx_hal_can.o
    0x08003112   0x08003112   0x00000002   Code   RO         2739    i.HAL_CAN_TxMailbox1CompleteCallback  stm32f4xx_hal_can.o
    0x08003114   0x08003114   0x00000002   Code   RO         2740    i.HAL_CAN_TxMailbox2AbortCallback  stm32f4xx_hal_can.o
    0x08003116   0x08003116   0x00000002   Code   RO         2741    i.HAL_CAN_TxMailbox2CompleteCallback  stm32f4xx_hal_can.o
    0x08003118   0x08003118   0x00000002   Code   RO         2743    i.HAL_CAN_WakeUpFromRxMsgCallback  stm32f4xx_hal_can.o
    0x0800311a   0x0800311a   0x000000ac   Code   RO         2033    i.HAL_DMA_Abort     stm32f4xx_hal_dma.o
    0x080031c6   0x080031c6   0x00000028   Code   RO         2034    i.HAL_DMA_Abort_IT  stm32f4xx_hal_dma.o
    0x080031ee   0x080031ee   0x00000002   PAD
    0x080031f0   0x080031f0   0x00000240   Code   RO         2038    i.HAL_DMA_IRQHandler  stm32f4xx_hal_dma.o
    0x08003430   0x08003430   0x000000ec   Code   RO         2039    i.HAL_DMA_Init      stm32f4xx_hal_dma.o
    0x0800351c   0x0800351c   0x00000028   Code   RO         2457    i.HAL_Delay         stm32f4xx_hal.o
    0x08003544   0x08003544   0x00000002   Code   RO         1924    i.HAL_GPIO_EXTI_Callback  stm32f4xx_hal_gpio.o
    0x08003546   0x08003546   0x00000002   PAD
    0x08003548   0x08003548   0x0000001c   Code   RO         1925    i.HAL_GPIO_EXTI_IRQHandler  stm32f4xx_hal_gpio.o
    0x08003564   0x08003564   0x000001f4   Code   RO         1926    i.HAL_GPIO_Init     stm32f4xx_hal_gpio.o
    0x08003758   0x08003758   0x0000000c   Code   RO         1930    i.HAL_GPIO_WritePin  stm32f4xx_hal_gpio.o
    0x08003764   0x08003764   0x0000000c   Code   RO         2463    i.HAL_GetTick       stm32f4xx_hal.o
    0x08003770   0x08003770   0x00000018   Code   RO         2469    i.HAL_IncTick       stm32f4xx_hal.o
    0x08003788   0x08003788   0x0000003c   Code   RO         2470    i.HAL_Init          stm32f4xx_hal.o
    0x080037c4   0x080037c4   0x0000004c   Code   RO         2471    i.HAL_InitTick      stm32f4xx_hal.o
    0x08003810   0x08003810   0x00000054   Code   RO          906    i.HAL_MspInit       stm32f4xx_hal_msp.o
    0x08003864   0x08003864   0x00000020   Code   RO         2315    i.HAL_NVIC_EnableIRQ  stm32f4xx_hal_cortex.o
    0x08003884   0x08003884   0x0000007c   Code   RO         2321    i.HAL_NVIC_SetPriority  stm32f4xx_hal_cortex.o
    0x08003900   0x08003900   0x00000028   Code   RO         2322    i.HAL_NVIC_SetPriorityGrouping  stm32f4xx_hal_cortex.o
    0x08003928   0x08003928   0x00000002   Code   RO         1174    i.HAL_PCDEx_LPM_Callback  stm32f4xx_hal_pcd_ex.o
    0x0800392a   0x0800392a   0x0000000e   Code   RO         7796    i.HAL_PCD_ConnectCallback  usbd_conf.o
    0x08003938   0x08003938   0x00000020   Code   RO         7797    i.HAL_PCD_DataInStageCallback  usbd_conf.o
    0x08003958   0x08003958   0x00000020   Code   RO         7798    i.HAL_PCD_DataOutStageCallback  usbd_conf.o
    0x08003978   0x08003978   0x0000000e   Code   RO         7799    i.HAL_PCD_DisconnectCallback  usbd_conf.o
    0x08003986   0x08003986   0x00000042   Code   RO          939    i.HAL_PCD_EP_Abort  stm32f4xx_hal_pcd.o
    0x080039c8   0x080039c8   0x0000006a   Code   RO          940    i.HAL_PCD_EP_Close  stm32f4xx_hal_pcd.o
    0x08003a32   0x08003a32   0x0000007c   Code   RO          941    i.HAL_PCD_EP_ClrStall  stm32f4xx_hal_pcd.o
    0x08003aae   0x08003aae   0x00000016   Code   RO          943    i.HAL_PCD_EP_GetRxCount  stm32f4xx_hal_pcd.o
    0x08003ac4   0x08003ac4   0x0000008c   Code   RO          944    i.HAL_PCD_EP_Open   stm32f4xx_hal_pcd.o
    0x08003b50   0x08003b50   0x00000058   Code   RO          945    i.HAL_PCD_EP_Receive  stm32f4xx_hal_pcd.o
    0x08003ba8   0x08003ba8   0x0000008a   Code   RO          946    i.HAL_PCD_EP_SetStall  stm32f4xx_hal_pcd.o
    0x08003c32   0x08003c32   0x0000005a   Code   RO          947    i.HAL_PCD_EP_Transmit  stm32f4xx_hal_pcd.o
    0x08003c8c   0x08003c8c   0x000006ca   Code   RO          949    i.HAL_PCD_IRQHandler  stm32f4xx_hal_pcd.o
    0x08004356   0x08004356   0x00000012   Code   RO         7800    i.HAL_PCD_ISOINIncompleteCallback  usbd_conf.o
    0x08004368   0x08004368   0x00000012   Code   RO         7801    i.HAL_PCD_ISOOUTIncompleteCallback  usbd_conf.o
    0x0800437a   0x0800437a   0x00000030   Code   RO         7804    i.HAL_PCD_ResetCallback  usbd_conf.o
    0x080043aa   0x080043aa   0x0000000e   Code   RO         7805    i.HAL_PCD_ResumeCallback  usbd_conf.o
    0x080043b8   0x080043b8   0x0000000e   Code   RO         7806    i.HAL_PCD_SOFCallback  usbd_conf.o
    0x080043c6   0x080043c6   0x00000036   Code   RO          958    i.HAL_PCD_SetAddress  stm32f4xx_hal_pcd.o
    0x080043fc   0x080043fc   0x00000012   Code   RO         7807    i.HAL_PCD_SetupStageCallback  usbd_conf.o
    0x0800440e   0x0800440e   0x00000002   PAD
    0x08004410   0x08004410   0x00000034   Code   RO         7808    i.HAL_PCD_SuspendCallback  usbd_conf.o
    0x08004444   0x08004444   0x00000184   Code   RO         1527    i.HAL_RCC_ClockConfig  stm32f4xx_hal_rcc.o
    0x080045c8   0x080045c8   0x0000000c   Code   RO         1532    i.HAL_RCC_GetHCLKFreq  stm32f4xx_hal_rcc.o
    0x080045d4   0x080045d4   0x00000020   Code   RO         1534    i.HAL_RCC_GetPCLK1Freq  stm32f4xx_hal_rcc.o
    0x080045f4   0x080045f4   0x00000020   Code   RO         1535    i.HAL_RCC_GetPCLK2Freq  stm32f4xx_hal_rcc.o
    0x08004614   0x08004614   0x000000b0   Code   RO         1536    i.HAL_RCC_GetSysClockFreq  stm32f4xx_hal_rcc.o
    0x080046c4   0x080046c4   0x0000049c   Code   RO         1539    i.HAL_RCC_OscConfig  stm32f4xx_hal_rcc.o
    0x08004b60   0x08004b60   0x000000c8   Code   RO         2953    i.HAL_SPI_Init      stm32f4xx_hal_spi.o
    0x08004c28   0x08004c28   0x00000158   Code   RO          627    i.HAL_SPI_MspInit   spi.o
    0x08004d80   0x08004d80   0x0000022a   Code   RO         2962    i.HAL_SPI_TransmitReceive  stm32f4xx_hal_spi.o
    0x08004faa   0x08004faa   0x00000034   Code   RO         2326    i.HAL_SYSTICK_Config  stm32f4xx_hal_cortex.o
    0x08004fde   0x08004fde   0x00000002   Code   RO         3981    i.HAL_TIMEx_BreakCallback  stm32f4xx_hal_tim_ex.o
    0x08004fe0   0x08004fe0   0x00000002   Code   RO         3982    i.HAL_TIMEx_CommutCallback  stm32f4xx_hal_tim_ex.o
    0x08004fe2   0x08004fe2   0x00000074   Code   RO         3984    i.HAL_TIMEx_ConfigBreakDeadTime  stm32f4xx_hal_tim_ex.o
    0x08005056   0x08005056   0x00000002   PAD
    0x08005058   0x08005058   0x000000b4   Code   RO         4000    i.HAL_TIMEx_MasterConfigSynchronization  stm32f4xx_hal_tim_ex.o
    0x0800510c   0x0800510c   0x00000066   Code   RO         3266    i.HAL_TIM_Base_Init  stm32f4xx_hal_tim.o
    0x08005172   0x08005172   0x00000002   PAD
    0x08005174   0x08005174   0x00000150   Code   RO          669    i.HAL_TIM_Base_MspInit  tim.o
    0x080052c4   0x080052c4   0x0000009c   Code   RO         3269    i.HAL_TIM_Base_Start  stm32f4xx_hal_tim.o
    0x08005360   0x08005360   0x0000010c   Code   RO         3275    i.HAL_TIM_ConfigClockSource  stm32f4xx_hal_tim.o
    0x0800546c   0x0800546c   0x00000002   Code   RO         3300    i.HAL_TIM_IC_CaptureCallback  stm32f4xx_hal_tim.o
    0x0800546e   0x0800546e   0x00000196   Code   RO         3314    i.HAL_TIM_IRQHandler  stm32f4xx_hal_tim.o
    0x08005604   0x08005604   0x000000fc   Code   RO          670    i.HAL_TIM_MspPostInit  tim.o
    0x08005700   0x08005700   0x00000002   Code   RO         3317    i.HAL_TIM_OC_DelayElapsedCallback  stm32f4xx_hal_tim.o
    0x08005702   0x08005702   0x00000104   Code   RO         3338    i.HAL_TIM_PWM_ConfigChannel  stm32f4xx_hal_tim.o
    0x08005806   0x08005806   0x00000066   Code   RO         3341    i.HAL_TIM_PWM_Init  stm32f4xx_hal_tim.o
    0x0800586c   0x0800586c   0x00000002   Code   RO         3343    i.HAL_TIM_PWM_MspInit  stm32f4xx_hal_tim.o
    0x0800586e   0x0800586e   0x00000002   Code   RO         3344    i.HAL_TIM_PWM_PulseFinishedCallback  stm32f4xx_hal_tim.o
    0x08005870   0x08005870   0x0000010c   Code   RO         3346    i.HAL_TIM_PWM_Start  stm32f4xx_hal_tim.o
    0x0800597c   0x0800597c   0x00000002   Code   RO         3352    i.HAL_TIM_PeriodElapsedCallback  stm32f4xx_hal_tim.o
    0x0800597e   0x0800597e   0x00000002   Code   RO         3357    i.HAL_TIM_TriggerCallback  stm32f4xx_hal_tim.o
    0x08005980   0x08005980   0x00000002   Code   RO         4259    i.HAL_UARTEx_RxEventCallback  stm32f4xx_hal_uart.o
    0x08005982   0x08005982   0x00000002   PAD
    0x08005984   0x08005984   0x00000050   Code   RO         6569    i.HAL_UART_ErrorCallback  xbox_rx_task.o
    0x080059d4   0x080059d4   0x000002e0   Code   RO         4276    i.HAL_UART_IRQHandler  stm32f4xx_hal_uart.o
    0x08005cb4   0x08005cb4   0x00000072   Code   RO         4277    i.HAL_UART_Init     stm32f4xx_hal_uart.o
    0x08005d26   0x08005d26   0x00000002   PAD
    0x08005d28   0x08005d28   0x000000d8   Code   RO          741    i.HAL_UART_MspInit  usart.o
    0x08005e00   0x08005e00   0x00000042   Code   RO         4282    i.HAL_UART_Receive_IT  stm32f4xx_hal_uart.o
    0x08005e42   0x08005e42   0x00000002   PAD
    0x08005e44   0x08005e44   0x000000d8   Code   RO         6570    i.HAL_UART_RxCpltCallback  xbox_rx_task.o
    0x08005f1c   0x08005f1c   0x00000002   Code   RO         4288    i.HAL_UART_TxCpltCallback  stm32f4xx_hal_uart.o
    0x08005f1e   0x08005f1e   0x00000002   PAD
    0x08005f20   0x08005f20   0x00000130   Code   RO         7043    i.H_K_R_Adjustment  kalman_filter.o
    0x08006050   0x08006050   0x00000004   Code   RO          791    i.HardFault_Handler  stm32f4xx_it.o
    0x08006054   0x08006054   0x00000248   Code   RO         7258    i.IMU_QuaternionEKF_F_Linearization_P_Fading  quaternionekf.o
    0x0800629c   0x0800629c   0x00000130   Code   RO         7259    i.IMU_QuaternionEKF_Init  quaternionekf.o
    0x080063cc   0x080063cc   0x00000034   Code   RO         7260    i.IMU_QuaternionEKF_Observe  quaternionekf.o
    0x08006400   0x08006400   0x00000134   Code   RO         7261    i.IMU_QuaternionEKF_SetH  quaternionekf.o
    0x08006534   0x08006534   0x00000634   Code   RO         7262    i.IMU_QuaternionEKF_Update  quaternionekf.o
    0x08006b68   0x08006b68   0x00000518   Code   RO         7263    i.IMU_QuaternionEKF_xhatUpdate  quaternionekf.o
    0x08007080   0x08007080   0x00000074   Code   RO         6372    i.IMU_Temperature_Ctrl  ins_task.o
    0x080070f4   0x080070f4   0x000000c4   Code   RO         6373    i.INS_Init          ins_task.o
    0x080071b8   0x080071b8   0x00000278   Code   RO         6374    i.INS_Task          ins_task.o
    0x08007430   0x08007430   0x0000070c   Code   RO         7044    i.Kalman_Filter_Init  kalman_filter.o
    0x08007b3c   0x08007b3c   0x00000050   Code   RO         7045    i.Kalman_Filter_Measure  kalman_filter.o
    0x08007b8c   0x08007b8c   0x00000068   Code   RO         7046    i.Kalman_Filter_P_Update  kalman_filter.o
    0x08007bf4   0x08007bf4   0x00000068   Code   RO         7047    i.Kalman_Filter_PminusUpdate  kalman_filter.o
    0x08007c5c   0x08007c5c   0x000000d2   Code   RO         7048    i.Kalman_Filter_SetK  kalman_filter.o
    0x08007d2e   0x08007d2e   0x00000002   PAD
    0x08007d30   0x08007d30   0x00000128   Code   RO         7049    i.Kalman_Filter_Update  kalman_filter.o
    0x08007e58   0x08007e58   0x0000007c   Code   RO         7050    i.Kalman_Filter_xhatMinusUpdate  kalman_filter.o
    0x08007ed4   0x08007ed4   0x00000086   Code   RO         7051    i.Kalman_Filter_xhatUpdate  kalman_filter.o
    0x08007f5a   0x08007f5a   0x00000002   PAD
    0x08007f5c   0x08007f5c   0x00000048   Code   RO          562    i.MX_CAN1_Init      can.o
    0x08007fa4   0x08007fa4   0x00000048   Code   RO          602    i.MX_DMA_Init       dma.o
    0x08007fec   0x08007fec   0x000000ac   Code   RO          310    i.MX_FREERTOS_Init  freertos.o
    0x08008098   0x08008098   0x00000238   Code   RO          286    i.MX_GPIO_Init      gpio.o
    0x080082d0   0x080082d0   0x00000048   Code   RO          628    i.MX_SPI1_Init      spi.o
    0x08008318   0x08008318   0x00000034   Code   RO          671    i.MX_TIM10_Init     tim.o
    0x0800834c   0x0800834c   0x000000dc   Code   RO          672    i.MX_TIM1_Init      tim.o
    0x08008428   0x08008428   0x000000a4   Code   RO          673    i.MX_TIM4_Init      tim.o
    0x080084cc   0x080084cc   0x0000004c   Code   RO          674    i.MX_TIM6_Init      tim.o
    0x08008518   0x08008518   0x000000d8   Code   RO          675    i.MX_TIM8_Init      tim.o
    0x080085f0   0x080085f0   0x00000038   Code   RO          742    i.MX_USART1_UART_Init  usart.o
    0x08008628   0x08008628   0x00000004   Code   RO          792    i.MemManage_Handler  stm32f4xx_it.o
    0x0800862c   0x0800862c   0x000000e0   Code   RO         6958    i.Motor_Init        motor_bsp.o
    0x0800870c   0x0800870c   0x000000e8   Code   RO         6960    i.Motor_Rx_data     motor_bsp.o
    0x080087f4   0x080087f4   0x00000004   Code   RO          793    i.NMI_Handler       stm32f4xx_it.o
    0x080087f8   0x080087f8   0x0000024c   Code   RO         7125    i.OLS_Derivative    user_lib.o
    0x08008a44   0x08008a44   0x00000058   Code   RO         7126    i.OLS_Init          user_lib.o
    0x08008a9c   0x08008a9c   0x00000010   Code   RO          794    i.OTG_FS_IRQHandler  stm32f4xx_it.o
    0x08008aac   0x08008aac   0x00000064   Code   RO          965    i.PCD_EP_OutSetupPacket_int  stm32f4xx_hal_pcd.o
    0x08008b10   0x08008b10   0x00000144   Code   RO          966    i.PCD_EP_OutXfrComplete_int  stm32f4xx_hal_pcd.o
    0x08008c54   0x08008c54   0x000000b6   Code   RO          967    i.PCD_WriteEmptyTxFifo  stm32f4xx_hal_pcd.o
    0x08008d0a   0x08008d0a   0x000002d0   Code   RO         7328    i.PID_Calculate     controller.o
    0x08008fda   0x08008fda   0x00000002   PAD
    0x08008fdc   0x08008fdc   0x000000bc   Code   RO         7329    i.PID_Init          controller.o
    0x08009098   0x08009098   0x0000017c   Code   RO         6712    i.Rc_task           control_data.o
    0x08009214   0x08009214   0x0000006c   Code   RO         2991    i.SPI_EndRxTxTransaction  stm32f4xx_hal_spi.o
    0x08009280   0x08009280   0x000000d8   Code   RO         2996    i.SPI_WaitFlagStateUntilTimeout  stm32f4xx_hal_spi.o
    0x08009358   0x08009358   0x00000012   Code   RO         8165    i.SWAPBYTE          usbd_ctlreq.o
    0x0800936a   0x0800936a   0x00000002   PAD
    0x0800936c   0x0800936c   0x0000004c   Code   RO         7010    i.Servo_Set_Angle   bsp_servo.o
    0x080093b8   0x080093b8   0x000001e0   Code   RO         6485    i.Speed_optimize    chassis_task.o
    0x08009598   0x08009598   0x00000014   Code   RO          795    i.SysTick_Handler   stm32f4xx_it.o
    0x080095ac   0x080095ac   0x000000b4   Code   RO           14    i.SystemClock_Config  main.o
    0x08009660   0x08009660   0x00000014   Code   RO         4616    i.SystemInit        system_stm32f4xx.o
    0x08009674   0x08009674   0x00000010   Code   RO          796    i.TIM4_IRQHandler   stm32f4xx_it.o
    0x08009684   0x08009684   0x000000d8   Code   RO         3359    i.TIM_Base_SetConfig  stm32f4xx_hal_tim.o
    0x0800975c   0x0800975c   0x00000022   Code   RO         3360    i.TIM_CCxChannelCmd  stm32f4xx_hal_tim.o
    0x0800977e   0x0800977e   0x00000016   Code   RO         3370    i.TIM_ETR_SetConfig  stm32f4xx_hal_tim.o
    0x08009794   0x08009794   0x00000012   Code   RO         3371    i.TIM_ITRx_SetConfig  stm32f4xx_hal_tim.o
    0x080097a6   0x080097a6   0x00000002   PAD
    0x080097a8   0x080097a8   0x00000070   Code   RO         3372    i.TIM_OC1_SetConfig  stm32f4xx_hal_tim.o
    0x08009818   0x08009818   0x0000007c   Code   RO         3373    i.TIM_OC2_SetConfig  stm32f4xx_hal_tim.o
    0x08009894   0x08009894   0x00000078   Code   RO         3374    i.TIM_OC3_SetConfig  stm32f4xx_hal_tim.o
    0x0800990c   0x0800990c   0x00000054   Code   RO         3375    i.TIM_OC4_SetConfig  stm32f4xx_hal_tim.o
    0x08009960   0x08009960   0x0000003a   Code   RO         6931    i.TIM_Set_PWM       bsp_pwm.o
    0x0800999a   0x0800999a   0x00000026   Code   RO         3377    i.TIM_TI1_ConfigInputStage  stm32f4xx_hal_tim.o
    0x080099c0   0x080099c0   0x00000028   Code   RO         3379    i.TIM_TI2_ConfigInputStage  stm32f4xx_hal_tim.o
    0x080099e8   0x080099e8   0x00000014   Code   RO         4290    i.UART_DMAAbortOnError  stm32f4xx_hal_uart.o
    0x080099fc   0x080099fc   0x0000006c   Code   RO         4300    i.UART_EndRxTransfer  stm32f4xx_hal_uart.o
    0x08009a68   0x08009a68   0x00000020   Code   RO         4301    i.UART_EndTransmit_IT  stm32f4xx_hal_uart.o
    0x08009a88   0x08009a88   0x000000f8   Code   RO         4303    i.UART_Receive_IT   stm32f4xx_hal_uart.o
    0x08009b80   0x08009b80   0x0000022c   Code   RO         4304    i.UART_SetConfig    stm32f4xx_hal_uart.o
    0x08009dac   0x08009dac   0x0000004a   Code   RO         4306    i.UART_Start_Receive_IT  stm32f4xx_hal_uart.o
    0x08009df6   0x08009df6   0x00000060   Code   RO         4307    i.UART_Transmit_IT  stm32f4xx_hal_uart.o
    0x08009e56   0x08009e56   0x00000002   PAD
    0x08009e58   0x08009e58   0x00000010   Code   RO          797    i.USART1_IRQHandler  stm32f4xx_it.o
    0x08009e68   0x08009e68   0x000000c4   Code   RO         8328    i.USBD_CDC_DataIn   usbd_cdc.o
    0x08009f2c   0x08009f2c   0x00000048   Code   RO         8329    i.USBD_CDC_DataOut  usbd_cdc.o
    0x08009f74   0x08009f74   0x000000d4   Code   RO         8330    i.USBD_CDC_DeInit   usbd_cdc.o
    0x0800a048   0x0800a048   0x00000050   Code   RO         8331    i.USBD_CDC_EP0_RxReady  usbd_cdc.o
    0x0800a098   0x0800a098   0x00000010   Code   RO         8332    i.USBD_CDC_GetDeviceQualifierDescriptor  usbd_cdc.o
    0x0800a0a8   0x0800a0a8   0x00000044   Code   RO         8333    i.USBD_CDC_GetFSCfgDesc  usbd_cdc.o
    0x0800a0ec   0x0800a0ec   0x00000048   Code   RO         8334    i.USBD_CDC_GetHSCfgDesc  usbd_cdc.o
    0x0800a134   0x0800a134   0x00000044   Code   RO         8335    i.USBD_CDC_GetOtherSpeedCfgDesc  usbd_cdc.o
    0x0800a178   0x0800a178   0x000001a0   Code   RO         8336    i.USBD_CDC_Init     usbd_cdc.o
    0x0800a318   0x0800a318   0x00000024   Code   RO         8340    i.USBD_CDC_SetTxBuffer  usbd_cdc.o
    0x0800a33c   0x0800a33c   0x00000140   Code   RO         8341    i.USBD_CDC_Setup    usbd_cdc.o
    0x0800a47c   0x0800a47c   0x00000064   Code   RO         8342    i.USBD_CDC_TransmitPacket  usbd_cdc.o
    0x0800a4e0   0x0800a4e0   0x0000001c   Code   RO         8003    i.USBD_ClrClassConfig  usbd_core.o
    0x0800a4fc   0x0800a4fc   0x0000003e   Code   RO         8166    i.USBD_ClrFeature   usbd_ctlreq.o
    0x0800a53a   0x0800a53a   0x00000006   Code   RO         8004    i.USBD_CoreFindEP   usbd_core.o
    0x0800a540   0x0800a540   0x00000006   Code   RO         8005    i.USBD_CoreFindIF   usbd_core.o
    0x0800a546   0x0800a546   0x00000018   Code   RO         8268    i.USBD_CtlContinueRx  usbd_ioreq.o
    0x0800a55e   0x0800a55e   0x00000018   Code   RO         8269    i.USBD_CtlContinueSendData  usbd_ioreq.o
    0x0800a576   0x0800a576   0x00000018   Code   RO         8167    i.USBD_CtlError     usbd_ctlreq.o
    0x0800a58e   0x0800a58e   0x00000028   Code   RO         8270    i.USBD_CtlPrepareRx  usbd_ioreq.o
    0x0800a5b6   0x0800a5b6   0x0000001a   Code   RO         8271    i.USBD_CtlReceiveStatus  usbd_ioreq.o
    0x0800a5d0   0x0800a5d0   0x00000022   Code   RO         8272    i.USBD_CtlSendData  usbd_ioreq.o
    0x0800a5f2   0x0800a5f2   0x0000001a   Code   RO         8273    i.USBD_CtlSendStatus  usbd_ioreq.o
    0x0800a60c   0x0800a60c   0x00000056   Code   RO         8168    i.USBD_GetConfig    usbd_ctlreq.o
    0x0800a662   0x0800a662   0x000001fc   Code   RO         8169    i.USBD_GetDescriptor  usbd_ctlreq.o
    0x0800a85e   0x0800a85e   0x00000050   Code   RO         8007    i.USBD_GetEpDesc    usbd_core.o
    0x0800a8ae   0x0800a8ae   0x00000014   Code   RO         8008    i.USBD_GetNextDesc  usbd_core.o
    0x0800a8c2   0x0800a8c2   0x0000005a   Code   RO         8171    i.USBD_GetStatus    usbd_ctlreq.o
    0x0800a91c   0x0800a91c   0x0000002c   Code   RO         7809    i.USBD_Get_USB_Status  usbd_conf.o
    0x0800a948   0x0800a948   0x00000026   Code   RO         7810    i.USBD_LL_ClearStallEP  usbd_conf.o
    0x0800a96e   0x0800a96e   0x00000026   Code   RO         7811    i.USBD_LL_CloseEP   usbd_conf.o
    0x0800a994   0x0800a994   0x00000108   Code   RO         8010    i.USBD_LL_DataInStage  usbd_core.o
    0x0800aa9c   0x0800aa9c   0x00000102   Code   RO         8011    i.USBD_LL_DataOutStage  usbd_core.o
    0x0800ab9e   0x0800ab9e   0x00000006   Code   RO         8012    i.USBD_LL_DevConnected  usbd_core.o
    0x0800aba4   0x0800aba4   0x00000026   Code   RO         8013    i.USBD_LL_DevDisconnected  usbd_core.o
    0x0800abca   0x0800abca   0x00000012   Code   RO         7815    i.USBD_LL_GetRxDataSize  usbd_conf.o
    0x0800abdc   0x0800abdc   0x00000038   Code   RO         7817    i.USBD_LL_IsStallEP  usbd_conf.o
    0x0800ac14   0x0800ac14   0x00000048   Code   RO         8014    i.USBD_LL_IsoINIncomplete  usbd_core.o
    0x0800ac5c   0x0800ac5c   0x00000048   Code   RO         8015    i.USBD_LL_IsoOUTIncomplete  usbd_core.o
    0x0800aca4   0x0800aca4   0x00000030   Code   RO         7818    i.USBD_LL_OpenEP    usbd_conf.o
    0x0800acd4   0x0800acd4   0x00000030   Code   RO         7819    i.USBD_LL_PrepareReceive  usbd_conf.o
    0x0800ad04   0x0800ad04   0x0000006c   Code   RO         8016    i.USBD_LL_Reset     usbd_core.o
    0x0800ad70   0x0800ad70   0x00000016   Code   RO         8017    i.USBD_LL_Resume    usbd_core.o
    0x0800ad86   0x0800ad86   0x00000028   Code   RO         8018    i.USBD_LL_SOF       usbd_core.o
    0x0800adae   0x0800adae   0x00000008   Code   RO         8019    i.USBD_LL_SetSpeed  usbd_core.o
    0x0800adb6   0x0800adb6   0x00000026   Code   RO         7820    i.USBD_LL_SetUSBAddress  usbd_conf.o
    0x0800addc   0x0800addc   0x00000076   Code   RO         8020    i.USBD_LL_SetupStage  usbd_core.o
    0x0800ae52   0x0800ae52   0x00000026   Code   RO         7821    i.USBD_LL_StallEP   usbd_conf.o
    0x0800ae78   0x0800ae78   0x00000014   Code   RO         8021    i.USBD_LL_Suspend   usbd_core.o
    0x0800ae8c   0x0800ae8c   0x00000030   Code   RO         7824    i.USBD_LL_Transmit  usbd_conf.o
    0x0800aebc   0x0800aebc   0x00000036   Code   RO         8173    i.USBD_ParseSetupRequest  usbd_ctlreq.o
    0x0800aef2   0x0800aef2   0x00000006   Code   RO         8023    i.USBD_RunTestMode  usbd_core.o
    0x0800aef8   0x0800aef8   0x0000005a   Code   RO         8174    i.USBD_SetAddress   usbd_ctlreq.o
    0x0800af52   0x0800af52   0x00000020   Code   RO         8024    i.USBD_SetClassConfig  usbd_core.o
    0x0800af72   0x0800af72   0x00000002   PAD
    0x0800af74   0x0800af74   0x00000104   Code   RO         8175    i.USBD_SetConfig    usbd_ctlreq.o
    0x0800b078   0x0800b078   0x00000038   Code   RO         8176    i.USBD_SetFeature   usbd_ctlreq.o
    0x0800b0b0   0x0800b0b0   0x000000ae   Code   RO         8177    i.USBD_StdDevReq    usbd_ctlreq.o
    0x0800b15e   0x0800b15e   0x00000280   Code   RO         8178    i.USBD_StdEPReq     usbd_ctlreq.o
    0x0800b3de   0x0800b3de   0x000000ae   Code   RO         8179    i.USBD_StdItfReq    usbd_ctlreq.o
    0x0800b48c   0x0800b48c   0x00000002   Code   RO         7825    i.USBD_static_free  usbd_conf.o
    0x0800b48e   0x0800b48e   0x00000002   PAD
    0x0800b490   0x0800b490   0x0000000c   Code   RO         7826    i.USBD_static_malloc  usbd_conf.o
    0x0800b49c   0x0800b49c   0x000000d0   Code   RO         1216    i.USB_ActivateEndpoint  stm32f4xx_ll_usb.o
    0x0800b56c   0x0800b56c   0x00000028   Code   RO         1218    i.USB_ActivateSetup  stm32f4xx_ll_usb.o
    0x0800b594   0x0800b594   0x0000014c   Code   RO         1224    i.USB_DeactivateEndpoint  stm32f4xx_ll_usb.o
    0x0800b6e0   0x0800b6e0   0x000001dc   Code   RO         1231    i.USB_EP0StartXfer  stm32f4xx_ll_usb.o
    0x0800b8bc   0x0800b8bc   0x00000070   Code   RO         1232    i.USB_EP0_OutStart  stm32f4xx_ll_usb.o
    0x0800b92c   0x0800b92c   0x0000008e   Code   RO         1233    i.USB_EPClearStall  stm32f4xx_ll_usb.o
    0x0800b9ba   0x0800b9ba   0x0000009a   Code   RO         1234    i.USB_EPSetStall    stm32f4xx_ll_usb.o
    0x0800ba54   0x0800ba54   0x00000348   Code   RO         1235    i.USB_EPStartXfer   stm32f4xx_ll_usb.o
    0x0800bd9c   0x0800bd9c   0x000000ec   Code   RO         1236    i.USB_EPStopXfer    stm32f4xx_ll_usb.o
    0x0800be88   0x0800be88   0x00000058   Code   RO         1239    i.USB_FlushTxFifo   stm32f4xx_ll_usb.o
    0x0800bee0   0x0800bee0   0x00000026   Code   RO         1241    i.USB_GetDevSpeed   stm32f4xx_ll_usb.o
    0x0800bf06   0x0800bf06   0x0000000a   Code   RO         1243    i.USB_GetMode       stm32f4xx_ll_usb.o
    0x0800bf10   0x0800bf10   0x00000014   Code   RO         1250    i.USB_ReadDevAllInEpInterrupt  stm32f4xx_ll_usb.o
    0x0800bf24   0x0800bf24   0x00000014   Code   RO         1251    i.USB_ReadDevAllOutEpInterrupt  stm32f4xx_ll_usb.o
    0x0800bf38   0x0800bf38   0x00000032   Code   RO         1252    i.USB_ReadDevInEPInterrupt  stm32f4xx_ll_usb.o
    0x0800bf6a   0x0800bf6a   0x0000001a   Code   RO         1253    i.USB_ReadDevOutEPInterrupt  stm32f4xx_ll_usb.o
    0x0800bf84   0x0800bf84   0x0000000a   Code   RO         1254    i.USB_ReadInterrupts  stm32f4xx_ll_usb.o
    0x0800bf8e   0x0800bf8e   0x00000060   Code   RO         1255    i.USB_ReadPacket    stm32f4xx_ll_usb.o
    0x0800bfee   0x0800bfee   0x0000002a   Code   RO         1258    i.USB_SetDevAddress  stm32f4xx_ll_usb.o
    0x0800c018   0x0800c018   0x000000e8   Code   RO         1260    i.USB_SetTurnaroundTime  stm32f4xx_ll_usb.o
    0x0800c100   0x0800c100   0x00000044   Code   RO         6198    i.USB_TX            usb_commucation.o
    0x0800c144   0x0800c144   0x00000044   Code   RO         1263    i.USB_WritePacket   stm32f4xx_ll_usb.o
    0x0800c188   0x0800c188   0x00000004   Code   RO          798    i.UsageFault_Handler  stm32f4xx_it.o
    0x0800c18c   0x0800c18c   0x00000030   Code   RO         8879    i.__ARM_fpclassify  m_wm.l(fpclassify.o)
    0x0800c1bc   0x0800c1bc   0x00000026   Code   RO         8813    i.__ARM_fpclassifyf  m_wm.l(fpclassifyf.o)
    0x0800c1e2   0x0800c1e2   0x00000002   PAD
    0x0800c1e4   0x0800c1e4   0x00000010   Code   RO         2328    i.__NVIC_GetPriorityGrouping  stm32f4xx_hal_cortex.o
    0x0800c1f4   0x0800c1f4   0x00000028   Code   RO         2329    i.__NVIC_SetPriority  stm32f4xx_hal_cortex.o
    0x0800c21c   0x0800c21c   0x00000118   Code   RO         8604    i.__hardfp_acosf    m_wm.l(acosf.o)
    0x0800c334   0x0800c334   0x0000012c   Code   RO         8616    i.__hardfp_asinf    m_wm.l(asinf.o)
    0x0800c460   0x0800c460   0x00000250   Code   RO         8628    i.__hardfp_atan2f   m_wm.l(atan2f.o)
    0x0800c6b0   0x0800c6b0   0x000000c8   Code   RO         8640    i.__hardfp_cos      m_wm.l(cos.o)
    0x0800c778   0x0800c778   0x00000014   Code   RO         8652    i.__hardfp_fabs     m_wm.l(fabs.o)
    0x0800c78c   0x0800c78c   0x00000004   PAD
    0x0800c790   0x0800c790   0x000000c8   Code   RO         8672    i.__hardfp_sin      m_wm.l(sin.o)
    0x0800c858   0x0800c858   0x0000003a   Code   RO         8696    i.__hardfp_sqrtf    m_wm.l(sqrtf.o)
    0x0800c892   0x0800c892   0x00000006   PAD
    0x0800c898   0x0800c898   0x00000438   Code   RO         8832    i.__ieee754_rem_pio2  m_wm.l(rred.o)
    0x0800ccd0   0x0800ccd0   0x00000170   Code   RO         8796    i.__kernel_cos      m_wm.l(cos_i.o)
    0x0800ce40   0x0800ce40   0x000000f8   Code   RO         8829    i.__kernel_poly     m_wm.l(poly.o)
    0x0800cf38   0x0800cf38   0x00000130   Code   RO         8837    i.__kernel_sin      m_wm.l(sin_i.o)
    0x0800d068   0x0800d068   0x00000014   Code   RO         8800    i.__mathlib_dbl_infnan  m_wm.l(dunder.o)
    0x0800d07c   0x0800d07c   0x00000004   PAD
    0x0800d080   0x0800d080   0x00000020   Code   RO         8802    i.__mathlib_dbl_invalid  m_wm.l(dunder.o)
    0x0800d0a0   0x0800d0a0   0x00000020   Code   RO         8805    i.__mathlib_dbl_underflow  m_wm.l(dunder.o)
    0x0800d0c0   0x0800d0c0   0x00000006   Code   RO         8816    i.__mathlib_flt_infnan  m_wm.l(funder.o)
    0x0800d0c6   0x0800d0c6   0x00000006   Code   RO         8817    i.__mathlib_flt_infnan2  m_wm.l(funder.o)
    0x0800d0cc   0x0800d0cc   0x00000010   Code   RO         8818    i.__mathlib_flt_invalid  m_wm.l(funder.o)
    0x0800d0dc   0x0800d0dc   0x00000010   Code   RO         8821    i.__mathlib_flt_underflow  m_wm.l(funder.o)
    0x0800d0ec   0x0800d0ec   0x0000000e   Code   RO         8885    i.__scatterload_copy  mc_w.l(handlers.o)
    0x0800d0fa   0x0800d0fa   0x00000002   Code   RO         8886    i.__scatterload_null  mc_w.l(handlers.o)
    0x0800d0fc   0x0800d0fc   0x0000000e   Code   RO         8887    i.__scatterload_zeroinit  mc_w.l(handlers.o)
    0x0800d10a   0x0800d10a   0x00000002   PAD
    0x0800d10c   0x0800d10c   0x0000000c   Code   RO         8867    i.__set_errno       mc_w.l(errno.o)
    0x0800d118   0x0800d118   0x0000016c   Code   RO         7457    i.bmi088_accel_init  bmi088driver.o
    0x0800d284   0x0800d284   0x00000130   Code   RO         7458    i.bmi088_gyro_init  bmi088driver.o
    0x0800d3b4   0x0800d3b4   0x0000004c   Code   RO         6813    i.bsp_can_init      bsp_can.o
    0x0800d400   0x0800d400   0x000000d0   Code   RO         6486    i.chassis_speed_control  chassis_task.o
    0x0800d4d0   0x0800d4d0   0x00000014   Code   RO         6713    i.checkBtnStartChange  control_data.o
    0x0800d4e4   0x0800d4e4   0x00000060   Code   RO         6714    i.clamp_to_zero     control_data.o
    0x0800d544   0x0800d544   0x0000003c   Code   RO         6487    i.current_task      chassis_task.o
    0x0800d580   0x0800d580   0x000000f0   Code   RO         7332    i.f_Changing_Integration_Rate  controller.o
    0x0800d670   0x0800d670   0x00000056   Code   RO         7333    i.f_Derivative_Filter  controller.o
    0x0800d6c6   0x0800d6c6   0x000000f4   Code   RO         7334    i.f_Derivative_On_Measurement  controller.o
    0x0800d7ba   0x0800d7ba   0x00000002   PAD
    0x0800d7bc   0x0800d7bc   0x000000f0   Code   RO         7335    i.f_Integral_Limit  controller.o
    0x0800d8ac   0x0800d8ac   0x00000056   Code   RO         7336    i.f_Output_Filter   controller.o
    0x0800d902   0x0800d902   0x00000046   Code   RO         7337    i.f_Output_Limit    controller.o
    0x0800d948   0x0800d948   0x000000b4   Code   RO         7338    i.f_PID_ErrorHandle  controller.o
    0x0800d9fc   0x0800d9fc   0x00000046   Code   RO         7339    i.f_Proportion_Limit  controller.o
    0x0800da42   0x0800da42   0x00000080   Code   RO         7340    i.f_Trapezoid_Intergral  controller.o
    0x0800dac2   0x0800dac2   0x00000018   Code   RO         8654    i.fabs              m_wm.l(fabs.o)
    0x0800dada   0x0800dada   0x00000002   PAD
    0x0800dadc   0x0800dadc   0x00000098   Code   RO         6488    i.find_max          chassis_task.o
    0x0800db74   0x0800db74   0x0000002a   Code   RO         7131    i.float_constrain   user_lib.o
    0x0800db9e   0x0800db9e   0x00000002   PAD
    0x0800dba0   0x0800dba0   0x00000048   Code   RO         7133    i.float_rounding    user_lib.o
    0x0800dbe8   0x0800dbe8   0x00000012   Code   RO         6377    i.ins_Task          ins_task.o
    0x0800dbfa   0x0800dbfa   0x00000002   PAD
    0x0800dbfc   0x0800dbfc   0x0000003c   Code   RO         7264    i.invSqrt           quaternionekf.o
    0x0800dc38   0x0800dc38   0x00000080   Code   RO           15    i.main              main.o
    0x0800dcb8   0x0800dcb8   0x0000006c   Code   RO         8727    i.malloc            mc_w.l(malloc.o)
    0x0800dd24   0x0800dd24   0x0000000a   Code   RO         5687    i.osKernelStart     cmsis_os.o
    0x0800dd2e   0x0800dd2e   0x00000002   PAD
    0x0800dd30   0x0800dd30   0x00000044   Code   RO         6814    i.platform_trans    bsp_can.o
    0x0800dd74   0x0800dd74   0x000000a4   Code   RO         5150    i.prvAddCurrentTaskToDelayedList  tasks.o
    0x0800de18   0x0800de18   0x000000b4   Code   RO         5151    i.prvAddNewTaskToReadyList  tasks.o
    0x0800decc   0x0800decc   0x00000074   Code   RO         5514    i.prvCheckForValidListAndQueue  timers.o
    0x0800df40   0x0800df40   0x00000048   Code   RO         5152    i.prvCheckTasksWaitingTermination  tasks.o
    0x0800df88   0x0800df88   0x0000002a   Code   RO         4797    i.prvCopyDataFromQueue  queue.o
    0x0800dfb2   0x0800dfb2   0x0000007e   Code   RO         4798    i.prvCopyDataToQueue  queue.o
    0x0800e030   0x0800e030   0x00000050   Code   RO         5153    i.prvDeleteTCB      tasks.o
    0x0800e080   0x0800e080   0x00000028   Code   RO         5515    i.prvGetNextExpireTime  timers.o
    0x0800e0a8   0x0800e0a8   0x0000007c   Code   RO         6061    i.prvHeapInit       heap_4.o
    0x0800e124   0x0800e124   0x00000028   Code   RO         5154    i.prvIdleTask       tasks.o
    0x0800e14c   0x0800e14c   0x00000026   Code   RO         4801    i.prvInitialiseNewQueue  queue.o
    0x0800e172   0x0800e172   0x000000c2   Code   RO         5155    i.prvInitialiseNewTask  tasks.o
    0x0800e234   0x0800e234   0x00000068   Code   RO         5156    i.prvInitialiseTaskLists  tasks.o
    0x0800e29c   0x0800e29c   0x00000068   Code   RO         6062    i.prvInsertBlockIntoFreeList  heap_4.o
    0x0800e304   0x0800e304   0x00000058   Code   RO         5517    i.prvInsertTimerInActiveList  timers.o
    0x0800e35c   0x0800e35c   0x0000001a   Code   RO         4802    i.prvIsQueueEmpty   queue.o
    0x0800e376   0x0800e376   0x0000001e   Code   RO         4803    i.prvIsQueueFull    queue.o
    0x0800e394   0x0800e394   0x00000074   Code   RO         5518    i.prvProcessExpiredTimer  timers.o
    0x0800e408   0x0800e408   0x00000164   Code   RO         5519    i.prvProcessReceivedCommands  timers.o
    0x0800e56c   0x0800e56c   0x00000074   Code   RO         5520    i.prvProcessTimerOrBlockTask  timers.o
    0x0800e5e0   0x0800e5e0   0x00000034   Code   RO         5157    i.prvResetNextTaskUnblockTime  tasks.o
    0x0800e614   0x0800e614   0x0000002c   Code   RO         5521    i.prvSampleTimeNow  timers.o
    0x0800e640   0x0800e640   0x000000a4   Code   RO         5522    i.prvSwitchTimerLists  timers.o
    0x0800e6e4   0x0800e6e4   0x00000040   Code   RO         6117    i.prvTaskExitError  port.o
    0x0800e724   0x0800e724   0x0000001a   Code   RO         5523    i.prvTimerTask      timers.o
    0x0800e73e   0x0800e73e   0x0000007e   Code   RO         4804    i.prvUnlockQueue    queue.o
    0x0800e7bc   0x0800e7bc   0x0000014c   Code   RO         6063    i.pvPortMalloc      heap_4.o
    0x0800e908   0x0800e908   0x0000002c   Code   RO         6118    i.pxPortInitialiseStack  port.o
    0x0800e934   0x0800e934   0x0000003e   Code   RO         8698    i.sqrtf             m_wm.l(sqrtf.o)
    0x0800e972   0x0800e972   0x00000028   Code   RO         4757    i.uxListRemove      list.o
    0x0800e99a   0x0800e99a   0x00000002   PAD
    0x0800e99c   0x0800e99c   0x00000018   Code   RO          312    i.vApplicationGetIdleTaskMemory  freertos.o
    0x0800e9b4   0x0800e9b4   0x00000018   Code   RO          313    i.vApplicationGetTimerTaskMemory  freertos.o
    0x0800e9cc   0x0800e9cc   0x0000001a   Code   RO         4758    i.vListInitialise   list.o
    0x0800e9e6   0x0800e9e6   0x00000006   Code   RO         4759    i.vListInitialiseItem  list.o
    0x0800e9ec   0x0800e9ec   0x00000034   Code   RO         4760    i.vListInsert       list.o
    0x0800ea20   0x0800ea20   0x00000018   Code   RO         4761    i.vListInsertEnd    list.o
    0x0800ea38   0x0800ea38   0x00000054   Code   RO         6120    i.vPortEnterCritical  port.o
    0x0800ea8c   0x0800ea8c   0x0000003c   Code   RO         6121    i.vPortExitCritical  port.o
    0x0800eac8   0x0800eac8   0x000000a4   Code   RO         6064    i.vPortFree         heap_4.o
    0x0800eb6c   0x0800eb6c   0x00000028   Code   RO         6122    i.vPortSetupTimerInterrupt  port.o
    0x0800eb94   0x0800eb94   0x00000078   Code   RO         6123    i.vPortValidateInterruptPriority  port.o
    0x0800ec0c   0x0800ec0c   0x0000002c   Code   RO         4808    i.vQueueAddToRegistry  queue.o
    0x0800ec38   0x0800ec38   0x0000004a   Code   RO         4811    i.vQueueWaitForMessageRestricted  queue.o
    0x0800ec82   0x0800ec82   0x00000002   PAD
    0x0800ec84   0x0800ec84   0x0000005c   Code   RO         5169    i.vTaskDelay        tasks.o
    0x0800ece0   0x0800ece0   0x00000018   Code   RO         5173    i.vTaskInternalSetTimeOutState  tasks.o
    0x0800ecf8   0x0800ecf8   0x0000000c   Code   RO         5174    i.vTaskMissedYield  tasks.o
    0x0800ed04   0x0800ed04   0x00000038   Code   RO         5176    i.vTaskPlaceOnEventList  tasks.o
    0x0800ed3c   0x0800ed3c   0x00000040   Code   RO         5177    i.vTaskPlaceOnEventListRestricted  tasks.o
    0x0800ed7c   0x0800ed7c   0x000000b8   Code   RO         5184    i.vTaskStartScheduler  tasks.o
    0x0800ee34   0x0800ee34   0x00000010   Code   RO         5186    i.vTaskSuspendAll   tasks.o
    0x0800ee44   0x0800ee44   0x0000008c   Code   RO         5187    i.vTaskSwitchContext  tasks.o
    0x0800eed0   0x0800eed0   0x00000168   Code   RO         6124    i.xPortStartScheduler  port.o
    0x0800f038   0x0800f038   0x00000034   Code   RO         6125    i.xPortSysTickHandler  port.o
    0x0800f06c   0x0800f06c   0x000000e0   Code   RO         4815    i.xQueueGenericCreateStatic  queue.o
    0x0800f14c   0x0800f14c   0x00000098   Code   RO         4816    i.xQueueGenericReset  queue.o
    0x0800f1e4   0x0800f1e4   0x000001a8   Code   RO         4817    i.xQueueGenericSend  queue.o
    0x0800f38c   0x0800f38c   0x000000fc   Code   RO         4818    i.xQueueGenericSendFromISR  queue.o
    0x0800f488   0x0800f488   0x00000168   Code   RO         4826    i.xQueueReceive     queue.o
    0x0800f5f0   0x0800f5f0   0x000000a8   Code   RO         5190    i.xTaskCheckForTimeOut  tasks.o
    0x0800f698   0x0800f698   0x00000064   Code   RO         5191    i.xTaskCreate       tasks.o
    0x0800f6fc   0x0800f6fc   0x000000ba   Code   RO         5192    i.xTaskCreateStatic  tasks.o
    0x0800f7b6   0x0800f7b6   0x00000002   PAD
    0x0800f7b8   0x0800f7b8   0x00000020   Code   RO         5197    i.xTaskGetSchedulerState  tasks.o
    0x0800f7d8   0x0800f7d8   0x0000000c   Code   RO         5198    i.xTaskGetTickCount  tasks.o
    0x0800f7e4   0x0800f7e4   0x00000148   Code   RO         5200    i.xTaskIncrementTick  tasks.o
    0x0800f92c   0x0800f92c   0x000000c8   Code   RO         5203    i.xTaskPriorityDisinherit  tasks.o
    0x0800f9f4   0x0800f9f4   0x00000098   Code   RO         5205    i.xTaskRemoveFromEventList  tasks.o
    0x0800fa8c   0x0800fa8c   0x00000104   Code   RO         5206    i.xTaskResumeAll    tasks.o
    0x0800fb90   0x0800fb90   0x00000078   Code   RO         5530    i.xTimerCreateTimerTask  timers.o
    0x0800fc08   0x0800fc08   0x00000084   Code   RO         5531    i.xTimerGenericCommand  timers.o
    0x0800fc8c   0x0800fc8c   0x00000008   Data   RO         2045    .constdata          stm32f4xx_hal_dma.o
    0x0800fc94   0x0800fc94   0x00000018   Data   RO         4617    .constdata          system_stm32f4xx.o
    0x0800fcac   0x0800fcac   0x00000200   Data   RO         6202    .constdata          usb_commucation.o
    0x0800feac   0x0800feac   0x00000030   Data   RO         6379    .constdata          ins_task.o
    0x0800fedc   0x0800fedc   0x00000090   Data   RO         7266    .constdata          quaternionekf.o
    0x0800ff6c   0x0800ff6c   0x00000004   PAD
    0x0800ff70   0x0800ff70   0x00000030   Data   RO         8797    .constdata          m_wm.l(cos_i.o)
    0x0800ffa0   0x0800ffa0   0x000000c8   Data   RO         8834    .constdata          m_wm.l(rred.o)
    0x08010068   0x08010068   0x00000028   Data   RO         8838    .constdata          m_wm.l(sin_i.o)
    0x08010090   0x08010090   0x00000020   Data   RO         8883    Region$$Table       anon$$obj.o


    Execution Region RW_IRAM2 (Exec base: 0x10000000, Load base: 0x080101dc, Size: 0x00000000, Max: 0x00010000, ABSOLUTE)

    **** No section assigned to this execution region ****


    Execution Region RW_IRAM1 (Exec base: 0x20000000, Load base: 0x080100b0, Size: 0x0000d5f8, Max: 0x00021000, ABSOLUTE, COMPRESSED[0x0000012c])

    Exec Addr    Load Addr    Size         Type   Attr      Idx    E Section Name        Object

    0x20000000   COMPRESSED   0x00000014   Data   RW          315    .data               freertos.o
    0x20000014   COMPRESSED   0x00000009   Data   RW         2477    .data               stm32f4xx_hal.o
    0x2000001d   COMPRESSED   0x00000003   PAD
    0x20000020   COMPRESSED   0x00000004   Data   RW         4618    .data               system_stm32f4xx.o
    0x20000024   COMPRESSED   0x0000003c   Data   RW         5209    .data               tasks.o
    0x20000060   COMPRESSED   0x00000014   Data   RW         5539    .data               timers.o
    0x20000074   COMPRESSED   0x00000020   Data   RW         6070    .data               heap_4.o
    0x20000094   COMPRESSED   0x0000000c   Data   RW         6126    .data               port.o
    0x200000a0   COMPRESSED   0x00000007   Data   RW         6203    .data               usb_commucation.o
    0x200000a7   COMPRESSED   0x00000001   PAD
    0x200000a8   COMPRESSED   0x00000048   Data   RW         6380    .data               ins_task.o
    0x200000f0   COMPRESSED   0x00000008   Data   RW         6491    .data               chassis_task.o
    0x200000f8   COMPRESSED   0x00000001   Data   RW         6573    .data               xbox_rx_task.o
    0x200000f9   COMPRESSED   0x00000003   PAD
    0x200000fc   COMPRESSED   0x0000000a   Data   RW         6671    .data               clamp_task.o
    0x20000106   COMPRESSED   0x00000002   PAD
    0x20000108   COMPRESSED   0x00000040   Data   RW         6863    .data               bsp_dwt.o
    0x20000148   COMPRESSED   0x00000004   Data   RW         7052    .data               kalman_filter.o
    0x2000014c   COMPRESSED   0x00000018   Data   RW         7141    .data               user_lib.o
    0x20000164   COMPRESSED   0x000000d4   Data   RW         7267    .data               quaternionekf.o
    0x20000238   COMPRESSED   0x00000270   Data   RW         7341    .data               controller.o
    0x200004a8   COMPRESSED   0x00000048   Data   RW         7460    .data               bmi088driver.o
    0x200004f0   COMPRESSED   0x00000004   Data   RW         7537    .data               bmi088middleware.o
    0x200004f4   COMPRESSED   0x00000001   Data   RW         8180    .data               usbd_ctlreq.o
    0x200004f5   COMPRESSED   0x00000003   PAD
    0x200004f8   COMPRESSED   0x0000008a   Data   RW         8343    .data               usbd_cdc.o
    0x20000582   COMPRESSED   0x00000002   PAD
    0x20000584   COMPRESSED   0x00000004   Data   RW         8863    .data               mc_w.l(mvars.o)
    0x20000588   COMPRESSED   0x00000004   Data   RW         8864    .data               mc_w.l(mvars.o)
    0x2000058c   COMPRESSED   0x00000004   Data   RW         8868    .data               mc_w.l(errno.o)
    0x20000590        -       0x000006a8   Zero   RW          314    .bss                freertos.o
    0x20000c38        -       0x00000028   Zero   RW          563    .bss                can.o
    0x20000c60        -       0x00000118   Zero   RW          629    .bss                spi.o
    0x20000d78        -       0x00000168   Zero   RW          676    .bss                tim.o
    0x20000ee0        -       0x00000044   Zero   RW          743    .bss                usart.o
    0x20000f24        -       0x00000040   Zero   RW         4829    .bss                queue.o
    0x20000f64        -       0x000000f0   Zero   RW         5208    .bss                tasks.o
    0x20001054        -       0x00000110   Zero   RW         5538    .bss                timers.o
    0x20001164        -       0x00006000   Zero   RW         6069    .bss                heap_4.o
    0x20007164        -       0x0000000c   Zero   RW         6201    .bss                usb_commucation.o
    0x20007170        -       0x00000146   Zero   RW         6378    .bss                ins_task.o
    0x200072b6   COMPRESSED   0x00000002   PAD
    0x200072b8        -       0x000002a4   Zero   RW         6489    .bss                chassis_task.o
    0x2000755c        -       0x00000050   Zero   RW         6571    .bss                xbox_rx_task.o
    0x200075ac        -       0x00000243   Zero   RW         6961    .bss                motor_bsp.o
    0x200077ef   COMPRESSED   0x00000001   PAD
    0x200077f0        -       0x00000360   Zero   RW         7265    .bss                quaternionekf.o
    0x20007b50        -       0x00000058   Zero   RW         7459    .bss                bmi088driver.o
    0x20007ba8        -       0x000002dc   Zero   RW         7627    .bss                usb_device.o
    0x20007e84        -       0x00001046   Zero   RW         7740    .bss                usbd_cdc_if.o
    0x20008eca   COMPRESSED   0x00000002   PAD
    0x20008ecc        -       0x0000072c   Zero   RW         7827    .bss                usbd_conf.o
    0x200095f8        -       0x00002000   Zero   RW            2    HEAP                startup_stm32f407xx.o
    0x2000b5f8        -       0x00002000   Zero   RW            1    STACK               startup_stm32f407xx.o


==============================================================================

Image component sizes


      Code (inc. data)   RO Data    RW Data    ZI Data      Debug   Object Name

      3002        176          0         72         88      10194   bmi088driver.o
       116         30          0          4          0       3228   bmi088middleware.o
       192         20          0          0          0       2220   bsp_can.o
       580        112          0         64          0       4310   bsp_dwt.o
        58          0          0          0          0        830   bsp_pwm.o
        76         10          0          0          0        954   bsp_servo.o
       240         24          0          0         40       1653   can.o
      2260        128          0          8        676      10616   chassis_task.o
       168         28          0         10          0       2677   clamp_task.o
        10          0          0          0          0      20708   cmsis_os.o
       496         30          0          0          0      10802   control_data.o
      2252         38          0        624          0      11110   controller.o
        72          4          0          0          0        754   dma.o
         0          0          0          0          0      19648   event_groups.o
       220        106          0         20       1704     627754   freertos.o
       568         20          0          0          0       1295   gpio.o
       724         74          0         32      24576       4815   heap_4.o
      1654        128         48         72        326      26110   ins_task.o
      3160         26          0          4          0       8723   kalman_filter.o
       148          0          0          0          0       3518   list.o
       314         26          0          0          0     743466   main.o
       456         64          0          0        579       2383   motor_bsp.o
      1014         92          0         12          0      11941   port.o
      4200        244        144        212        864       8319   quaternionekf.o
      1918         20          0          0         64      17220   queue.o
       416         38          0          0        280       1899   spi.o
        36          8        392          0      16384        824   startup_stm32f407xx.o
       212         36          0          9          0       9329   stm32f4xx_hal.o
      2134          6          0          0          0      14139   stm32f4xx_hal_can.o
       304         22          0          0          0      34399   stm32f4xx_hal_cortex.o
      1246         16          8          0          0       5311   stm32f4xx_hal_dma.o
       542         50          0          0          0       3276   stm32f4xx_hal_gpio.o
        84          6          0          0          0        842   stm32f4xx_hal_msp.o
      3172         16          0          0          0      12021   stm32f4xx_hal_pcd.o
         2          0          0          0          0        965   stm32f4xx_hal_pcd_ex.o
      1820         84          0          0          0       5564   stm32f4xx_hal_rcc.o
      1078         14          0          0          0       4625   stm32f4xx_hal_spi.o
      2382        142          0          0          0      16777   stm32f4xx_hal_tim.o
       300         30          0          0          0       3277   stm32f4xx_hal_tim_ex.o
      2054         14          0          0          0       9823   stm32f4xx_hal_uart.o
       178         36          0          0          0       8140   stm32f4xx_it.o
      3240         78          0          0          0      16371   stm32f4xx_ll_usb.o
         0          0          0          0          0        396   stream_buffer.o
        20          6         24          4          0       1103   system_stm32f4xx.o
      2912        354          0         60        240      27218   tasks.o
      1316        104          0          0        360       5514   tim.o
      1318        124          0         20        272      30423   timers.o
       272         28          0          0         68       1726   usart.o
       164         20        512          7         12       6479   usb_commucation.o
         0          0          0          0        732        219   usb_device.o
      1656         48          0        138          0      11908   usbd_cdc.o
        56          6          0          0       4166       2344   usbd_cdc_if.o
       702         12          0          0       1836      15403   usbd_conf.o
      1204          0          0          0          0      14159   usbd_core.o
      2236         30          0          1          0      16247   usbd_ctlreq.o
       174          0          0          0          0       4656   usbd_ioreq.o
       790         26          0         24          0       6511   user_lib.o
       296         48          0          1         80       8172   xbox_rx_task.o

    ----------------------------------------------------------------------
     56278       2802       1164       1412      53352    1855308   Object Totals
         0          0         32          0          0          0   (incl. Generated)
        64          0          4         14          5          0   (incl. Padding)

    ----------------------------------------------------------------------

      Code (inc. data)   RO Data    RW Data    ZI Data      Debug   Library Member Name

       148          0          0          0          0       1719   arm_mat_add_f32.o
         8          0          0          0          0        841   arm_mat_init_f32.o
       732          0          0          0          0       3257   arm_mat_inverse_f32.o
       376          0          0          0          0       2510   arm_mat_mult_f32.o
       148          0          0          0          0       1719   arm_mat_sub_f32.o
       178          0          0          0          0       1815   arm_mat_trans_f32.o
       280         46          0          0          0        176   acosf.o
       300         42          0          0          0        176   asinf.o
       592         90          0          0          0        184   atan2f.o
       200         20          0          0          0        164   cos.o
       368         46         48          0          0        200   cos_i.o
        84         16          0          0          0        372   dunder.o
        44          0          0          0          0        248   fabs.o
        48          0          0          0          0        124   fpclassify.o
        38          0          0          0          0        116   fpclassifyf.o
        44         12          0          0          0        464   funder.o
       248          0          0          0          0        152   poly.o
      1080        142        200          0          0        188   rred.o
       200         20          0          0          0        164   sin.o
       304         24         40          0          0        208   sin_i.o
       120          0          0          0          0        272   sqrtf.o
        86          0          0          0          0          0   __dczerorl2.o
         0          0          0          0          0          0   entry.o
         0          0          0          0          0          0   entry10a.o
         0          0          0          0          0          0   entry11a.o
         8          4          0          0          0          0   entry2.o
         4          0          0          0          0          0   entry5.o
         0          0          0          0          0          0   entry7b.o
         0          0          0          0          0          0   entry8b.o
         8          4          0          0          0          0   entry9a.o
        12          6          0          4          0         68   errno.o
        30          0          0          0          0          0   handlers.o
        36          8          0          0          0         68   init.o
         0          0          0          0          0          0   iusefp.o
        30          0          0          0          0         68   llshl.o
        36          0          0          0          0         68   llsshr.o
        32          0          0          0          0         68   llushr.o
       108         16          0          0          0         84   malloc.o
        36          0          0          0          0         68   memcpya.o
        36          0          0          0          0        108   memseta.o
         0          0          0          8          0          0   mvars.o
        98          0          0          0          0         92   uldiv.o
        48          0          0          0          0         68   cdcmple.o
        56          0          0          0          0         88   d2f.o
       334          0          0          0          0        148   dadd.o
       222          0          0          0          0        100   ddiv.o
       186          0          0          0          0        176   depilogue.o
        62          0          0          0          0         80   dfixi.o
        34          0          0          0          0         76   dflti.o
        26          0          0          0          0         76   dfltui.o
       228          0          0          0          0         96   dmul.o
        38          0          0          0          0         68   f2d.o
       176          0          0          0          0        140   fadd.o
        28          0          0          0          0         68   fcmpeq.o
        28          0          0          0          0         68   fcmpgt.o
        28          0          0          0          0         68   fcmple.o
        28          0          0          0          0         68   fcmplt.o
       124          0          0          0          0         88   fdiv.o
       110          0          0          0          0        168   fepilogue.o
       100          0          0          0          0         76   fmul.o

    ----------------------------------------------------------------------
      7982        496        288         12          0      17481   Library Totals
        26          0          0          0          0          0   (incl. Padding)

    ----------------------------------------------------------------------

      Code (inc. data)   RO Data    RW Data    ZI Data      Debug   Library Name

      1590          0          0          0          0      11861   arm_cortexM4l_math.lib
      3950        458        288          0          0       3208   m_wm.l
       560         38          0         12          0        692   mc_w.l
      1856          0          0          0          0       1720   mf_w.l

    ----------------------------------------------------------------------
      7982        496        288         12          0      17481   Library Totals

    ----------------------------------------------------------------------

==============================================================================


      Code (inc. data)   RO Data    RW Data    ZI Data      Debug   

     64260       3298       1452       1424      53352    1831745   Grand Totals
     64260       3298       1452        300      53352    1831745   ELF Image Totals (compressed)
     64260       3298       1452        300          0          0   ROM Totals

==============================================================================

    Total RO  Size (Code + RO Data)                65712 (  64.17kB)
    Total RW  Size (RW Data + ZI Data)             54776 (  53.49kB)
    Total ROM Size (Code + RO Data + RW Data)      66012 (  64.46kB)

==============================================================================

