Component: ARM Compiler 5.06 update 4 (build 422) Tool: armlink [4d35d2]

==============================================================================

Section Cross References

    startup_stm32f407xx.o(STACK) refers (Special) to heapauxi.o(.text) for __use_two_region_memory
    startup_stm32f407xx.o(HEAP) refers (Special) to heapauxi.o(.text) for __use_two_region_memory
    startup_stm32f407xx.o(RESET) refers (Special) to heapauxi.o(.text) for __use_two_region_memory
    startup_stm32f407xx.o(RESET) refers to startup_stm32f407xx.o(STACK) for __initial_sp
    startup_stm32f407xx.o(RESET) refers to startup_stm32f407xx.o(.text) for Reset_Handler
    startup_stm32f407xx.o(RESET) refers to stm32f4xx_it.o(i.NMI_Handler) for NMI_Handler
    startup_stm32f407xx.o(RESET) refers to stm32f4xx_it.o(i.HardFault_Handler) for HardFault_Handler
    startup_stm32f407xx.o(RESET) refers to stm32f4xx_it.o(i.MemManage_Handler) for MemManage_Handler
    startup_stm32f407xx.o(RESET) refers to stm32f4xx_it.o(i.BusFault_Handler) for BusFault_Handler
    startup_stm32f407xx.o(RESET) refers to stm32f4xx_it.o(i.UsageFault_Handler) for UsageFault_Handler
    startup_stm32f407xx.o(RESET) refers to port.o(.emb_text) for SVC_Handler
    startup_stm32f407xx.o(RESET) refers to stm32f4xx_it.o(i.DebugMon_Handler) for DebugMon_Handler
    startup_stm32f407xx.o(RESET) refers to stm32f4xx_it.o(i.SysTick_Handler) for SysTick_Handler
    startup_stm32f407xx.o(RESET) refers to stm32f4xx_it.o(i.EXTI0_IRQHandler) for EXTI0_IRQHandler
    startup_stm32f407xx.o(RESET) refers to stm32f4xx_it.o(i.EXTI3_IRQHandler) for EXTI3_IRQHandler
    startup_stm32f407xx.o(RESET) refers to stm32f4xx_it.o(i.EXTI4_IRQHandler) for EXTI4_IRQHandler
    startup_stm32f407xx.o(RESET) refers to stm32f4xx_it.o(i.DMA1_Stream1_IRQHandler) for DMA1_Stream1_IRQHandler
    startup_stm32f407xx.o(RESET) refers to stm32f4xx_it.o(i.CAN1_TX_IRQHandler) for CAN1_TX_IRQHandler
    startup_stm32f407xx.o(RESET) refers to stm32f4xx_it.o(i.CAN1_RX0_IRQHandler) for CAN1_RX0_IRQHandler
    startup_stm32f407xx.o(RESET) refers to stm32f4xx_it.o(i.EXTI9_5_IRQHandler) for EXTI9_5_IRQHandler
    startup_stm32f407xx.o(RESET) refers to stm32f4xx_it.o(i.TIM3_IRQHandler) for TIM3_IRQHandler
    startup_stm32f407xx.o(RESET) refers to stm32f4xx_it.o(i.TIM4_IRQHandler) for TIM4_IRQHandler
    startup_stm32f407xx.o(RESET) refers to stm32f4xx_it.o(i.USART2_IRQHandler) for USART2_IRQHandler
    startup_stm32f407xx.o(RESET) refers to stm32f4xx_it.o(i.DMA2_Stream3_IRQHandler) for DMA2_Stream3_IRQHandler
    startup_stm32f407xx.o(RESET) refers to stm32f4xx_it.o(i.CAN2_RX0_IRQHandler) for CAN2_RX0_IRQHandler
    startup_stm32f407xx.o(RESET) refers to stm32f4xx_it.o(i.OTG_FS_IRQHandler) for OTG_FS_IRQHandler
    startup_stm32f407xx.o(.text) refers (Special) to heapauxi.o(.text) for __use_two_region_memory
    startup_stm32f407xx.o(.text) refers to system_stm32f4xx.o(i.SystemInit) for SystemInit
    startup_stm32f407xx.o(.text) refers to __main.o(!!!main) for __main
    startup_stm32f407xx.o(.text) refers to startup_stm32f407xx.o(HEAP) for Heap_Mem
    startup_stm32f407xx.o(.text) refers to startup_stm32f407xx.o(STACK) for Stack_Mem
    main.o(i.SystemClock_Config) refers to rt_memclr_w.o(.text) for __aeabi_memclr4
    main.o(i.SystemClock_Config) refers to stm32f4xx_hal_rcc.o(i.HAL_RCC_OscConfig) for HAL_RCC_OscConfig
    main.o(i.SystemClock_Config) refers to main.o(i.Error_Handler) for Error_Handler
    main.o(i.SystemClock_Config) refers to stm32f4xx_hal_rcc.o(i.HAL_RCC_ClockConfig) for HAL_RCC_ClockConfig
    main.o(i.main) refers to stm32f4xx_hal.o(i.HAL_Init) for HAL_Init
    main.o(i.main) refers to main.o(i.SystemClock_Config) for SystemClock_Config
    main.o(i.main) refers to gpio.o(i.MX_GPIO_Init) for MX_GPIO_Init
    main.o(i.main) refers to dma.o(i.MX_DMA_Init) for MX_DMA_Init
    main.o(i.main) refers to can.o(i.MX_CAN1_Init) for MX_CAN1_Init
    main.o(i.main) refers to tim.o(i.MX_TIM3_Init) for MX_TIM3_Init
    main.o(i.main) refers to usart.o(i.MX_USART2_UART_Init) for MX_USART2_UART_Init
    main.o(i.main) refers to usart.o(i.MX_USART3_UART_Init) for MX_USART3_UART_Init
    main.o(i.main) refers to tim.o(i.MX_TIM6_Init) for MX_TIM6_Init
    main.o(i.main) refers to i2c.o(i.MX_I2C3_Init) for MX_I2C3_Init
    main.o(i.main) refers to spi.o(i.MX_SPI1_Init) for MX_SPI1_Init
    main.o(i.main) refers to tim.o(i.MX_TIM10_Init) for MX_TIM10_Init
    main.o(i.main) refers to tim.o(i.MX_TIM4_Init) for MX_TIM4_Init
    main.o(i.main) refers to tim.o(i.MX_TIM8_Init) for MX_TIM8_Init
    main.o(i.main) refers to can.o(i.MX_CAN2_Init) for MX_CAN2_Init
    main.o(i.main) refers to usart.o(i.MX_USART6_UART_Init) for MX_USART6_UART_Init
    main.o(i.main) refers to tim.o(i.MX_TIM1_Init) for MX_TIM1_Init
    main.o(i.main) refers to stm32f4xx_hal_tim.o(i.HAL_TIM_Base_Start) for HAL_TIM_Base_Start
    main.o(i.main) refers to stm32f4xx_hal_tim.o(i.HAL_TIM_PWM_Start) for HAL_TIM_PWM_Start
[...]
    __fpl_fcmp_Inf                           0x08010f91   Thumb Code    24  fcmpi.o(x$fpl$fcmpinf)
    __aeabi_fdiv                             0x08010fa9   Thumb Code     0  fdiv.o(x$fpl$fdiv)
    _fdiv                                    0x08010fa9   Thumb Code    18  fdiv.o(x$fpl$fdiv)
    __aeabi_cfcmpeq                          0x08010fbd   Thumb Code     0  feqf.o(x$fpl$feqf)
    _fcmpeq                                  0x08010fbd   Thumb Code    48  feqf.o(x$fpl$feqf)
    _fcmpge                                  0x08010fed   Thumb Code    48  fgeqf.o(x$fpl$fgeqf)
    __aeabi_cfcmple                          0x0801101d   Thumb Code     0  fleqf.o(x$fpl$fleqf)
    _fcmple                                  0x0801101d   Thumb Code    48  fleqf.o(x$fpl$fleqf)
    __fpl_fcmple_InfNaN                      0x08011035   Thumb Code     0  fleqf.o(x$fpl$fleqf)
    __aeabi_fmul                             0x0801104d   Thumb Code     0  fmul.o(x$fpl$fmul)
    _fmul                                    0x0801104d   Thumb Code    18  fmul.o(x$fpl$fmul)
    __fpl_fnaninf                            0x0801105f   Thumb Code   140  fnaninf.o(x$fpl$fnaninf)
    _fp_init                                 0x080110eb   Thumb Code    10  fpinit.o(x$fpl$fpinit)
    __fplib_config_fpu_vfp                   0x080110f3   Thumb Code     0  fpinit.o(x$fpl$fpinit)
    __fplib_config_pureend_doubles           0x080110f3   Thumb Code     0  fpinit.o(x$fpl$fpinit)
    __fpl_fretinf                            0x080110f5   Thumb Code    10  fretinf.o(x$fpl$fretinf)
    __aeabi_fsub                             0x080110ff   Thumb Code     0  faddsub_clz.o(x$fpl$fsub)
    _fsub                                    0x080110ff   Thumb Code    18  faddsub_clz.o(x$fpl$fsub)
    __I$use$fp                               0x08011110   Number         0  usenofp.o(x$fpl$usenofp)
    AHBPrescTable                            0x08011134   Data          16  system_stm32f4xx.o(.constdata)
    APBPrescTable                            0x08011144   Data           8  system_stm32f4xx.o(.constdata)
    xb                                       0x0801114c   Data          12  ins_task.o(.constdata)
    yb                                       0x08011158   Data          12  ins_task.o(.constdata)
    zb                                       0x08011164   Data          12  ins_task.o(.constdata)
    IMU_QuaternionEKF_F                      0x0801117c   Data         144  quaternionekf.o(.constdata)
    Region$$Table$$Base                      0x0801133c   Number         0  anon$$obj.o(Region$$Table)
    Region$$Table$$Limit                     0x0801135c   Number         0  anon$$obj.o(Region$$Table)
    Gimbal_TaskHandle                        0x20000000   Data           4  freertos.o(.data)
    Clamp_TaskHandle                         0x20000004   Data           4  freertos.o(.data)
    Get_Base_Velocities_TaskHandle           0x20000008   Data           4  freertos.o(.data)
    defaultTaskHandle                        0x2000000c   Data           4  freertos.o(.data)
    FS_Desc                                  0x20000014   Data          28  usbd_desc.o(.data)
    USBD_FS_DeviceDesc                       0x20000030   Data          18  usbd_desc.o(.data)
    USBD_LangIDDesc                          0x20000044   Data           4  usbd_desc.o(.data)
    USBD_StringSerial                        0x20000048   Data          26  usbd_desc.o(.data)
    USBD_Interface_fops_FS                   0x20000064   Data          20  usbd_cdc_if.o(.data)
    uwTick                                   0x20000078   Data           4  stm32f4xx_hal.o(.data)
    uwTickPrio                               0x2000007c   Data           4  stm32f4xx_hal.o(.data)
    uwTickFreq                               0x20000080   Data           1  stm32f4xx_hal.o(.data)
    SystemCoreClock                          0x20000084   Data           4  system_stm32f4xx.o(.data)
    pxCurrentTCB                             0x20000088   Data           4  tasks.o(.data)
    USBD_CDC                                 0x20000114   Data          56  usbd_cdc.o(.data)
    INS_DWT_Count                            0x20000194   Data           4  ins_task.o(.data)
    ins_debug_mode                           0x200001a0   Data           1  ins_task.o(.data)
    RefTemp                                  0x200001a4   Data           4  ins_task.o(.data)
    rx_p                                     0x200001dc   Data           4  xbox_rx_task.o(.data)
    start_receive_flag                       0x200001e0   Data           1  xbox_rx_task.o(.data)
    Clamp_Task_1                             0x200001e4   Data           8  clamp_task.o(.data)
    SysTime                                  0x200001f0   Data           8  bsp_dwt.o(.data)
    CYCCNT64                                 0x20000210   Data           8  bsp_dwt.o(.data)
    sizeof_float                             0x20000230   Data           2  kalman_filter.o(.data)
    sizeof_double                            0x20000232   Data           2  kalman_filter.o(.data)
    GlobalDebugMode                          0x20000234   Data           1  user_lib.o(.data)
    IMU_QuaternionEKF_P                      0x2000024c   Data         144  quaternionekf.o(.data)
    BMI088_ACCEL_SEN                         0x20000590   Data           4  bmi088driver.o(.data)
    BMI088_GYRO_SEN                          0x20000594   Data           4  bmi088driver.o(.data)
    gNormDiff                                0x2000059c   Data           4  bmi088driver.o(.data)
    caliOffset                               0x200005a0   Data           1  bmi088driver.o(.data)
    caliCount                                0x200005a2   Data           2  bmi088driver.o(.data)
    BMI088_SPI                               0x200005d8   Data           4  bmi088middleware.o(.data)
    hcan1                                    0x20000c84   Data          40  can.o(.bss)
    hcan2                                    0x20000cac   Data          40  can.o(.bss)
    hi2c3                                    0x20000cd4   Data          84  i2c.o(.bss)
    hspi1                                    0x20000d28   Data          88  spi.o(.bss)
    hdma_spi1_rx                             0x20000d80   Data          96  spi.o(.bss)
    hdma_spi1_tx                             0x20000de0   Data          96  spi.o(.bss)
    htim1                                    0x20000e40   Data          72  tim.o(.bss)
    htim3                                    0x20000e88   Data          72  tim.o(.bss)
    htim4                                    0x20000ed0   Data          72  tim.o(.bss)
    htim6                                    0x20000f18   Data          72  tim.o(.bss)
    htim8                                    0x20000f60   Data          72  tim.o(.bss)
    htim10                                   0x20000fa8   Data          72  tim.o(.bss)
    huart2                                   0x20000ff0   Data          68  usart.o(.bss)
    huart3                                   0x20001034   Data          68  usart.o(.bss)
    huart6                                   0x20001078   Data          68  usart.o(.bss)
    hdma_usart3_rx                           0x200010bc   Data          96  usart.o(.bss)
    hUsbDeviceFS                             0x2000111c   Data         732  usb_device.o(.bss)
    USBD_StrDesc                             0x200013f8   Data         512  usbd_desc.o(.bss)
    UserRxBufferFS                           0x200015f8   Data        2048  usbd_cdc_if.o(.bss)
    UserTxBufferFS                           0x20001df8   Data        2048  usbd_cdc_if.o(.bss)
    hpcd_USB_OTG_FS                          0x200025f8   Data        1292  usbd_conf.o(.bss)
    xQueueRegistry                           0x20002d24   Data          64  queue.o(.bss)
    INS                                      0x20008f64   Data         128  ins_task.o(.bss)
    IMU_Param                                0x20008fe4   Data          28  ins_task.o(.bss)
    TempCtrl                                 0x20009000   Data         170  ins_task.o(.bss)
    chassis                                  0x200090ac   Data         600  chassis_task.o(.bss)
    Kinematics                               0x20009304   Data          72  chassis_task.o(.bss)
    xbox_data                                0x2000934c   Data          30  xbox_rx_task.o(.bss)
    rx_data                                  0x2000936a   Data          60  xbox_rx_task.o(.bss)
    receive_data                             0x200093a6   Data          30  xbox_rx_task.o(.bss)
    Motor_1                                  0x200093c4   Data         193  motor_bsp.o(.bss)
    Motor_2                                  0x20009485   Data         193  motor_bsp.o(.bss)
    Motor_3                                  0x20009546   Data         193  motor_bsp.o(.bss)
    P_matrix_1                               0x20009608   Data         144  kalman_filter.o(.bss)
    P_matrix_2                               0x20009698   Data         144  kalman_filter.o(.bss)
    P_matrix_3                               0x20009728   Data         144  kalman_filter.o(.bss)
    P_matrix_4                               0x200097b8   Data         144  kalman_filter.o(.bss)
    P_matrix_5                               0x20009848   Data         144  kalman_filter.o(.bss)
    P_matrix_6                               0x200098d8   Data         144  kalman_filter.o(.bss)
    P_matrix_7                               0x20009968   Data         144  kalman_filter.o(.bss)
    IMU_Pminus                               0x200099f8   Data         144  kalman_filter.o(.bss)
    IMU_temp                                 0x20009a88   Data         144  kalman_filter.o(.bss)
    IMU_P                                    0x20009b18   Data         144  kalman_filter.o(.bss)
    QEKF_INS                                 0x20009ba8   Data         480  quaternionekf.o(.bss)
    IMU_QuaternionEKF_K                      0x20009d88   Data          72  quaternionekf.o(.bss)
    IMU_QuaternionEKF_H                      0x20009dd0   Data          72  quaternionekf.o(.bss)
    IMU_F                                    0x20009e18   Data         144  quaternionekf.o(.bss)
    IMU_H                                    0x20009ea8   Data          72  quaternionekf.o(.bss)
    IMU_xhat                                 0x20009ef0   Data          24  quaternionekf.o(.bss)
    gyroDiff                                 0x20009f08   Data          12  bmi088driver.o(.bss)
    BMI088                                   0x20009f14   Data          52  bmi088driver.o(.bss)
    imu_text                                 0x20009f48   Data          24  bmi088driver.o(.bss)
    __libspace_start                         0x20009f60   Data          96  libspace.o(.bss)
    __temporary_stack_top$libspace           0x20009fc0   Data           0  libspace.o(.bss)



==============================================================================

Memory Map of the image

  Image Entry point : 0x08000189

  Load Region LR_IROM1 (Base: 0x08000000, Size: 0x00011938, Max: 0x00100000, ABSOLUTE, COMPRESSED[0x000114c8])

    Execution Region ER_IROM1 (Exec base: 0x08000000, Load base: 0x08000000, Size: 0x0001135c, Max: 0x00100000, ABSOLUTE)

    Exec Addr    Load Addr    Size         Type   Attr      Idx    E Section Name        Object

    0x08000000   0x08000000   0x00000188   Data   RO            3    RESET               startup_stm32f407xx.o
    0x08000188   0x08000188   0x00000008   Code   RO         8735  * !!!main             c_w.l(__main.o)
    0x08000190   0x08000190   0x00000034   Code   RO         9193    !!!scatter          c_w.l(__scatter.o)
    0x080001c4   0x080001c4   0x0000005a   Code   RO         9191    !!dczerorl2         c_w.l(__dczerorl2.o)
    0x0800021e   0x0800021e   0x00000002   PAD
    0x08000220   0x08000220   0x0000001c   Code   RO         9195    !!handler_zi        c_w.l(__scatter_zi.o)
    0x0800023c   0x0800023c   0x00000002   Code   RO         9130    .ARM.Collect$$libinit$$00000000  c_w.l(libinit.o)
    0x0800023e   0x0800023e   0x00000004   Code   RO         8931    .ARM.Collect$$libinit$$00000001  c_w.l(libinit2.o)
    0x08000242   0x08000242   0x00000000   Code   RO         8934    .ARM.Collect$$libinit$$00000004  c_w.l(libinit2.o)
    0x08000242   0x08000242   0x00000008   Code   RO         8935    .ARM.Collect$$libinit$$00000005  c_w.l(libinit2.o)
    0x0800024a   0x0800024a   0x00000000   Code   RO         8937    .ARM.Collect$$libinit$$0000000A  c_w.l(libinit2.o)
    0x0800024a   0x0800024a   0x00000000   Code   RO         8939    .ARM.Collect$$libinit$$0000000C  c_w.l(libinit2.o)
    0x0800024a   0x0800024a   0x00000000   Code   RO         8941    .ARM.Collect$$libinit$$0000000E  c_w.l(libinit2.o)
    0x0800024a   0x0800024a   0x00000000   Code   RO         8944    .ARM.Collect$$libinit$$00000011  c_w.l(libinit2.o)
    0x0800024a   0x0800024a   0x00000000   Code   RO         8946    .ARM.Collect$$libinit$$00000013  c_w.l(libinit2.o)
    0x0800024a   0x0800024a   0x00000000   Code   RO         8948    .ARM.Collect$$libinit$$00000015  c_w.l(libinit2.o)
    0x0800024a   0x0800024a   0x00000000   Code   RO         8950    .ARM.Collect$$libinit$$00000017  c_w.l(libinit2.o)
    0x0800024a   0x0800024a   0x00000000   Code   RO         8952    .ARM.Collect$$libinit$$00000019  c_w.l(libinit2.o)
    0x0800024a   0x0800024a   0x00000000   Code   RO         8954    .ARM.Collect$$libinit$$0000001B  c_w.l(libinit2.o)
    0x0800024a   0x0800024a   0x00000000   Code   RO         8956    .ARM.Collect$$libinit$$0000001D  c_w.l(libinit2.o)
    0x0800024a   0x0800024a   0x00000000   Code   RO         8958    .ARM.Collect$$libinit$$0000001F  c_w.l(libinit2.o)
    0x0800024a   0x0800024a   0x00000000   Code   RO         8960    .ARM.Collect$$libinit$$00000021  c_w.l(libinit2.o)
    0x0800024a   0x0800024a   0x00000000   Code   RO         8962    .ARM.Collect$$libinit$$00000023  c_w.l(libinit2.o)
    0x0800024a   0x0800024a   0x00000000   Code   RO         8964    .ARM.Collect$$libinit$$00000025  c_w.l(libinit2.o)
    0x0800024a   0x0800024a   0x00000000   Code   RO         8968    .ARM.Collect$$libinit$$0000002C  c_w.l(libinit2.o)
    0x0800024a   0x0800024a   0x00000000   Code   RO         8970    .ARM.Collect$$libinit$$0000002E  c_w.l(libinit2.o)
    0x0800024a   0x0800024a   0x00000000   Code   RO         8972    .ARM.Collect$$libinit$$00000030  c_w.l(libinit2.o)
    0x0800024a   0x0800024a   0x00000000   Code   RO         8974    .ARM.Collect$$libinit$$00000032  c_w.l(libinit2.o)
    0x0800024a   0x0800024a   0x00000002   Code   RO         8975    .ARM.Collect$$libinit$$00000033  c_w.l(libinit2.o)
    0x0800024c   0x0800024c   0x00000002   Code   RO         9188    .ARM.Collect$$libshutdown$$00000000  c_w.l(libshutdown.o)
    0x0800024e   0x0800024e   0x00000000   Code   RO         9146    .ARM.Collect$$libshutdown$$00000002  c_w.l(libshutdown2.o)
    0x0800024e   0x0800024e   0x00000000   Code   RO         9148    .ARM.Collect$$libshutdown$$00000004  c_w.l(libshutdown2.o)
    0x0800024e   0x0800024e   0x00000000   Code   RO         9151    .ARM.Collect$$libshutdown$$00000007  c_w.l(libshutdown2.o)
    0x0800024e   0x0800024e   0x00000000   Code   RO         9154    .ARM.Collect$$libshutdown$$0000000A  c_w.l(libshutdown2.o)
    0x0800024e   0x0800024e   0x00000000   Code   RO         9156    .ARM.Collect$$libshutdown$$0000000C  c_w.l(libshutdown2.o)
    0x0800024e   0x0800024e   0x00000000   Code   RO         9159    .ARM.Collect$$libshutdown$$0000000F  c_w.l(libshutdown2.o)
    0x0800024e   0x0800024e   0x00000002   Code   RO         9160    .ARM.Collect$$libshutdown$$00000010  c_w.l(libshutdown2.o)
    0x08000250   0x08000250   0x00000000   Code   RO         8891    .ARM.Collect$$rtentry$$00000000  c_w.l(__rtentry.o)
    0x08000250   0x08000250   0x00000000   Code   RO         9050    .ARM.Collect$$rtentry$$00000002  c_w.l(__rtentry2.o)
    0x08000250   0x08000250   0x00000006   Code   RO         9062    .ARM.Collect$$rtentry$$00000004  c_w.l(__rtentry4.o)
    0x08000256   0x08000256   0x00000000   Code   RO         9052    .ARM.Collect$$rtentry$$00000009  c_w.l(__rtentry2.o)
    0x08000256   0x08000256   0x00000004   Code   RO         9053    .ARM.Collect$$rtentry$$0000000A  c_w.l(__rtentry2.o)
    0x0800025a   0x0800025a   0x00000000   Code   RO         9055    .ARM.Collect$$rtentry$$0000000C  c_w.l(__rtentry2.o)
    0x0800025a   0x0800025a   0x00000008   Code   RO         9056    .ARM.Collect$$rtentry$$0000000D  c_w.l(__rtentry2.o)
    0x08000262   0x08000262   0x00000002   Code   RO         9133    .ARM.Collect$$rtexit$$00000000  c_w.l(rtexit.o)
    0x08000264   0x08000264   0x00000000   Code   RO         9164    .ARM.Collect$$rtexit$$00000002  c_w.l(rtexit2.o)
    0x08000264   0x08000264   0x00000004   Code   RO         9165    .ARM.Collect$$rtexit$$00000003  c_w.l(rtexit2.o)
    0x08000268   0x08000268   0x00000006   Code   RO         9166    .ARM.Collect$$rtexit$$00000004  c_w.l(rtexit2.o)
    0x0800026e   0x0800026e   0x00000002   PAD
    0x08000270   0x08000270   0x000000be   Code   RO         6927    .emb_text           port.o
    0x0800032e   0x0800032e   0x00000002   PAD
    0x08000330   0x08000330   0x00000000   Code   RO         9073    .emb_text           c_w.l(maybetermalloc1.o)
    0x08000330   0x08000330   0x00000040   Code   RO            4    .text               startup_stm32f407xx.o
    0x08000370   0x08000370   0x0000005e   Code   RO         8658    .text               c_w.l(h1_alloc.o)
    0x080003ce   0x080003ce   0x000000ee   Code   RO         8712    .text               c_w.l(lludivv7m.o)
    0x080004bc   0x080004bc   0x0000008a   Code   RO         8721    .text               c_w.l(rt_memcpy_v6.o)
    0x08000546   0x08000546   0x00000064   Code   RO         8723    .text               c_w.l(rt_memcpy_w.o)
    0x080005aa   0x080005aa   0x00000010   Code   RO         8727    .text               c_w.l(aeabi_memset.o)
    0x080005ba   0x080005ba   0x00000044   Code   RO         8729    .text               c_w.l(rt_memclr.o)
    0x080005fe   0x080005fe   0x0000004e   Code   RO         8731    .text               c_w.l(rt_memclr_w.o)
    0x0800064c   0x0800064c   0x00000006   Code   RO         8733    .text               c_w.l(heapauxi.o)
    0x08000652   0x08000652   0x00000002   PAD
    0x08000654   0x08000654   0x00000008   Code   RO         8899    .text               c_w.l(rt_heap_descriptor_intlibspace.o)
    0x0800065c   0x0800065c   0x00000004   Code   RO         8901    .text               c_w.l(hguard.o)
    0x08000660   0x08000660   0x0000008a   Code   RO         8903    .text               c_w.l(init_alloc.o)
    0x080006ea   0x080006ea   0x0000000e   Code   RO         8909    .text               c_w.l(h1_init.o)
    0x080006f8   0x080006f8   0x0000004e   Code   RO         8911    .text               c_w.l(h1_free.o)
    0x08000746   0x08000746   0x00000016   Code   RO         8927    .text               c_w.l(_rserrno.o)
    0x0800075c   0x0800075c   0x00000008   Code   RO         9046    .text               c_w.l(libspace.o)
    0x08000764   0x08000764   0x00000008   Code   RO         9069    .text               c_w.l(rt_errno_addr_intlibspace.o)
    0x0800076c   0x0800076c   0x00000034   Code   RO         9075    .text               c_w.l(h1_extend.o)
    0x080007a0   0x080007a0   0x0000000e   Code   RO         9079    .text               c_w.l(defsig_rtmem_outer.o)
    0x080007ae   0x080007ae   0x00000002   Code   RO         9102    .text               c_w.l(use_no_semi.o)
    0x080007b0   0x080007b0   0x00000000   Code   RO         9104    .text               c_w.l(indicate_semi.o)
    0x080007b0   0x080007b0   0x0000004a   Code   RO         9105    .text               c_w.l(sys_stackheap_outer.o)
    0x080007fa   0x080007fa   0x00000012   Code   RO         9111    .text               c_w.l(exit.o)
    0x0800080c   0x0800080c   0x0000000a   Code   RO         9113    .text               c_w.l(defsig_exit.o)
    0x08000816   0x08000816   0x00000002   PAD
    0x08000818   0x08000818   0x00000050   Code   RO         9119    .text               c_w.l(defsig_rtmem_inner.o)
    0x08000868   0x08000868   0x0000000c   Code   RO         9131    .text               c_w.l(sys_exit.o)
    0x08000874   0x08000874   0x00000032   Code   RO         9141    .text               c_w.l(defsig_general.o)
    0x080008a6   0x080008a6   0x0000000e   Code   RO         9161    .text               c_w.l(sys_wrch.o)
    0x080008b4   0x080008b4   0x00000094   Code   RO         8501    .text.arm_mat_add_f32  arm_cortexM4l_math.lib(arm_mat_add_f32.o)
    0x08000948   0x08000948   0x00000008   Code   RO         8511    .text.arm_mat_init_f32  arm_cortexM4l_math.lib(arm_mat_init_f32.o)
    0x08000950   0x08000950   0x000002dc   Code   RO         8520    .text.arm_mat_inverse_f32  arm_cortexM4l_math.lib(arm_mat_inverse_f32.o)
    0x08000c2c   0x08000c2c   0x00000178   Code   RO         8530    .text.arm_mat_mult_f32  arm_cortexM4l_math.lib(arm_mat_mult_f32.o)
    0x08000da4   0x08000da4   0x00000094   Code   RO         8540    .text.arm_mat_sub_f32  arm_cortexM4l_math.lib(arm_mat_sub_f32.o)
    0x08000e38   0x08000e38   0x000000b2   Code   RO         8550    .text.arm_mat_trans_f32  arm_cortexM4l_math.lib(arm_mat_trans_f32.o)
    0x08000eea   0x08000eea   0x00000002   PAD
    0x08000eec   0x08000eec   0x00000014   Code   RO         8389    i.BMI088_ACCEL_NS_H  bmi088middleware.o
    0x08000f00   0x08000f00   0x00000014   Code   RO         8390    i.BMI088_ACCEL_NS_L  bmi088middleware.o
    0x08000f14   0x08000f14   0x00000014   Code   RO         8391    i.BMI088_GYRO_NS_H  bmi088middleware.o
    0x08000f28   0x08000f28   0x00000014   Code   RO         8392    i.BMI088_GYRO_NS_L  bmi088middleware.o
    0x08000f3c   0x08000f3c   0x000002f4   Code   RO         8308    i.BMI088_Read       bmi088driver.o
    0x08001230   0x08001230   0x00000098   Code   RO         8309    i.BMI088_init       bmi088driver.o
    0x080012c8   0x080012c8   0x00000026   Code   RO         8310    i.BMI088_read_muli_reg  bmi088driver.o
    0x080012ee   0x080012ee   0x00000018   Code   RO         8311    i.BMI088_read_single_reg  bmi088driver.o
    0x08001306   0x08001306   0x00000002   PAD
    0x08001308   0x08001308   0x00000024   Code   RO         8393    i.BMI088_read_write_byte  bmi088middleware.o
    0x0800132c   0x0800132c   0x00000014   Code   RO         8312    i.BMI088_write_single_reg  bmi088driver.o
    0x08001340   0x08001340   0x000001fc   Code   RO         7537    i.BaseVel_To_WheelVel  chassis_task.o
    0x0800153c   0x0800153c   0x0000015a   Code   RO         7437    i.BodyFrameToEarthFrame  ins_task.o
    0x08001696   0x08001696   0x00000004   Code   RO          687    i.BusFault_Handler  stm32f4xx_it.o
    0x0800169a   0x0800169a   0x00000002   PAD
    0x0800169c   0x0800169c   0x00000010   Code   RO          688    i.CAN1_RX0_IRQHandler  stm32f4xx_it.o
    0x080016ac   0x080016ac   0x00000010   Code   RO          689    i.CAN1_TX_IRQHandler  stm32f4xx_it.o
    0x080016bc   0x080016bc   0x00000010   Code   RO          690    i.CAN2_RX0_IRQHandler  stm32f4xx_it.o
    0x080016cc   0x080016cc   0x00000044   Code   RO          991    i.CDC_Control_FS    usbd_cdc_if.o
    0x08001710   0x08001710   0x00000004   Code   RO          992    i.CDC_DeInit_FS     usbd_cdc_if.o
    0x08001714   0x08001714   0x00000024   Code   RO          993    i.CDC_Init_FS       usbd_cdc_if.o
    0x08001738   0x08001738   0x0000001c   Code   RO          994    i.CDC_Receive_FS    usbd_cdc_if.o
    0x08001754   0x08001754   0x0000000c   Code   RO          995    i.CDC_TransmitCplt_FS  usbd_cdc_if.o
    0x08001760   0x08001760   0x00000540   Code   RO         8313    i.Calibrate_MPU_Offset  bmi088driver.o
    0x08001ca0   0x08001ca0   0x000000d0   Code   RO         7538    i.Chassis_PID       chassis_task.o
    0x08001d70   0x08001d70   0x00000028   Code   RO         7642    i.Clamp_Init        clamp_task.o
    0x08001d98   0x08001d98   0x00000054   Code   RO         7643    i.Clamp_task        clamp_task.o
    0x08001dec   0x08001dec   0x00000010   Code   RO          691    i.DMA1_Stream1_IRQHandler  stm32f4xx_it.o
    0x08001dfc   0x08001dfc   0x00000010   Code   RO          692    i.DMA2_Stream3_IRQHandler  stm32f4xx_it.o
    0x08001e0c   0x08001e0c   0x00000034   Code   RO         2355    i.DMA_CalcBaseAndBitshift  stm32f4xx_hal_dma.o
    0x08001e40   0x08001e40   0x000000aa   Code   RO         2356    i.DMA_CheckFifoParam  stm32f4xx_hal_dma.o
    0x08001eea   0x08001eea   0x00000002   PAD
    0x08001eec   0x08001eec   0x00000030   Code   RO         7721    i.DWT_CNT_Update    bsp_dwt.o
    0x08001f1c   0x08001f1c   0x0000003c   Code   RO         7722    i.DWT_Delay         bsp_dwt.o
    0x08001f58   0x08001f58   0x0000004c   Code   RO         7723    i.DWT_GetDeltaT     bsp_dwt.o
    0x08001fa4   0x08001fa4   0x00000054   Code   RO         7726    i.DWT_GetTimeline_s  bsp_dwt.o
    0x08001ff8   0x08001ff8   0x00000068   Code   RO         7728    i.DWT_Init          bsp_dwt.o
    0x08002060   0x08002060   0x000000d0   Code   RO         7729    i.DWT_SysTimeUpdate  bsp_dwt.o
    0x08002130   0x08002130   0x00000002   Code   RO          693    i.DebugMon_Handler  stm32f4xx_it.o
    0x08002132   0x08002132   0x0000000a   Code   RO          694    i.EXTI0_IRQHandler  stm32f4xx_it.o
    0x0800213c   0x0800213c   0x0000000a   Code   RO          695    i.EXTI3_IRQHandler  stm32f4xx_it.o
    0x08002146   0x08002146   0x0000000a   Code   RO          696    i.EXTI4_IRQHandler  stm32f4xx_it.o
    0x08002150   0x08002150   0x0000000a   Code   RO          697    i.EXTI9_5_IRQHandler  stm32f4xx_it.o
    0x0800215a   0x0800215a   0x0000015a   Code   RO         7438    i.EarthFrameToBodyFrame  ins_task.o
    0x080022b4   0x080022b4   0x00000006   Code   RO           13    i.Error_Handler     main.o
    0x080022ba   0x080022ba   0x00000002   PAD
    0x080022bc   0x080022bc   0x00000230   Code   RO         7539    i.Get_Base_Velocities  chassis_task.o
    0x080024ec   0x080024ec   0x00000034   Code   RO          901    i.Get_SerialNum     usbd_desc.o
    0x08002520   0x08002520   0x0000002c   Code   RO         7540    i.Gimbal_Task       chassis_task.o
    0x0800254c   0x0800254c   0x0000002a   Code   RO         3034    i.HAL_CAN_ActivateNotification  stm32f4xx_hal_can.o
    0x08002576   0x08002576   0x00000156   Code   RO         3035    i.HAL_CAN_AddTxMessage  stm32f4xx_hal_can.o
    0x080026cc   0x080026cc   0x00000124   Code   RO         3036    i.HAL_CAN_ConfigFilter  stm32f4xx_hal_can.o
    0x080027f0   0x080027f0   0x00000002   Code   RO         3039    i.HAL_CAN_ErrorCallback  stm32f4xx_hal_can.o
    0x080027f2   0x080027f2   0x0000017a   Code   RO         3042    i.HAL_CAN_GetRxMessage  stm32f4xx_hal_can.o
    0x0800296c   0x0800296c   0x0000024e   Code   RO         3046    i.HAL_CAN_IRQHandler  stm32f4xx_hal_can.o
    0x08002bba   0x08002bba   0x00000174   Code   RO         3047    i.HAL_CAN_Init      stm32f4xx_hal_can.o
    0x08002d2e   0x08002d2e   0x00000002   PAD
    0x08002d30   0x08002d30   0x00000170   Code   RO          399    i.HAL_CAN_MspInit   can.o
    0x08002ea0   0x08002ea0   0x00000002   Code   RO         3054    i.HAL_CAN_RxFifo0FullCallback  stm32f4xx_hal_can.o
    0x08002ea2   0x08002ea2   0x00000002   PAD
    0x08002ea4   0x08002ea4   0x0000004c   Code   RO         7678    i.HAL_CAN_RxFifo0MsgPendingCallback  bsp_can.o
    0x08002ef0   0x08002ef0   0x00000002   Code   RO         3056    i.HAL_CAN_RxFifo1FullCallback  stm32f4xx_hal_can.o
    0x08002ef2   0x08002ef2   0x00000002   Code   RO         3057    i.HAL_CAN_RxFifo1MsgPendingCallback  stm32f4xx_hal_can.o
    0x08002ef4   0x08002ef4   0x00000002   Code   RO         3058    i.HAL_CAN_SleepCallback  stm32f4xx_hal_can.o
    0x08002ef6   0x08002ef6   0x0000005e   Code   RO         3059    i.HAL_CAN_Start     stm32f4xx_hal_can.o
    0x08002f54   0x08002f54   0x00000002   Code   RO         3061    i.HAL_CAN_TxMailbox0AbortCallback  stm32f4xx_hal_can.o
    0x08002f56   0x08002f56   0x00000002   Code   RO         3062    i.HAL_CAN_TxMailbox0CompleteCallback  stm32f4xx_hal_can.o
    0x08002f58   0x08002f58   0x00000002   Code   RO         3063    i.HAL_CAN_TxMailbox1AbortCallback  stm32f4xx_hal_can.o
    0x08002f5a   0x08002f5a   0x00000002   Code   RO         3064    i.HAL_CAN_TxMailbox1CompleteCallback  stm32f4xx_hal_can.o
    0x08002f5c   0x08002f5c   0x00000002   Code   RO         3065    i.HAL_CAN_TxMailbox2AbortCallback  stm32f4xx_hal_can.o
    0x08002f5e   0x08002f5e   0x00000002   Code   RO         3066    i.HAL_CAN_TxMailbox2CompleteCallback  stm32f4xx_hal_can.o
    0x08002f60   0x08002f60   0x00000002   Code   RO         3068    i.HAL_CAN_WakeUpFromRxMsgCallback  stm32f4xx_hal_can.o
    0x08002f62   0x08002f62   0x000000ac   Code   RO         2358    i.HAL_DMA_Abort     stm32f4xx_hal_dma.o
    0x0800300e   0x0800300e   0x00000028   Code   RO         2359    i.HAL_DMA_Abort_IT  stm32f4xx_hal_dma.o
    0x08003036   0x08003036   0x00000002   PAD
    0x08003038   0x08003038   0x00000240   Code   RO         2363    i.HAL_DMA_IRQHandler  stm32f4xx_hal_dma.o
    0x08003278   0x08003278   0x000000ec   Code   RO         2364    i.HAL_DMA_Init      stm32f4xx_hal_dma.o
    0x08003364   0x08003364   0x00000028   Code   RO         2782    i.HAL_Delay         stm32f4xx_hal.o
    0x0800338c   0x0800338c   0x00000002   Code   RO         2249    i.HAL_GPIO_EXTI_Callback  stm32f4xx_hal_gpio.o
    0x0800338e   0x0800338e   0x00000002   PAD
    0x08003390   0x08003390   0x0000001c   Code   RO         2250    i.HAL_GPIO_EXTI_IRQHandler  stm32f4xx_hal_gpio.o
    0x080033ac   0x080033ac   0x000001f4   Code   RO         2251    i.HAL_GPIO_Init     stm32f4xx_hal_gpio.o
    0x080035a0   0x080035a0   0x0000000c   Code   RO         2255    i.HAL_GPIO_WritePin  stm32f4xx_hal_gpio.o
    0x080035ac   0x080035ac   0x0000000c   Code   RO         2788    i.HAL_GetTick       stm32f4xx_hal.o
    0x080035b8   0x080035b8   0x000001d0   Code   RO         3278    i.HAL_I2C_Init      stm32f4xx_hal_i2c.o
    0x08003788   0x08003788   0x000000c8   Code   RO          472    i.HAL_I2C_MspInit   i2c.o
    0x08003850   0x08003850   0x00000018   Code   RO         2794    i.HAL_IncTick       stm32f4xx_hal.o
    0x08003868   0x08003868   0x0000003c   Code   RO         2795    i.HAL_Init          stm32f4xx_hal.o
    0x080038a4   0x080038a4   0x0000004c   Code   RO         2796    i.HAL_InitTick      stm32f4xx_hal.o
    0x080038f0   0x080038f0   0x00000054   Code   RO          829    i.HAL_MspInit       stm32f4xx_hal_msp.o
    0x08003944   0x08003944   0x00000020   Code   RO         2640    i.HAL_NVIC_EnableIRQ  stm32f4xx_hal_cortex.o
    0x08003964   0x08003964   0x0000007c   Code   RO         2646    i.HAL_NVIC_SetPriority  stm32f4xx_hal_cortex.o
    0x080039e0   0x080039e0   0x00000028   Code   RO         2647    i.HAL_NVIC_SetPriorityGrouping  stm32f4xx_hal_cortex.o
    0x08003a08   0x08003a08   0x00000002   Code   RO         1499    i.HAL_PCDEx_LPM_Callback  stm32f4xx_hal_pcd_ex.o
    0x08003a0a   0x08003a0a   0x0000000a   Code   RO         1500    i.HAL_PCDEx_SetRxFiFo  stm32f4xx_hal_pcd_ex.o
    0x08003a14   0x08003a14   0x0000004e   Code   RO         1501    i.HAL_PCDEx_SetTxFiFo  stm32f4xx_hal_pcd_ex.o
    0x08003a62   0x08003a62   0x0000000e   Code   RO         1048    i.HAL_PCD_ConnectCallback  usbd_conf.o
    0x08003a70   0x08003a70   0x00000020   Code   RO         1049    i.HAL_PCD_DataInStageCallback  usbd_conf.o
    0x08003a90   0x08003a90   0x00000020   Code   RO         1050    i.HAL_PCD_DataOutStageCallback  usbd_conf.o
    0x08003ab0   0x08003ab0   0x0000000e   Code   RO         1051    i.HAL_PCD_DisconnectCallback  usbd_conf.o
    0x08003abe   0x08003abe   0x00000042   Code   RO         1264    i.HAL_PCD_EP_Abort  stm32f4xx_hal_pcd.o
    0x08003b00   0x08003b00   0x0000006a   Code   RO         1265    i.HAL_PCD_EP_Close  stm32f4xx_hal_pcd.o
    0x08003b6a   0x08003b6a   0x0000007c   Code   RO         1266    i.HAL_PCD_EP_ClrStall  stm32f4xx_hal_pcd.o
    0x08003be6   0x08003be6   0x00000016   Code   RO         1268    i.HAL_PCD_EP_GetRxCount  stm32f4xx_hal_pcd.o
    0x08003bfc   0x08003bfc   0x0000008c   Code   RO         1269    i.HAL_PCD_EP_Open   stm32f4xx_hal_pcd.o
    0x08003c88   0x08003c88   0x00000058   Code   RO         1270    i.HAL_PCD_EP_Receive  stm32f4xx_hal_pcd.o
    0x08003ce0   0x08003ce0   0x0000008a   Code   RO         1271    i.HAL_PCD_EP_SetStall  stm32f4xx_hal_pcd.o
    0x08003d6a   0x08003d6a   0x0000005a   Code   RO         1272    i.HAL_PCD_EP_Transmit  stm32f4xx_hal_pcd.o
    0x08003dc4   0x08003dc4   0x000006ca   Code   RO         1274    i.HAL_PCD_IRQHandler  stm32f4xx_hal_pcd.o
    0x0800448e   0x0800448e   0x00000012   Code   RO         1052    i.HAL_PCD_ISOINIncompleteCallback  usbd_conf.o
    0x080044a0   0x080044a0   0x00000012   Code   RO         1053    i.HAL_PCD_ISOOUTIncompleteCallback  usbd_conf.o
    0x080044b2   0x080044b2   0x00000166   Code   RO         1277    i.HAL_PCD_Init      stm32f4xx_hal_pcd.o
    0x08004618   0x08004618   0x000000a8   Code   RO         1055    i.HAL_PCD_MspInit   usbd_conf.o
    0x080046c0   0x080046c0   0x00000030   Code   RO         1056    i.HAL_PCD_ResetCallback  usbd_conf.o
    0x080046f0   0x080046f0   0x0000000e   Code   RO         1057    i.HAL_PCD_ResumeCallback  usbd_conf.o
    0x080046fe   0x080046fe   0x0000000e   Code   RO         1058    i.HAL_PCD_SOFCallback  usbd_conf.o
    0x0800470c   0x0800470c   0x00000036   Code   RO         1283    i.HAL_PCD_SetAddress  stm32f4xx_hal_pcd.o
    0x08004742   0x08004742   0x00000012   Code   RO         1059    i.HAL_PCD_SetupStageCallback  usbd_conf.o
    0x08004754   0x08004754   0x0000004a   Code   RO         1286    i.HAL_PCD_Start     stm32f4xx_hal_pcd.o
    0x0800479e   0x0800479e   0x00000002   PAD
    0x080047a0   0x080047a0   0x00000034   Code   RO         1060    i.HAL_PCD_SuspendCallback  usbd_conf.o
    0x080047d4   0x080047d4   0x00000184   Code   RO         1852    i.HAL_RCC_ClockConfig  stm32f4xx_hal_rcc.o
    0x08004958   0x08004958   0x0000000c   Code   RO         1857    i.HAL_RCC_GetHCLKFreq  stm32f4xx_hal_rcc.o
    0x08004964   0x08004964   0x00000020   Code   RO         1859    i.HAL_RCC_GetPCLK1Freq  stm32f4xx_hal_rcc.o
    0x08004984   0x08004984   0x00000020   Code   RO         1860    i.HAL_RCC_GetPCLK2Freq  stm32f4xx_hal_rcc.o
    0x080049a4   0x080049a4   0x000000b0   Code   RO         1861    i.HAL_RCC_GetSysClockFreq  stm32f4xx_hal_rcc.o
    0x08004a54   0x08004a54   0x0000049c   Code   RO         1864    i.HAL_RCC_OscConfig  stm32f4xx_hal_rcc.o
    0x08004ef0   0x08004ef0   0x000000c8   Code   RO         3768    i.HAL_SPI_Init      stm32f4xx_hal_spi.o
    0x08004fb8   0x08004fb8   0x00000158   Code   RO          514    i.HAL_SPI_MspInit   spi.o
    0x08005110   0x08005110   0x0000022a   Code   RO         3777    i.HAL_SPI_TransmitReceive  stm32f4xx_hal_spi.o
    0x0800533a   0x0800533a   0x00000034   Code   RO         2651    i.HAL_SYSTICK_Config  stm32f4xx_hal_cortex.o
    0x0800536e   0x0800536e   0x00000002   Code   RO         4796    i.HAL_TIMEx_BreakCallback  stm32f4xx_hal_tim_ex.o
    0x08005370   0x08005370   0x00000002   Code   RO         4797    i.HAL_TIMEx_CommutCallback  stm32f4xx_hal_tim_ex.o
    0x08005372   0x08005372   0x00000074   Code   RO         4799    i.HAL_TIMEx_ConfigBreakDeadTime  stm32f4xx_hal_tim_ex.o
    0x080053e6   0x080053e6   0x00000002   PAD
    0x080053e8   0x080053e8   0x000000b4   Code   RO         4815    i.HAL_TIMEx_MasterConfigSynchronization  stm32f4xx_hal_tim_ex.o
    0x0800549c   0x0800549c   0x00000066   Code   RO         4081    i.HAL_TIM_Base_Init  stm32f4xx_hal_tim.o
    0x08005502   0x08005502   0x00000002   PAD
    0x08005504   0x08005504   0x00000194   Code   RO          556    i.HAL_TIM_Base_MspInit  tim.o
    0x08005698   0x08005698   0x0000009c   Code   RO         4084    i.HAL_TIM_Base_Start  stm32f4xx_hal_tim.o
    0x08005734   0x08005734   0x0000010c   Code   RO         4090    i.HAL_TIM_ConfigClockSource  stm32f4xx_hal_tim.o
    0x08005840   0x08005840   0x00000002   Code   RO         4115    i.HAL_TIM_IC_CaptureCallback  stm32f4xx_hal_tim.o
    0x08005842   0x08005842   0x00000196   Code   RO         4129    i.HAL_TIM_IRQHandler  stm32f4xx_hal_tim.o
    0x080059d8   0x080059d8   0x000000fc   Code   RO          557    i.HAL_TIM_MspPostInit  tim.o
    0x08005ad4   0x08005ad4   0x00000002   Code   RO         4132    i.HAL_TIM_OC_DelayElapsedCallback  stm32f4xx_hal_tim.o
    0x08005ad6   0x08005ad6   0x00000104   Code   RO         4153    i.HAL_TIM_PWM_ConfigChannel  stm32f4xx_hal_tim.o
    0x08005bda   0x08005bda   0x00000066   Code   RO         4156    i.HAL_TIM_PWM_Init  stm32f4xx_hal_tim.o
    0x08005c40   0x08005c40   0x00000002   Code   RO         4158    i.HAL_TIM_PWM_MspInit  stm32f4xx_hal_tim.o
    0x08005c42   0x08005c42   0x00000002   Code   RO         4159    i.HAL_TIM_PWM_PulseFinishedCallback  stm32f4xx_hal_tim.o
    0x08005c44   0x08005c44   0x0000010c   Code   RO         4161    i.HAL_TIM_PWM_Start  stm32f4xx_hal_tim.o
    0x08005d50   0x08005d50   0x00000002   Code   RO         4167    i.HAL_TIM_PeriodElapsedCallback  stm32f4xx_hal_tim.o
    0x08005d52   0x08005d52   0x00000002   Code   RO         4172    i.HAL_TIM_TriggerCallback  stm32f4xx_hal_tim.o
    0x08005d54   0x08005d54   0x00000002   Code   RO         5074    i.HAL_UARTEx_RxEventCallback  stm32f4xx_hal_uart.o
    0x08005d56   0x08005d56   0x00000002   Code   RO         5088    i.HAL_UART_ErrorCallback  stm32f4xx_hal_uart.o
    0x08005d58   0x08005d58   0x000002e0   Code   RO         5091    i.HAL_UART_IRQHandler  stm32f4xx_hal_uart.o
    0x08006038   0x08006038   0x00000072   Code   RO         5092    i.HAL_UART_Init     stm32f4xx_hal_uart.o
    0x080060aa   0x080060aa   0x00000002   PAD
    0x080060ac   0x080060ac   0x000001dc   Code   RO          634    i.HAL_UART_MspInit  usart.o
    0x08006288   0x08006288   0x00000042   Code   RO         5097    i.HAL_UART_Receive_IT  stm32f4xx_hal_uart.o
    0x080062ca   0x080062ca   0x00000002   PAD
    0x080062cc   0x080062cc   0x0000007c   Code   RO         7608    i.HAL_UART_RxCpltCallback  xbox_rx_task.o
    0x08006348   0x08006348   0x00000002   Code   RO         5103    i.HAL_UART_TxCpltCallback  stm32f4xx_hal_uart.o
    0x0800634a   0x0800634a   0x00000002   PAD
    0x0800634c   0x0800634c   0x00000130   Code   RO         7899    i.H_K_R_Adjustment  kalman_filter.o
    0x0800647c   0x0800647c   0x00000004   Code   RO          698    i.HardFault_Handler  stm32f4xx_it.o
    0x08006480   0x08006480   0x00000248   Code   RO         8115    i.IMU_QuaternionEKF_F_Linearization_P_Fading  quaternionekf.o
    0x080066c8   0x080066c8   0x00000130   Code   RO         8116    i.IMU_QuaternionEKF_Init  quaternionekf.o
    0x080067f8   0x080067f8   0x00000034   Code   RO         8117    i.IMU_QuaternionEKF_Observe  quaternionekf.o
    0x0800682c   0x0800682c   0x00000134   Code   RO         8118    i.IMU_QuaternionEKF_SetH  quaternionekf.o
    0x08006960   0x08006960   0x00000634   Code   RO         8119    i.IMU_QuaternionEKF_Update  quaternionekf.o
    0x08006f94   0x08006f94   0x00000518   Code   RO         8120    i.IMU_QuaternionEKF_xhatUpdate  quaternionekf.o
    0x080074ac   0x080074ac   0x00000074   Code   RO         7441    i.IMU_Temperature_Ctrl  ins_task.o
    0x08007520   0x08007520   0x000000c4   Code   RO         7442    i.INS_Init          ins_task.o
    0x080075e4   0x080075e4   0x00000278   Code   RO         7443    i.INS_Task          ins_task.o
    0x0800785c   0x0800785c   0x0000003e   Code   RO          902    i.IntToUnicode      usbd_desc.o
    0x0800789a   0x0800789a   0x00000002   PAD
    0x0800789c   0x0800789c   0x0000070c   Code   RO         7900    i.Kalman_Filter_Init  kalman_filter.o
    0x08007fa8   0x08007fa8   0x00000050   Code   RO         7901    i.Kalman_Filter_Measure  kalman_filter.o
    0x08007ff8   0x08007ff8   0x00000098   Code   RO         7902    i.Kalman_Filter_P_Update  kalman_filter.o
    0x08008090   0x08008090   0x000000d4   Code   RO         7903    i.Kalman_Filter_PminusUpdate  kalman_filter.o
    0x08008164   0x08008164   0x000000d2   Code   RO         7904    i.Kalman_Filter_SetK  kalman_filter.o
    0x08008236   0x08008236   0x00000002   PAD
    0x08008238   0x08008238   0x00000128   Code   RO         7905    i.Kalman_Filter_Update  kalman_filter.o
    0x08008360   0x08008360   0x0000007c   Code   RO         7906    i.Kalman_Filter_xhatMinusUpdate  kalman_filter.o
    0x080083dc   0x080083dc   0x00000086   Code   RO         7907    i.Kalman_Filter_xhatUpdate  kalman_filter.o
    0x08008462   0x08008462   0x00000002   PAD
    0x08008464   0x08008464   0x00000048   Code   RO          400    i.MX_CAN1_Init      can.o
    0x080084ac   0x080084ac   0x00000048   Code   RO          401    i.MX_CAN2_Init      can.o
    0x080084f4   0x080084f4   0x00000078   Code   RO          447    i.MX_DMA_Init       dma.o
    0x0800856c   0x0800856c   0x000000a8   Code   RO          313    i.MX_FREERTOS_Init  freertos.o
    0x08008614   0x08008614   0x00000200   Code   RO          289    i.MX_GPIO_Init      gpio.o
    0x08008814   0x08008814   0x0000003c   Code   RO          473    i.MX_I2C3_Init      i2c.o
    0x08008850   0x08008850   0x00000048   Code   RO          515    i.MX_SPI1_Init      spi.o
    0x08008898   0x08008898   0x00000034   Code   RO          558    i.MX_TIM10_Init     tim.o
    0x080088cc   0x080088cc   0x000000dc   Code   RO          559    i.MX_TIM1_Init      tim.o
    0x080089a8   0x080089a8   0x00000070   Code   RO          560    i.MX_TIM3_Init      tim.o
    0x08008a18   0x08008a18   0x000000a4   Code   RO          561    i.MX_TIM4_Init      tim.o
    0x08008abc   0x08008abc   0x0000004c   Code   RO          562    i.MX_TIM6_Init      tim.o
    0x08008b08   0x08008b08   0x000000d8   Code   RO          563    i.MX_TIM8_Init      tim.o
    0x08008be0   0x08008be0   0x00000038   Code   RO          635    i.MX_USART2_UART_Init  usart.o
    0x08008c18   0x08008c18   0x00000038   Code   RO          636    i.MX_USART3_UART_Init  usart.o
    0x08008c50   0x08008c50   0x00000038   Code   RO          637    i.MX_USART6_UART_Init  usart.o
    0x08008c88   0x08008c88   0x0000004c   Code   RO          853    i.MX_USB_DEVICE_Init  usb_device.o
    0x08008cd4   0x08008cd4   0x00000004   Code   RO          699    i.MemManage_Handler  stm32f4xx_it.o
    0x08008cd8   0x08008cd8   0x000000d0   Code   RO         7825    i.Motor_Init        motor_bsp.o
    0x08008da8   0x08008da8   0x000000b8   Code   RO         7827    i.Motor_Rx_data     motor_bsp.o
    0x08008e60   0x08008e60   0x00000004   Code   RO          700    i.NMI_Handler       stm32f4xx_it.o
    0x08008e64   0x08008e64   0x0000024c   Code   RO         7982    i.OLS_Derivative    user_lib.o
    0x080090b0   0x080090b0   0x00000058   Code   RO         7983    i.OLS_Init          user_lib.o
    0x08009108   0x08009108   0x00000010   Code   RO          701    i.OTG_FS_IRQHandler  stm32f4xx_it.o
    0x08009118   0x08009118   0x00000064   Code   RO         1290    i.PCD_EP_OutSetupPacket_int  stm32f4xx_hal_pcd.o
    0x0800917c   0x0800917c   0x00000144   Code   RO         1291    i.PCD_EP_OutXfrComplete_int  stm32f4xx_hal_pcd.o
    0x080092c0   0x080092c0   0x000000b6   Code   RO         1292    i.PCD_WriteEmptyTxFifo  stm32f4xx_hal_pcd.o
    0x08009376   0x08009376   0x000002d0   Code   RO         8185    i.PID_Calculate     controller.o
    0x08009646   0x08009646   0x00000002   PAD
    0x08009648   0x08009648   0x000000bc   Code   RO         8186    i.PID_Init          controller.o
    0x08009704   0x08009704   0x0000006c   Code   RO         3806    i.SPI_EndRxTxTransaction  stm32f4xx_hal_spi.o
    0x08009770   0x08009770   0x000000d8   Code   RO         3811    i.SPI_WaitFlagStateUntilTimeout  stm32f4xx_hal_spi.o
    0x08009848   0x08009848   0x00000012   Code   RO         7169    i.SWAPBYTE          usbd_ctlreq.o
    0x0800985a   0x0800985a   0x00000002   PAD
    0x0800985c   0x0800985c   0x0000004c   Code   RO         7866    i.Servo_Set_Angle   bsp_servo.o
    0x080098a8   0x080098a8   0x00000016   Code   RO          314    i.StartDefaultTask  freertos.o
    0x080098be   0x080098be   0x00000014   Code   RO          702    i.SysTick_Handler   stm32f4xx_it.o
    0x080098d2   0x080098d2   0x00000002   PAD
    0x080098d4   0x080098d4   0x000000b4   Code   RO           14    i.SystemClock_Config  main.o
    0x08009988   0x08009988   0x00000014   Code   RO         5431    i.SystemInit        system_stm32f4xx.o
    0x0800999c   0x0800999c   0x00000010   Code   RO          703    i.TIM3_IRQHandler   stm32f4xx_it.o
    0x080099ac   0x080099ac   0x00000010   Code   RO          704    i.TIM4_IRQHandler   stm32f4xx_it.o
    0x080099bc   0x080099bc   0x000000d8   Code   RO         4174    i.TIM_Base_SetConfig  stm32f4xx_hal_tim.o
    0x08009a94   0x08009a94   0x00000022   Code   RO         4175    i.TIM_CCxChannelCmd  stm32f4xx_hal_tim.o
    0x08009ab6   0x08009ab6   0x00000016   Code   RO         4185    i.TIM_ETR_SetConfig  stm32f4xx_hal_tim.o
    0x08009acc   0x08009acc   0x00000012   Code   RO         4186    i.TIM_ITRx_SetConfig  stm32f4xx_hal_tim.o
    0x08009ade   0x08009ade   0x00000002   PAD
    0x08009ae0   0x08009ae0   0x00000070   Code   RO         4187    i.TIM_OC1_SetConfig  stm32f4xx_hal_tim.o
    0x08009b50   0x08009b50   0x0000007c   Code   RO         4188    i.TIM_OC2_SetConfig  stm32f4xx_hal_tim.o
    0x08009bcc   0x08009bcc   0x00000078   Code   RO         4189    i.TIM_OC3_SetConfig  stm32f4xx_hal_tim.o
    0x08009c44   0x08009c44   0x00000054   Code   RO         4190    i.TIM_OC4_SetConfig  stm32f4xx_hal_tim.o
    0x08009c98   0x08009c98   0x0000003a   Code   RO         7798    i.TIM_Set_PWM       bsp_pwm.o
    0x08009cd2   0x08009cd2   0x00000026   Code   RO         4192    i.TIM_TI1_ConfigInputStage  stm32f4xx_hal_tim.o
    0x08009cf8   0x08009cf8   0x00000028   Code   RO         4194    i.TIM_TI2_ConfigInputStage  stm32f4xx_hal_tim.o
    0x08009d20   0x08009d20   0x00000014   Code   RO         5105    i.UART_DMAAbortOnError  stm32f4xx_hal_uart.o
    0x08009d34   0x08009d34   0x0000006c   Code   RO         5115    i.UART_EndRxTransfer  stm32f4xx_hal_uart.o
    0x08009da0   0x08009da0   0x00000020   Code   RO         5116    i.UART_EndTransmit_IT  stm32f4xx_hal_uart.o
    0x08009dc0   0x08009dc0   0x000000f8   Code   RO         5118    i.UART_Receive_IT   stm32f4xx_hal_uart.o
    0x08009eb8   0x08009eb8   0x0000022c   Code   RO         5119    i.UART_SetConfig    stm32f4xx_hal_uart.o
    0x0800a0e4   0x0800a0e4   0x0000004a   Code   RO         5121    i.UART_Start_Receive_IT  stm32f4xx_hal_uart.o
    0x0800a12e   0x0800a12e   0x00000060   Code   RO         5122    i.UART_Transmit_IT  stm32f4xx_hal_uart.o
    0x0800a18e   0x0800a18e   0x00000002   PAD
    0x0800a190   0x0800a190   0x00000010   Code   RO          705    i.USART2_IRQHandler  stm32f4xx_it.o
    0x0800a1a0   0x0800a1a0   0x000000c4   Code   RO         7332    i.USBD_CDC_DataIn   usbd_cdc.o
    0x0800a264   0x0800a264   0x00000048   Code   RO         7333    i.USBD_CDC_DataOut  usbd_cdc.o
    0x0800a2ac   0x0800a2ac   0x000000d4   Code   RO         7334    i.USBD_CDC_DeInit   usbd_cdc.o
    0x0800a380   0x0800a380   0x00000050   Code   RO         7335    i.USBD_CDC_EP0_RxReady  usbd_cdc.o
    0x0800a3d0   0x0800a3d0   0x00000010   Code   RO         7336    i.USBD_CDC_GetDeviceQualifierDescriptor  usbd_cdc.o
    0x0800a3e0   0x0800a3e0   0x00000044   Code   RO         7337    i.USBD_CDC_GetFSCfgDesc  usbd_cdc.o
    0x0800a424   0x0800a424   0x00000048   Code   RO         7338    i.USBD_CDC_GetHSCfgDesc  usbd_cdc.o
    0x0800a46c   0x0800a46c   0x00000044   Code   RO         7339    i.USBD_CDC_GetOtherSpeedCfgDesc  usbd_cdc.o
    0x0800a4b0   0x0800a4b0   0x000001a0   Code   RO         7340    i.USBD_CDC_Init     usbd_cdc.o
    0x0800a650   0x0800a650   0x00000050   Code   RO         7341    i.USBD_CDC_ReceivePacket  usbd_cdc.o
    0x0800a6a0   0x0800a6a0   0x00000018   Code   RO         7342    i.USBD_CDC_RegisterInterface  usbd_cdc.o
    0x0800a6b8   0x0800a6b8   0x0000001e   Code   RO         7343    i.USBD_CDC_SetRxBuffer  usbd_cdc.o
    0x0800a6d6   0x0800a6d6   0x00000024   Code   RO         7344    i.USBD_CDC_SetTxBuffer  usbd_cdc.o
    0x0800a6fa   0x0800a6fa   0x00000140   Code   RO         7345    i.USBD_CDC_Setup    usbd_cdc.o
    0x0800a83a   0x0800a83a   0x0000001c   Code   RO         7007    i.USBD_ClrClassConfig  usbd_core.o
    0x0800a856   0x0800a856   0x0000003e   Code   RO         7170    i.USBD_ClrFeature   usbd_ctlreq.o
    0x0800a894   0x0800a894   0x00000006   Code   RO         7008    i.USBD_CoreFindEP   usbd_core.o
    0x0800a89a   0x0800a89a   0x00000006   Code   RO         7009    i.USBD_CoreFindIF   usbd_core.o
    0x0800a8a0   0x0800a8a0   0x00000018   Code   RO         7272    i.USBD_CtlContinueRx  usbd_ioreq.o
    0x0800a8b8   0x0800a8b8   0x00000018   Code   RO         7273    i.USBD_CtlContinueSendData  usbd_ioreq.o
    0x0800a8d0   0x0800a8d0   0x00000018   Code   RO         7171    i.USBD_CtlError     usbd_ctlreq.o
    0x0800a8e8   0x0800a8e8   0x00000028   Code   RO         7274    i.USBD_CtlPrepareRx  usbd_ioreq.o
    0x0800a910   0x0800a910   0x0000001a   Code   RO         7275    i.USBD_CtlReceiveStatus  usbd_ioreq.o
    0x0800a92a   0x0800a92a   0x00000022   Code   RO         7276    i.USBD_CtlSendData  usbd_ioreq.o
    0x0800a94c   0x0800a94c   0x0000001a   Code   RO         7277    i.USBD_CtlSendStatus  usbd_ioreq.o
    0x0800a966   0x0800a966   0x00000002   PAD
    0x0800a968   0x0800a968   0x00000034   Code   RO          903    i.USBD_FS_ConfigStrDescriptor  usbd_desc.o
    0x0800a99c   0x0800a99c   0x00000010   Code   RO          904    i.USBD_FS_DeviceDescriptor  usbd_desc.o
    0x0800a9ac   0x0800a9ac   0x00000038   Code   RO          905    i.USBD_FS_InterfaceStrDescriptor  usbd_desc.o
    0x0800a9e4   0x0800a9e4   0x00000010   Code   RO          906    i.USBD_FS_LangIDStrDescriptor  usbd_desc.o
    0x0800a9f4   0x0800a9f4   0x0000002c   Code   RO          907    i.USBD_FS_ManufacturerStrDescriptor  usbd_desc.o
    0x0800aa20   0x0800aa20   0x00000040   Code   RO          908    i.USBD_FS_ProductStrDescriptor  usbd_desc.o
    0x0800aa60   0x0800aa60   0x00000018   Code   RO          909    i.USBD_FS_SerialStrDescriptor  usbd_desc.o
    0x0800aa78   0x0800aa78   0x00000056   Code   RO         7172    i.USBD_GetConfig    usbd_ctlreq.o
    0x0800aace   0x0800aace   0x000001fc   Code   RO         7173    i.USBD_GetDescriptor  usbd_ctlreq.o
    0x0800acca   0x0800acca   0x00000050   Code   RO         7011    i.USBD_GetEpDesc    usbd_core.o
    0x0800ad1a   0x0800ad1a   0x00000016   Code   RO         7174    i.USBD_GetLen       usbd_ctlreq.o
    0x0800ad30   0x0800ad30   0x00000014   Code   RO         7012    i.USBD_GetNextDesc  usbd_core.o
    0x0800ad44   0x0800ad44   0x0000005a   Code   RO         7175    i.USBD_GetStatus    usbd_ctlreq.o
    0x0800ad9e   0x0800ad9e   0x00000054   Code   RO         7176    i.USBD_GetString    usbd_ctlreq.o
    0x0800adf2   0x0800adf2   0x0000002c   Code   RO         1061    i.USBD_Get_USB_Status  usbd_conf.o
    0x0800ae1e   0x0800ae1e   0x0000003a   Code   RO         7013    i.USBD_Init         usbd_core.o
    0x0800ae58   0x0800ae58   0x00000026   Code   RO         1062    i.USBD_LL_ClearStallEP  usbd_conf.o
    0x0800ae7e   0x0800ae7e   0x00000026   Code   RO         1063    i.USBD_LL_CloseEP   usbd_conf.o
    0x0800aea4   0x0800aea4   0x00000108   Code   RO         7014    i.USBD_LL_DataInStage  usbd_core.o
    0x0800afac   0x0800afac   0x00000102   Code   RO         7015    i.USBD_LL_DataOutStage  usbd_core.o
    0x0800b0ae   0x0800b0ae   0x00000006   Code   RO         7016    i.USBD_LL_DevConnected  usbd_core.o
    0x0800b0b4   0x0800b0b4   0x00000026   Code   RO         7017    i.USBD_LL_DevDisconnected  usbd_core.o
    0x0800b0da   0x0800b0da   0x00000012   Code   RO         1067    i.USBD_LL_GetRxDataSize  usbd_conf.o
    0x0800b0ec   0x0800b0ec   0x00000068   Code   RO         1068    i.USBD_LL_Init      usbd_conf.o
    0x0800b154   0x0800b154   0x00000038   Code   RO         1069    i.USBD_LL_IsStallEP  usbd_conf.o
    0x0800b18c   0x0800b18c   0x00000048   Code   RO         7018    i.USBD_LL_IsoINIncomplete  usbd_core.o
    0x0800b1d4   0x0800b1d4   0x00000048   Code   RO         7019    i.USBD_LL_IsoOUTIncomplete  usbd_core.o
    0x0800b21c   0x0800b21c   0x00000030   Code   RO         1070    i.USBD_LL_OpenEP    usbd_conf.o
    0x0800b24c   0x0800b24c   0x00000030   Code   RO         1071    i.USBD_LL_PrepareReceive  usbd_conf.o
    0x0800b27c   0x0800b27c   0x0000006c   Code   RO         7020    i.USBD_LL_Reset     usbd_core.o
    0x0800b2e8   0x0800b2e8   0x00000016   Code   RO         7021    i.USBD_LL_Resume    usbd_core.o
    0x0800b2fe   0x0800b2fe   0x00000028   Code   RO         7022    i.USBD_LL_SOF       usbd_core.o
    0x0800b326   0x0800b326   0x00000008   Code   RO         7023    i.USBD_LL_SetSpeed  usbd_core.o
    0x0800b32e   0x0800b32e   0x00000026   Code   RO         1072    i.USBD_LL_SetUSBAddress  usbd_conf.o
    0x0800b354   0x0800b354   0x00000076   Code   RO         7024    i.USBD_LL_SetupStage  usbd_core.o
    0x0800b3ca   0x0800b3ca   0x00000026   Code   RO         1073    i.USBD_LL_StallEP   usbd_conf.o
    0x0800b3f0   0x0800b3f0   0x0000001e   Code   RO         1074    i.USBD_LL_Start     usbd_conf.o
    0x0800b40e   0x0800b40e   0x00000014   Code   RO         7025    i.USBD_LL_Suspend   usbd_core.o
    0x0800b422   0x0800b422   0x00000030   Code   RO         1076    i.USBD_LL_Transmit  usbd_conf.o
    0x0800b452   0x0800b452   0x00000036   Code   RO         7177    i.USBD_ParseSetupRequest  usbd_ctlreq.o
    0x0800b488   0x0800b488   0x00000048   Code   RO         7026    i.USBD_RegisterClass  usbd_core.o
    0x0800b4d0   0x0800b4d0   0x00000006   Code   RO         7027    i.USBD_RunTestMode  usbd_core.o
    0x0800b4d6   0x0800b4d6   0x0000005a   Code   RO         7178    i.USBD_SetAddress   usbd_ctlreq.o
    0x0800b530   0x0800b530   0x00000020   Code   RO         7028    i.USBD_SetClassConfig  usbd_core.o
    0x0800b550   0x0800b550   0x00000104   Code   RO         7179    i.USBD_SetConfig    usbd_ctlreq.o
    0x0800b654   0x0800b654   0x00000038   Code   RO         7180    i.USBD_SetFeature   usbd_ctlreq.o
    0x0800b68c   0x0800b68c   0x0000000c   Code   RO         7029    i.USBD_Start        usbd_core.o
    0x0800b698   0x0800b698   0x000000ae   Code   RO         7181    i.USBD_StdDevReq    usbd_ctlreq.o
    0x0800b746   0x0800b746   0x00000280   Code   RO         7182    i.USBD_StdEPReq     usbd_ctlreq.o
    0x0800b9c6   0x0800b9c6   0x000000ae   Code   RO         7183    i.USBD_StdItfReq    usbd_ctlreq.o
    0x0800ba74   0x0800ba74   0x00000002   Code   RO         1077    i.USBD_static_free  usbd_conf.o
    0x0800ba76   0x0800ba76   0x00000002   PAD
    0x0800ba78   0x0800ba78   0x0000000c   Code   RO         1078    i.USBD_static_malloc  usbd_conf.o
    0x0800ba84   0x0800ba84   0x000000d0   Code   RO         1541    i.USB_ActivateEndpoint  stm32f4xx_ll_usb.o
    0x0800bb54   0x0800bb54   0x00000028   Code   RO         1543    i.USB_ActivateSetup  stm32f4xx_ll_usb.o
    0x0800bb7c   0x0800bb7c   0x00000084   Code   RO         1545    i.USB_CoreInit      stm32f4xx_ll_usb.o
    0x0800bc00   0x0800bc00   0x00000058   Code   RO         1546    i.USB_CoreReset     stm32f4xx_ll_usb.o
    0x0800bc58   0x0800bc58   0x0000014c   Code   RO         1549    i.USB_DeactivateEndpoint  stm32f4xx_ll_usb.o
    0x0800bda4   0x0800bda4   0x00000024   Code   RO         1550    i.USB_DevConnect    stm32f4xx_ll_usb.o
    0x0800bdc8   0x0800bdc8   0x00000024   Code   RO         1551    i.USB_DevDisconnect  stm32f4xx_ll_usb.o
    0x0800bdec   0x0800bdec   0x000001e0   Code   RO         1552    i.USB_DevInit       stm32f4xx_ll_usb.o
    0x0800bfcc   0x0800bfcc   0x0000000e   Code   RO         1553    i.USB_DisableGlobalInt  stm32f4xx_ll_usb.o
    0x0800bfda   0x0800bfda   0x00000002   PAD
    0x0800bfdc   0x0800bfdc   0x000001dc   Code   RO         1556    i.USB_EP0StartXfer  stm32f4xx_ll_usb.o
    0x0800c1b8   0x0800c1b8   0x00000070   Code   RO         1557    i.USB_EP0_OutStart  stm32f4xx_ll_usb.o
    0x0800c228   0x0800c228   0x0000008e   Code   RO         1558    i.USB_EPClearStall  stm32f4xx_ll_usb.o
    0x0800c2b6   0x0800c2b6   0x0000009a   Code   RO         1559    i.USB_EPSetStall    stm32f4xx_ll_usb.o
    0x0800c350   0x0800c350   0x00000348   Code   RO         1560    i.USB_EPStartXfer   stm32f4xx_ll_usb.o
    0x0800c698   0x0800c698   0x000000ec   Code   RO         1561    i.USB_EPStopXfer    stm32f4xx_ll_usb.o
    0x0800c784   0x0800c784   0x0000000e   Code   RO         1562    i.USB_EnableGlobalInt  stm32f4xx_ll_usb.o
    0x0800c792   0x0800c792   0x00000002   PAD
    0x0800c794   0x0800c794   0x00000054   Code   RO         1563    i.USB_FlushRxFifo   stm32f4xx_ll_usb.o
    0x0800c7e8   0x0800c7e8   0x00000058   Code   RO         1564    i.USB_FlushTxFifo   stm32f4xx_ll_usb.o
    0x0800c840   0x0800c840   0x00000026   Code   RO         1566    i.USB_GetDevSpeed   stm32f4xx_ll_usb.o
    0x0800c866   0x0800c866   0x0000000a   Code   RO         1568    i.USB_GetMode       stm32f4xx_ll_usb.o
    0x0800c870   0x0800c870   0x00000014   Code   RO         1575    i.USB_ReadDevAllInEpInterrupt  stm32f4xx_ll_usb.o
    0x0800c884   0x0800c884   0x00000014   Code   RO         1576    i.USB_ReadDevAllOutEpInterrupt  stm32f4xx_ll_usb.o
    0x0800c898   0x0800c898   0x00000032   Code   RO         1577    i.USB_ReadDevInEPInterrupt  stm32f4xx_ll_usb.o
    0x0800c8ca   0x0800c8ca   0x0000001a   Code   RO         1578    i.USB_ReadDevOutEPInterrupt  stm32f4xx_ll_usb.o
    0x0800c8e4   0x0800c8e4   0x0000000a   Code   RO         1579    i.USB_ReadInterrupts  stm32f4xx_ll_usb.o
    0x0800c8ee   0x0800c8ee   0x00000060   Code   RO         1580    i.USB_ReadPacket    stm32f4xx_ll_usb.o
    0x0800c94e   0x0800c94e   0x00000068   Code   RO         1582    i.USB_SetCurrentMode  stm32f4xx_ll_usb.o
    0x0800c9b6   0x0800c9b6   0x0000002a   Code   RO         1583    i.USB_SetDevAddress  stm32f4xx_ll_usb.o
    0x0800c9e0   0x0800c9e0   0x00000012   Code   RO         1584    i.USB_SetDevSpeed   stm32f4xx_ll_usb.o
    0x0800c9f2   0x0800c9f2   0x00000002   PAD
    0x0800c9f4   0x0800c9f4   0x000000e8   Code   RO         1585    i.USB_SetTurnaroundTime  stm32f4xx_ll_usb.o
    0x0800cadc   0x0800cadc   0x00000044   Code   RO         1588    i.USB_WritePacket   stm32f4xx_ll_usb.o
    0x0800cb20   0x0800cb20   0x00000004   Code   RO          706    i.UsageFault_Handler  stm32f4xx_it.o
    0x0800cb24   0x0800cb24   0x00000030   Code   RO         9100    i.__ARM_fpclassify  m_wm.l(fpclassify.o)
    0x0800cb54   0x0800cb54   0x00000026   Code   RO         9014    i.__ARM_fpclassifyf  m_wm.l(fpclassifyf.o)
    0x0800cb7a   0x0800cb7a   0x00000002   PAD
    0x0800cb7c   0x0800cb7c   0x00000010   Code   RO         2653    i.__NVIC_GetPriorityGrouping  stm32f4xx_hal_cortex.o
    0x0800cb8c   0x0800cb8c   0x00000028   Code   RO         2654    i.__NVIC_SetPriority  stm32f4xx_hal_cortex.o
    0x0800cbb4   0x0800cbb4   0x00000118   Code   RO         8791    i.__hardfp_acosf    m_wm.l(acosf.o)
    0x0800cccc   0x0800cccc   0x0000012c   Code   RO         8803    i.__hardfp_asinf    m_wm.l(asinf.o)
    0x0800cdf8   0x0800cdf8   0x00000250   Code   RO         8815    i.__hardfp_atan2f   m_wm.l(atan2f.o)
    0x0800d048   0x0800d048   0x000000c8   Code   RO         8827    i.__hardfp_cos      m_wm.l(cos.o)
    0x0800d110   0x0800d110   0x000000c8   Code   RO         8853    i.__hardfp_sin      m_wm.l(sin.o)
    0x0800d1d8   0x0800d1d8   0x0000003a   Code   RO         8877    i.__hardfp_sqrtf    m_wm.l(sqrtf.o)
    0x0800d212   0x0800d212   0x00000006   PAD
    0x0800d218   0x0800d218   0x00000438   Code   RO         9033    i.__ieee754_rem_pio2  m_wm.l(rred.o)
    0x0800d650   0x0800d650   0x00000170   Code   RO         8997    i.__kernel_cos      m_wm.l(cos_i.o)
    0x0800d7c0   0x0800d7c0   0x000000f8   Code   RO         9030    i.__kernel_poly     m_wm.l(poly.o)
    0x0800d8b8   0x0800d8b8   0x00000130   Code   RO         9038    i.__kernel_sin      m_wm.l(sin_i.o)
    0x0800d9e8   0x0800d9e8   0x00000014   Code   RO         9001    i.__mathlib_dbl_infnan  m_wm.l(dunder.o)
    0x0800d9fc   0x0800d9fc   0x00000004   PAD
    0x0800da00   0x0800da00   0x00000020   Code   RO         9003    i.__mathlib_dbl_invalid  m_wm.l(dunder.o)
    0x0800da20   0x0800da20   0x00000020   Code   RO         9006    i.__mathlib_dbl_underflow  m_wm.l(dunder.o)
    0x0800da40   0x0800da40   0x00000006   Code   RO         9017    i.__mathlib_flt_infnan  m_wm.l(funder.o)
    0x0800da46   0x0800da46   0x00000006   Code   RO         9018    i.__mathlib_flt_infnan2  m_wm.l(funder.o)
    0x0800da4c   0x0800da4c   0x00000010   Code   RO         9019    i.__mathlib_flt_invalid  m_wm.l(funder.o)
    0x0800da5c   0x0800da5c   0x00000010   Code   RO         9022    i.__mathlib_flt_underflow  m_wm.l(funder.o)
    0x0800da6c   0x0800da6c   0x0000016c   Code   RO         8314    i.bmi088_accel_init  bmi088driver.o
    0x0800dbd8   0x0800dbd8   0x00000130   Code   RO         8315    i.bmi088_gyro_init  bmi088driver.o
    0x0800dd08   0x0800dd08   0x00000068   Code   RO         7679    i.bsp_can_init      bsp_can.o
    0x0800dd70   0x0800dd70   0x000000e4   Code   RO         7542    i.chassis_speed_control  chassis_task.o
    0x0800de54   0x0800de54   0x0000004c   Code   RO         7543    i.current_task      chassis_task.o
    0x0800dea0   0x0800dea0   0x000000f0   Code   RO         8189    i.f_Changing_Integration_Rate  controller.o
    0x0800df90   0x0800df90   0x00000056   Code   RO         8190    i.f_Derivative_Filter  controller.o
    0x0800dfe6   0x0800dfe6   0x000000f4   Code   RO         8191    i.f_Derivative_On_Measurement  controller.o
    0x0800e0da   0x0800e0da   0x00000002   PAD
    0x0800e0dc   0x0800e0dc   0x000000f0   Code   RO         8192    i.f_Integral_Limit  controller.o
    0x0800e1cc   0x0800e1cc   0x00000056   Code   RO         8193    i.f_Output_Filter   controller.o
    0x0800e222   0x0800e222   0x00000046   Code   RO         8194    i.f_Output_Limit    controller.o
    0x0800e268   0x0800e268   0x000000b4   Code   RO         8195    i.f_PID_ErrorHandle  controller.o
    0x0800e31c   0x0800e31c   0x00000046   Code   RO         8196    i.f_Proportion_Limit  controller.o
    0x0800e362   0x0800e362   0x00000080   Code   RO         8197    i.f_Trapezoid_Intergral  controller.o
    0x0800e3e2   0x0800e3e2   0x00000018   Code   RO         9096    i.fabs              m_wm.l(fabs.o)
    0x0800e3fa   0x0800e3fa   0x00000002   PAD
    0x0800e3fc   0x0800e3fc   0x000000a0   Code   RO         7544    i.find_max          chassis_task.o
    0x0800e49c   0x0800e49c   0x0000002a   Code   RO         7988    i.float_constrain   user_lib.o
    0x0800e4c6   0x0800e4c6   0x00000002   PAD
    0x0800e4c8   0x0800e4c8   0x00000048   Code   RO         7990    i.float_rounding    user_lib.o
    0x0800e510   0x0800e510   0x0000003c   Code   RO         8121    i.invSqrt           quaternionekf.o
    0x0800e54c   0x0800e54c   0x00000084   Code   RO           15    i.main              main.o
    0x0800e5d0   0x0800e5d0   0x0000000e   Code   RO         6493    i.makeFreeRtosPriority  cmsis_os.o
    0x0800e5de   0x0800e5de   0x00000018   Code   RO         6495    i.osDelay           cmsis_os.o
    0x0800e5f6   0x0800e5f6   0x0000000a   Code   RO         6498    i.osKernelStart     cmsis_os.o
    0x0800e600   0x0800e600   0x0000005e   Code   RO         6532    i.osThreadCreate    cmsis_os.o
    0x0800e65e   0x0800e65e   0x00000002   PAD
    0x0800e660   0x0800e660   0x00000044   Code   RO         7680    i.platform_trans    bsp_can.o
    0x0800e6a4   0x0800e6a4   0x000000a4   Code   RO         5961    i.prvAddCurrentTaskToDelayedList  tasks.o
    0x0800e748   0x0800e748   0x000000b4   Code   RO         5962    i.prvAddNewTaskToReadyList  tasks.o
    0x0800e7fc   0x0800e7fc   0x00000074   Code   RO         6325    i.prvCheckForValidListAndQueue  timers.o
    0x0800e870   0x0800e870   0x00000048   Code   RO         5963    i.prvCheckTasksWaitingTermination  tasks.o
    0x0800e8b8   0x0800e8b8   0x0000002a   Code   RO         5608    i.prvCopyDataFromQueue  queue.o
    0x0800e8e2   0x0800e8e2   0x0000007e   Code   RO         5609    i.prvCopyDataToQueue  queue.o
    0x0800e960   0x0800e960   0x00000050   Code   RO         5964    i.prvDeleteTCB      tasks.o
    0x0800e9b0   0x0800e9b0   0x00000028   Code   RO         6326    i.prvGetNextExpireTime  timers.o
    0x0800e9d8   0x0800e9d8   0x0000007c   Code   RO         6872    i.prvHeapInit       heap_4.o
    0x0800ea54   0x0800ea54   0x00000028   Code   RO         5965    i.prvIdleTask       tasks.o
    0x0800ea7c   0x0800ea7c   0x00000026   Code   RO         5612    i.prvInitialiseNewQueue  queue.o
    0x0800eaa2   0x0800eaa2   0x000000c2   Code   RO         5966    i.prvInitialiseNewTask  tasks.o
    0x0800eb64   0x0800eb64   0x00000068   Code   RO         5967    i.prvInitialiseTaskLists  tasks.o
    0x0800ebcc   0x0800ebcc   0x00000068   Code   RO         6873    i.prvInsertBlockIntoFreeList  heap_4.o
    0x0800ec34   0x0800ec34   0x00000058   Code   RO         6328    i.prvInsertTimerInActiveList  timers.o
    0x0800ec8c   0x0800ec8c   0x0000001a   Code   RO         5613    i.prvIsQueueEmpty   queue.o
    0x0800eca6   0x0800eca6   0x0000001e   Code   RO         5614    i.prvIsQueueFull    queue.o
    0x0800ecc4   0x0800ecc4   0x00000074   Code   RO         6329    i.prvProcessExpiredTimer  timers.o
    0x0800ed38   0x0800ed38   0x00000164   Code   RO         6330    i.prvProcessReceivedCommands  timers.o
    0x0800ee9c   0x0800ee9c   0x00000074   Code   RO         6331    i.prvProcessTimerOrBlockTask  timers.o
    0x0800ef10   0x0800ef10   0x00000034   Code   RO         5968    i.prvResetNextTaskUnblockTime  tasks.o
    0x0800ef44   0x0800ef44   0x0000002c   Code   RO         6332    i.prvSampleTimeNow  timers.o
    0x0800ef70   0x0800ef70   0x000000a4   Code   RO         6333    i.prvSwitchTimerLists  timers.o
    0x0800f014   0x0800f014   0x00000040   Code   RO         6928    i.prvTaskExitError  port.o
    0x0800f054   0x0800f054   0x0000001a   Code   RO         6334    i.prvTimerTask      timers.o
    0x0800f06e   0x0800f06e   0x0000007e   Code   RO         5615    i.prvUnlockQueue    queue.o
    0x0800f0ec   0x0800f0ec   0x0000014c   Code   RO         6874    i.pvPortMalloc      heap_4.o
    0x0800f238   0x0800f238   0x0000002c   Code   RO         6929    i.pxPortInitialiseStack  port.o
    0x0800f264   0x0800f264   0x0000003e   Code   RO         8879    i.sqrtf             m_wm.l(sqrtf.o)
    0x0800f2a2   0x0800f2a2   0x00000028   Code   RO         5568    i.uxListRemove      list.o
    0x0800f2ca   0x0800f2ca   0x00000002   PAD
    0x0800f2cc   0x0800f2cc   0x00000018   Code   RO          315    i.vApplicationGetIdleTaskMemory  freertos.o
    0x0800f2e4   0x0800f2e4   0x00000018   Code   RO          316    i.vApplicationGetTimerTaskMemory  freertos.o
    0x0800f2fc   0x0800f2fc   0x0000001a   Code   RO         5569    i.vListInitialise   list.o
    0x0800f316   0x0800f316   0x00000006   Code   RO         5570    i.vListInitialiseItem  list.o
    0x0800f31c   0x0800f31c   0x00000034   Code   RO         5571    i.vListInsert       list.o
    0x0800f350   0x0800f350   0x00000018   Code   RO         5572    i.vListInsertEnd    list.o
    0x0800f368   0x0800f368   0x00000054   Code   RO         6931    i.vPortEnterCritical  port.o
    0x0800f3bc   0x0800f3bc   0x0000003c   Code   RO         6932    i.vPortExitCritical  port.o
    0x0800f3f8   0x0800f3f8   0x000000a4   Code   RO         6875    i.vPortFree         heap_4.o
    0x0800f49c   0x0800f49c   0x00000028   Code   RO         6933    i.vPortSetupTimerInterrupt  port.o
    0x0800f4c4   0x0800f4c4   0x00000078   Code   RO         6934    i.vPortValidateInterruptPriority  port.o
    0x0800f53c   0x0800f53c   0x0000002c   Code   RO         5619    i.vQueueAddToRegistry  queue.o
    0x0800f568   0x0800f568   0x0000004a   Code   RO         5622    i.vQueueWaitForMessageRestricted  queue.o
    0x0800f5b2   0x0800f5b2   0x00000002   PAD
    0x0800f5b4   0x0800f5b4   0x0000005c   Code   RO         5980    i.vTaskDelay        tasks.o
    0x0800f610   0x0800f610   0x00000018   Code   RO         5984    i.vTaskInternalSetTimeOutState  tasks.o
    0x0800f628   0x0800f628   0x0000000c   Code   RO         5985    i.vTaskMissedYield  tasks.o
    0x0800f634   0x0800f634   0x00000038   Code   RO         5987    i.vTaskPlaceOnEventList  tasks.o
    0x0800f66c   0x0800f66c   0x00000040   Code   RO         5988    i.vTaskPlaceOnEventListRestricted  tasks.o
    0x0800f6ac   0x0800f6ac   0x000000b8   Code   RO         5995    i.vTaskStartScheduler  tasks.o
    0x0800f764   0x0800f764   0x00000010   Code   RO         5997    i.vTaskSuspendAll   tasks.o
    0x0800f774   0x0800f774   0x0000008c   Code   RO         5998    i.vTaskSwitchContext  tasks.o
    0x0800f800   0x0800f800   0x00000168   Code   RO         6935    i.xPortStartScheduler  port.o
    0x0800f968   0x0800f968   0x00000034   Code   RO         6936    i.xPortSysTickHandler  port.o
    0x0800f99c   0x0800f99c   0x000000e0   Code   RO         5626    i.xQueueGenericCreateStatic  queue.o
    0x0800fa7c   0x0800fa7c   0x00000098   Code   RO         5627    i.xQueueGenericReset  queue.o
    0x0800fb14   0x0800fb14   0x000001a8   Code   RO         5628    i.xQueueGenericSend  queue.o
    0x0800fcbc   0x0800fcbc   0x000000fc   Code   RO         5629    i.xQueueGenericSendFromISR  queue.o
    0x0800fdb8   0x0800fdb8   0x00000168   Code   RO         5637    i.xQueueReceive     queue.o
    0x0800ff20   0x0800ff20   0x000000a8   Code   RO         6001    i.xTaskCheckForTimeOut  tasks.o
    0x0800ffc8   0x0800ffc8   0x00000064   Code   RO         6002    i.xTaskCreate       tasks.o
    0x0801002c   0x0801002c   0x000000ba   Code   RO         6003    i.xTaskCreateStatic  tasks.o
    0x080100e6   0x080100e6   0x00000002   PAD
    0x080100e8   0x080100e8   0x00000020   Code   RO         6008    i.xTaskGetSchedulerState  tasks.o
    0x08010108   0x08010108   0x0000000c   Code   RO         6009    i.xTaskGetTickCount  tasks.o
    0x08010114   0x08010114   0x00000148   Code   RO         6011    i.xTaskIncrementTick  tasks.o
    0x0801025c   0x0801025c   0x000000c8   Code   RO         6014    i.xTaskPriorityDisinherit  tasks.o
    0x08010324   0x08010324   0x00000098   Code   RO         6016    i.xTaskRemoveFromEventList  tasks.o
    0x080103bc   0x080103bc   0x00000104   Code   RO         6017    i.xTaskResumeAll    tasks.o
    0x080104c0   0x080104c0   0x00000078   Code   RO         6341    i.xTimerCreateTimerTask  timers.o
    0x08010538   0x08010538   0x00000084   Code   RO         6342    i.xTimerGenericCommand  timers.o
    0x080105bc   0x080105bc   0x00000018   Code   RO         8737    x$fpl$basic         fz_wm.l(basic.o)
    0x080105d4   0x080105d4   0x00000062   Code   RO         8739    x$fpl$d2f           fz_wm.l(d2f.o)
    0x08010636   0x08010636   0x00000002   PAD
    0x08010638   0x08010638   0x00000150   Code   RO         8741    x$fpl$dadd          fz_wm.l(daddsub_clz.o)
    0x08010788   0x08010788   0x000002b0   Code   RO         8748    x$fpl$ddiv          fz_wm.l(ddiv.o)
    0x08010a38   0x08010a38   0x0000005e   Code   RO         8751    x$fpl$dfix          fz_wm.l(dfix.o)
    0x08010a96   0x08010a96   0x0000002e   Code   RO         8756    x$fpl$dflt          fz_wm.l(dflt_clz.o)
    0x08010ac4   0x08010ac4   0x00000026   Code   RO         8755    x$fpl$dfltu         fz_wm.l(dflt_clz.o)
    0x08010aea   0x08010aea   0x00000002   PAD
    0x08010aec   0x08010aec   0x00000154   Code   RO         8761    x$fpl$dmul          fz_wm.l(dmul.o)
    0x08010c40   0x08010c40   0x0000009c   Code   RO         8980    x$fpl$dnaninf       fz_wm.l(dnaninf.o)
    0x08010cdc   0x08010cdc   0x0000000c   Code   RO         8982    x$fpl$dretinf       fz_wm.l(dretinf.o)
    0x08010ce8   0x08010ce8   0x00000016   Code   RO         8742    x$fpl$drsb          fz_wm.l(daddsub_clz.o)
    0x08010cfe   0x08010cfe   0x00000002   PAD
    0x08010d00   0x08010d00   0x000001d4   Code   RO         8743    x$fpl$dsub          fz_wm.l(daddsub_clz.o)
    0x08010ed4   0x08010ed4   0x00000056   Code   RO         8763    x$fpl$f2d           fz_wm.l(f2d.o)
    0x08010f2a   0x08010f2a   0x00000012   Code   RO         8765    x$fpl$fadd          fz_wm.l(faddsub_clz.o)
    0x08010f3c   0x08010f3c   0x00000054   Code   RO         8771    x$fpl$fcmp          fz_wm.l(fcmp.o)
    0x08010f90   0x08010f90   0x00000018   Code   RO         9090    x$fpl$fcmpinf       fz_wm.l(fcmpi.o)
    0x08010fa8   0x08010fa8   0x00000012   Code   RO         8773    x$fpl$fdiv          fz_wm.l(fdiv.o)
    0x08010fba   0x08010fba   0x00000002   PAD
    0x08010fbc   0x08010fbc   0x00000030   Code   RO         8986    x$fpl$feqf          fz_wm.l(feqf.o)
    0x08010fec   0x08010fec   0x00000030   Code   RO         8988    x$fpl$fgeqf         fz_wm.l(fgeqf.o)
    0x0801101c   0x0801101c   0x00000030   Code   RO         8990    x$fpl$fleqf         fz_wm.l(fleqf.o)
    0x0801104c   0x0801104c   0x00000012   Code   RO         8789    x$fpl$fmul          fz_wm.l(fmul.o)
    0x0801105e   0x0801105e   0x0000008c   Code   RO         8992    x$fpl$fnaninf       fz_wm.l(fnaninf.o)
    0x080110ea   0x080110ea   0x0000000a   Code   RO         9092    x$fpl$fpinit        fz_wm.l(fpinit.o)
    0x080110f4   0x080110f4   0x0000000a   Code   RO         8994    x$fpl$fretinf       fz_wm.l(fretinf.o)
    0x080110fe   0x080110fe   0x00000012   Code   RO         8766    x$fpl$fsub          fz_wm.l(faddsub_clz.o)
    0x08011110   0x08011110   0x00000000   Code   RO         8996    x$fpl$usenofp       fz_wm.l(usenofp.o)
    0x08011110   0x08011110   0x0000001c   Data   RO          318    .constdata          freertos.o
    0x0801112c   0x0801112c   0x00000008   Data   RO         2370    .constdata          stm32f4xx_hal_dma.o
    0x08011134   0x08011134   0x00000018   Data   RO         5432    .constdata          system_stm32f4xx.o
    0x0801114c   0x0801114c   0x00000030   Data   RO         7447    .constdata          ins_task.o
    0x0801117c   0x0801117c   0x00000090   Data   RO         8123    .constdata          quaternionekf.o
    0x0801120c   0x0801120c   0x00000004   PAD
    0x08011210   0x08011210   0x00000030   Data   RO         8998    .constdata          m_wm.l(cos_i.o)
    0x08011240   0x08011240   0x000000c8   Data   RO         9035    .constdata          m_wm.l(rred.o)
    0x08011308   0x08011308   0x00000028   Data   RO         9039    .constdata          m_wm.l(sin_i.o)
    0x08011330   0x08011330   0x0000000c   Data   RO          319    .conststring        freertos.o
    0x0801133c   0x0801133c   0x00000020   Data   RO         9189    Region$$Table       anon$$obj.o


    Execution Region RW_IRAM1 (Exec base: 0x20000000, Load base: 0x0801135c, Size: 0x0000dfc0, Max: 0x0001c000, ABSOLUTE, COMPRESSED[0x0000016c])

    Exec Addr    Load Addr    Size         Type   Attr      Idx    E Section Name        Object

    0x20000000   COMPRESSED   0x00000010   Data   RW          320    .data               freertos.o
    0x20000010   COMPRESSED   0x00000004   Data   RW          403    .data               can.o
    0x20000014   COMPRESSED   0x0000004e   Data   RW          911    .data               usbd_desc.o
    0x20000062   COMPRESSED   0x00000002   PAD
    0x20000064   COMPRESSED   0x00000014   Data   RW          998    .data               usbd_cdc_if.o
    0x20000078   COMPRESSED   0x00000009   Data   RW         2802    .data               stm32f4xx_hal.o
    0x20000081   COMPRESSED   0x00000003   PAD
    0x20000084   COMPRESSED   0x00000004   Data   RW         5433    .data               system_stm32f4xx.o
    0x20000088   COMPRESSED   0x0000003c   Data   RW         6020    .data               tasks.o
    0x200000c4   COMPRESSED   0x00000014   Data   RW         6350    .data               timers.o
    0x200000d8   COMPRESSED   0x00000020   Data   RW         6881    .data               heap_4.o
    0x200000f8   COMPRESSED   0x0000000c   Data   RW         6937    .data               port.o
    0x20000104   COMPRESSED   0x00000001   Data   RW         7184    .data               usbd_ctlreq.o
    0x20000105   COMPRESSED   0x00000003   PAD
    0x20000108   COMPRESSED   0x0000008a   Data   RW         7347    .data               usbd_cdc.o
    0x20000192   COMPRESSED   0x00000002   PAD
    0x20000194   COMPRESSED   0x00000048   Data   RW         7448    .data               ins_task.o
    0x200001dc   COMPRESSED   0x00000005   Data   RW         7610    .data               xbox_rx_task.o
    0x200001e1   COMPRESSED   0x00000003   PAD
    0x200001e4   COMPRESSED   0x0000000a   Data   RW         7644    .data               clamp_task.o
    0x200001ee   COMPRESSED   0x00000002   PAD
    0x200001f0   COMPRESSED   0x00000040   Data   RW         7730    .data               bsp_dwt.o
    0x20000230   COMPRESSED   0x00000004   Data   RW         7909    .data               kalman_filter.o
    0x20000234   COMPRESSED   0x00000018   Data   RW         7998    .data               user_lib.o
    0x2000024c   COMPRESSED   0x000000d4   Data   RW         8124    .data               quaternionekf.o
    0x20000320   COMPRESSED   0x00000270   Data   RW         8198    .data               controller.o
    0x20000590   COMPRESSED   0x00000048   Data   RW         8317    .data               bmi088driver.o
    0x200005d8   COMPRESSED   0x00000004   Data   RW         8394    .data               bmi088middleware.o
    0x200005dc        -       0x000006a8   Zero   RW          317    .bss                freertos.o
    0x20000c84        -       0x00000050   Zero   RW          402    .bss                can.o
    0x20000cd4        -       0x00000054   Zero   RW          474    .bss                i2c.o
    0x20000d28        -       0x00000118   Zero   RW          516    .bss                spi.o
    0x20000e40        -       0x000001b0   Zero   RW          564    .bss                tim.o
    0x20000ff0        -       0x0000012c   Zero   RW          638    .bss                usart.o
    0x2000111c        -       0x000002dc   Zero   RW          854    .bss                usb_device.o
    0x200013f8        -       0x00000200   Zero   RW          910    .bss                usbd_desc.o
    0x200015f8        -       0x00001000   Zero   RW          997    .bss                usbd_cdc_if.o
    0x200025f8        -       0x0000072c   Zero   RW         1079    .bss                usbd_conf.o
    0x20002d24        -       0x00000040   Zero   RW         5640    .bss                queue.o
    0x20002d64        -       0x000000f0   Zero   RW         6019    .bss                tasks.o
    0x20002e54        -       0x00000110   Zero   RW         6349    .bss                timers.o
    0x20002f64        -       0x00006000   Zero   RW         6880    .bss                heap_4.o
    0x20008f64        -       0x00000146   Zero   RW         7446    .bss                ins_task.o
    0x200090aa   COMPRESSED   0x00000002   PAD
    0x200090ac        -       0x000002a0   Zero   RW         7545    .bss                chassis_task.o
    0x2000934c        -       0x00000078   Zero   RW         7609    .bss                xbox_rx_task.o
    0x200093c4        -       0x00000243   Zero   RW         7828    .bss                motor_bsp.o
    0x20009607   COMPRESSED   0x00000001   PAD
    0x20009608        -       0x000005a0   Zero   RW         7908    .bss                kalman_filter.o
    0x20009ba8        -       0x00000360   Zero   RW         8122    .bss                quaternionekf.o
    0x20009f08        -       0x00000058   Zero   RW         8316    .bss                bmi088driver.o
    0x20009f60        -       0x00000060   Zero   RW         9047    .bss                c_w.l(libspace.o)
    0x20009fc0        -       0x00002000   Zero   RW            2    HEAP                startup_stm32f407xx.o
    0x2000bfc0        -       0x00002000   Zero   RW            1    STACK               startup_stm32f407xx.o


    Execution Region RW_IRAM2 (Exec base: 0x2001c000, Load base: 0x080114c8, Size: 0x00000000, Max: 0x00004000, ABSOLUTE)

    **** No section assigned to this execution region ****


==============================================================================

Image component sizes


      Code (inc. data)   RO Data    RW Data    ZI Data      Debug   Object Name

      3002        176          0         72         88      10194   bmi088driver.o
       116         30          0          4          0       3228   bmi088middleware.o
       248         30          0          0          0       2244   bsp_can.o
       580        112          0         64          0       4310   bsp_dwt.o
        58          0          0          0          0        830   bsp_pwm.o
        76         10          0          0          0        954   bsp_servo.o
       512         44          0          4         80       2414   can.o
      1784        172          0          0        672       5819   chassis_task.o
       124         22          0         10          0       1669   clamp_task.o
       142          0          0          0          0      22783   cmsis_os.o
      2252         38          0        624          0      11110   controller.o
       120          6          0          0          0        802   dma.o
         0          0          0          0          0      19648   event_groups.o
       238         96         40         16       1704      20787   freertos.o
       512         22          0          0          0       1243   gpio.o
       724         74          0         32      24576       4815   heap_4.o
       260         30          0          0         84       1693   i2c.o
      1636        128         48         72        326       8069   ins_task.o
      3316         68          0          4       1440       9230   kalman_filter.o
       148          0          0          0          0       3518   list.o
       318         20          0          0          0     768204   main.o
       392         36          0          0        579       2323   motor_bsp.o
      1014         92          0         12          0      11941   port.o
      4200        244        144        212        864       8319   quaternionekf.o
      1918         20          0          0         64      17220   queue.o
       416         38          0          0        280       1899   spi.o
        64         26        392          0      16384        832   startup_stm32f407xx.o
       212         36          0          9          0       9329   stm32f4xx_hal.o
      2134          6          0          0          0      14139   stm32f4xx_hal_can.o
       304         22          0          0          0      34399   stm32f4xx_hal_cortex.o
      1246         16          8          0          0       5311   stm32f4xx_hal_dma.o
       542         50          0          0          0       3276   stm32f4xx_hal_gpio.o
       464         18          0          0          0       2051   stm32f4xx_hal_i2c.o
        84          6          0          0          0        842   stm32f4xx_hal_msp.o
      3604         16          0          0          0      13684   stm32f4xx_hal_pcd.o
        90          0          0          0          0       2401   stm32f4xx_hal_pcd_ex.o
      1820         84          0          0          0       5564   stm32f4xx_hal_rcc.o
      1078         14          0          0          0       4625   stm32f4xx_hal_spi.o
      2382        142          0          0          0      16777   stm32f4xx_hal_tim.o
       300         30          0          0          0       3277   stm32f4xx_hal_tim_ex.o
      2056         14          0          0          0      10388   stm32f4xx_hal_uart.o
       226         54          0          0          0       9610   stm32f4xx_it.o
      4246         98          0          0          0      23387   stm32f4xx_ll_usb.o
         0          0          0          0          0        396   stream_buffer.o
        20          6         24          4          0       1103   system_stm32f4xx.o
      2912        354          0         60        240      27218   tasks.o
      1496        120          0          0        432       6223   tim.o
      1318        124          0         20        272      30423   timers.o
       644         70          0          0        300       3079   usart.o
        76         16          0          0        732       2567   usb_device.o
      1690         48          0        138          0      13331   usbd_cdc.o
       148         16          0         20       4096       3454   usbd_cdc_if.o
      1004         24          0          0       1836      17388   usbd_conf.o
      1346          0          0          0          0      16349   usbd_core.o
      2342         30          0          1          0      17704   usbd_ctlreq.o
       386        122          0         78        512       6797   usbd_desc.o
       174          0          0          0          0       4656   usbd_ioreq.o
       790         26          0         24          0       6511   user_lib.o
       124         20          0          5        120       2143   xbox_rx_task.o

    ----------------------------------------------------------------------
     59496       3116        692       1500      55684    1264500   Object Totals
         0          0         32          0          0          0   (incl. Generated)
        68          0          4         15          3          0   (incl. Padding)

    ----------------------------------------------------------------------

      Code (inc. data)   RO Data    RW Data    ZI Data      Debug   Library Member Name

       148          0          0          0          0       1719   arm_mat_add_f32.o
         8          0          0          0          0        841   arm_mat_init_f32.o
       732          0          0          0          0       3257   arm_mat_inverse_f32.o
       376          0          0          0          0       2510   arm_mat_mult_f32.o
       148          0          0          0          0       1719   arm_mat_sub_f32.o
       178          0          0          0          0       1815   arm_mat_trans_f32.o
        90          0          0          0          0          0   __dczerorl2.o
         8          0          0          0          0         68   __main.o
         0          0          0          0          0          0   __rtentry.o
        12          0          0          0          0          0   __rtentry2.o
         6          0          0          0          0          0   __rtentry4.o
        52          8          0          0          0          0   __scatter.o
        28          0          0          0          0          0   __scatter_zi.o
        22          0          0          0          0        100   _rserrno.o
        16          0          0          0          0         68   aeabi_memset.o
        10          0          0          0          0         68   defsig_exit.o
        50          0          0          0          0         88   defsig_general.o
        80         58          0          0          0         76   defsig_rtmem_inner.o
        14          0          0          0          0         80   defsig_rtmem_outer.o
        18          0          0          0          0         80   exit.o
        94          0          0          0          0         80   h1_alloc.o
        52          0          0          0          0         68   h1_extend.o
        78          0          0          0          0         80   h1_free.o
        14          0          0          0          0         84   h1_init.o
         6          0          0          0          0        152   heapauxi.o
         4          0          0          0          0        136   hguard.o
         0          0          0          0          0          0   indicate_semi.o
       138          0          0          0          0        168   init_alloc.o
         2          0          0          0          0          0   libinit.o
        14          0          0          0          0          0   libinit2.o
         2          0          0          0          0          0   libshutdown.o
         2          0          0          0          0          0   libshutdown2.o
         8          4          0          0         96         68   libspace.o
       238          0          0          0          0        100   lludivv7m.o
         0          0          0          0          0          0   maybetermalloc1.o
         8          4          0          0          0         68   rt_errno_addr_intlibspace.o
         8          4          0          0          0         68   rt_heap_descriptor_intlibspace.o
        68          0          0          0          0         68   rt_memclr.o
        78          0          0          0          0         80   rt_memclr_w.o
       138          0          0          0          0         68   rt_memcpy_v6.o
       100          0          0          0          0         80   rt_memcpy_w.o
         2          0          0          0          0          0   rtexit.o
        10          0          0          0          0          0   rtexit2.o
        12          4          0          0          0         68   sys_exit.o
        74          0          0          0          0         80   sys_stackheap_outer.o
        14          0          0          0          0         76   sys_wrch.o
         2          0          0          0          0         68   use_no_semi.o
        24          0          0          0          0        164   basic.o
        98          4          0          0          0        140   d2f.o
       826         16          0          0          0        492   daddsub_clz.o
       688        140          0          0          0        256   ddiv.o
        94          4          0          0          0        140   dfix.o
        84          0          0          0          0        232   dflt_clz.o
       340         12          0          0          0        152   dmul.o
       156          4          0          0          0        140   dnaninf.o
        12          0          0          0          0        116   dretinf.o
        86          4          0          0          0        132   f2d.o
        36          0          0          0          0        232   faddsub_clz.o
        84          0          0          0          0        244   fcmp.o
        24          0          0          0          0        116   fcmpi.o
        18          0          0          0          0        116   fdiv.o
        48          4          0          0          0        132   feqf.o
        48          4          0          0          0        132   fgeqf.o
        48          4          0          0          0        132   fleqf.o
        18          0          0          0          0        116   fmul.o
       140          4          0          0          0        132   fnaninf.o
        10          0          0          0          0        116   fpinit.o
        10          0          0          0          0        116   fretinf.o
         0          0          0          0          0          0   usenofp.o
       280         46          0          0          0        176   acosf.o
       300         42          0          0          0        176   asinf.o
       592         90          0          0          0        184   atan2f.o
       200         20          0          0          0        164   cos.o
       368         46         48          0          0        200   cos_i.o
        84         16          0          0          0        372   dunder.o
        24          0          0          0          0        124   fabs.o
        48          0          0          0          0        124   fpclassify.o
        38          0          0          0          0        116   fpclassifyf.o
        44         12          0          0          0        464   funder.o
       248          0          0          0          0        152   poly.o
      1080        142        200          0          0        188   rred.o
       200         20          0          0          0        164   sin.o
       304         24         40          0          0        208   sin_i.o
       120          0          0          0          0        272   sqrtf.o

    ----------------------------------------------------------------------
     10016        740        288          0         96      20781   Library Totals
        32          0          0          0          0          0   (incl. Padding)

    ----------------------------------------------------------------------

      Code (inc. data)   RO Data    RW Data    ZI Data      Debug   Library Name

      1590          0          0          0          0      11861   arm_cortexM4l_math.lib
      1572         82          0          0         96       2288   c_w.l
      2892        200          0          0          0       3548   fz_wm.l
      3930        458        288          0          0       3084   m_wm.l

    ----------------------------------------------------------------------
     10016        740        288          0         96      20781   Library Totals

    ----------------------------------------------------------------------

==============================================================================


      Code (inc. data)   RO Data    RW Data    ZI Data      Debug   

     69512       3856        980       1500      55780    1237353   Grand Totals
     69512       3856        980        364      55780    1237353   ELF Image Totals (compressed)
     69512       3856        980        364          0          0   ROM Totals

==============================================================================

    Total RO  Size (Code + RO Data)                70492 (  68.84kB)
    Total RW  Size (RW Data + ZI Data)             57280 (  55.94kB)
    Total ROM Size (Code + RO Data + RW Data)      70856 (  69.20kB)

==============================================================================

